Archive member included because of file (symbol)

/home/artsin/bin/SystemWorkbench/plugins/fr.ac6.mcu.externaltools.arm-none.linux64_1.3.0.201507241112/tools/compiler/bin/../lib/gcc/arm-none-eabi/4.9.3/../../../../arm-none-eabi/lib/armv7-m/libc_nano.a(lib_a-exit.o)
                              /home/artsin/bin/SystemWorkbench/plugins/fr.ac6.mcu.externaltools.arm-none.linux64_1.3.0.201507241112/tools/compiler/bin/../lib/gcc/arm-none-eabi/4.9.3/../../../../arm-none-eabi/lib/armv7-m/crt0.o (exit)
/home/artsin/bin/SystemWorkbench/plugins/fr.ac6.mcu.externaltools.arm-none.linux64_1.3.0.201507241112/tools/compiler/bin/../lib/gcc/arm-none-eabi/4.9.3/../../../../arm-none-eabi/lib/armv7-m/libc_nano.a(lib_a-impure.o)
                              /home/artsin/bin/SystemWorkbench/plugins/fr.ac6.mcu.externaltools.arm-none.linux64_1.3.0.201507241112/tools/compiler/bin/../lib/gcc/arm-none-eabi/4.9.3/../../../../arm-none-eabi/lib/armv7-m/libc_nano.a(lib_a-exit.o) (_global_impure_ptr)
/home/artsin/bin/SystemWorkbench/plugins/fr.ac6.mcu.externaltools.arm-none.linux64_1.3.0.201507241112/tools/compiler/bin/../lib/gcc/arm-none-eabi/4.9.3/../../../../arm-none-eabi/lib/armv7-m/libc_nano.a(lib_a-init.o)
                              /home/artsin/bin/SystemWorkbench/plugins/fr.ac6.mcu.externaltools.arm-none.linux64_1.3.0.201507241112/tools/compiler/bin/../lib/gcc/arm-none-eabi/4.9.3/../../../../arm-none-eabi/lib/armv7-m/crt0.o (__libc_init_array)
/home/artsin/bin/SystemWorkbench/plugins/fr.ac6.mcu.externaltools.arm-none.linux64_1.3.0.201507241112/tools/compiler/bin/../lib/gcc/arm-none-eabi/4.9.3/../../../../arm-none-eabi/lib/armv7-m/libc_nano.a(lib_a-memcpy.o)
                              Middlewares/FreeRTOS/queue.o (memcpy)
/home/artsin/bin/SystemWorkbench/plugins/fr.ac6.mcu.externaltools.arm-none.linux64_1.3.0.201507241112/tools/compiler/bin/../lib/gcc/arm-none-eabi/4.9.3/../../../../arm-none-eabi/lib/armv7-m/libc_nano.a(lib_a-memset.o)
                              /home/artsin/bin/SystemWorkbench/plugins/fr.ac6.mcu.externaltools.arm-none.linux64_1.3.0.201507241112/tools/compiler/bin/../lib/gcc/arm-none-eabi/4.9.3/../../../../arm-none-eabi/lib/armv7-m/crt0.o (memset)
/home/artsin/bin/SystemWorkbench/plugins/fr.ac6.mcu.externaltools.arm-none.linux64_1.3.0.201507241112/tools/compiler/bin/../lib/gcc/arm-none-eabi/4.9.3/../../../../arm-none-eabi/lib/armv7-m/libc_nano.a(lib_a-sprintf.o)
                              Application/User/gui.o (sprintf)
/home/artsin/bin/SystemWorkbench/plugins/fr.ac6.mcu.externaltools.arm-none.linux64_1.3.0.201507241112/tools/compiler/bin/../lib/gcc/arm-none-eabi/4.9.3/../../../../arm-none-eabi/lib/armv7-m/libc_nano.a(lib_a-nano-svfprintf.o)
                              /home/artsin/bin/SystemWorkbench/plugins/fr.ac6.mcu.externaltools.arm-none.linux64_1.3.0.201507241112/tools/compiler/bin/../lib/gcc/arm-none-eabi/4.9.3/../../../../arm-none-eabi/lib/armv7-m/libc_nano.a(lib_a-sprintf.o) (_svfprintf_r)
/home/artsin/bin/SystemWorkbench/plugins/fr.ac6.mcu.externaltools.arm-none.linux64_1.3.0.201507241112/tools/compiler/bin/../lib/gcc/arm-none-eabi/4.9.3/../../../../arm-none-eabi/lib/armv7-m/libc_nano.a(lib_a-nano-vfprintf_i.o)
                              /home/artsin/bin/SystemWorkbench/plugins/fr.ac6.mcu.externaltools.arm-none.linux64_1.3.0.201507241112/tools/compiler/bin/../lib/gcc/arm-none-eabi/4.9.3/../../../../arm-none-eabi/lib/armv7-m/libc_nano.a(lib_a-nano-svfprintf.o) (_printf_i)
/home/artsin/bin/SystemWorkbench/plugins/fr.ac6.mcu.externaltools.arm-none.linux64_1.3.0.201507241112/tools/compiler/bin/../lib/gcc/arm-none-eabi/4.9.3/../../../../arm-none-eabi/lib/armv7-m/libc_nano.a(lib_a-memchr.o)
                              /home/artsin/bin/SystemWorkbench/plugins/fr.ac6.mcu.externaltools.arm-none.linux64_1.3.0.201507241112/tools/compiler/bin/../lib/gcc/arm-none-eabi/4.9.3/../../../../arm-none-eabi/lib/armv7-m/libc_nano.a(lib_a-nano-svfprintf.o) (memchr)
/home/artsin/bin/SystemWorkbench/plugins/fr.ac6.mcu.externaltools.arm-none.linux64_1.3.0.201507241112/tools/compiler/bin/../lib/gcc/arm-none-eabi/4.9.3/../../../../arm-none-eabi/lib/armv7-m/libc_nano.a(lib_a-memmove.o)
                              /home/artsin/bin/SystemWorkbench/plugins/fr.ac6.mcu.externaltools.arm-none.linux64_1.3.0.201507241112/tools/compiler/bin/../lib/gcc/arm-none-eabi/4.9.3/../../../../arm-none-eabi/lib/armv7-m/libc_nano.a(lib_a-nano-svfprintf.o) (memmove)
/home/artsin/bin/SystemWorkbench/plugins/fr.ac6.mcu.externaltools.arm-none.linux64_1.3.0.201507241112/tools/compiler/bin/../lib/gcc/arm-none-eabi/4.9.3/../../../../arm-none-eabi/lib/armv7-m/libc_nano.a(lib_a-nano-freer.o)
                              /home/artsin/bin/SystemWorkbench/plugins/fr.ac6.mcu.externaltools.arm-none.linux64_1.3.0.201507241112/tools/compiler/bin/../lib/gcc/arm-none-eabi/4.9.3/../../../../arm-none-eabi/lib/armv7-m/libc_nano.a(lib_a-nano-svfprintf.o) (_free_r)
[...]
Memory Configuration

Name             Origin             Length             Attributes
FLASH            0x08000000         0x00010000         xr
RAM              0x20000000         0x00005000         xrw
*default*        0x00000000         0xffffffff

Linker script and memory map

LOAD /home/artsin/bin/SystemWorkbench/plugins/fr.ac6.mcu.externaltools.arm-none.linux64_1.3.0.201507241112/tools/compiler/bin/../lib/gcc/arm-none-eabi/4.9.3/armv7-m/crti.o
LOAD /home/artsin/bin/SystemWorkbench/plugins/fr.ac6.mcu.externaltools.arm-none.linux64_1.3.0.201507241112/tools/compiler/bin/../lib/gcc/arm-none-eabi/4.9.3/armv7-m/crtbegin.o
LOAD /home/artsin/bin/SystemWorkbench/plugins/fr.ac6.mcu.externaltools.arm-none.linux64_1.3.0.201507241112/tools/compiler/bin/../lib/gcc/arm-none-eabi/4.9.3/../../../../arm-none-eabi/lib/armv7-m/crt0.o
LOAD /home/artsin/bin/SystemWorkbench/plugins/fr.ac6.mcu.externaltools.arm-none.linux64_1.3.0.201507241112/tools/compiler/bin/../lib/gcc/arm-none-eabi/4.9.3/../../../../arm-none-eabi/lib/armv7-m/libm.a
LOAD Middlewares/FreeRTOS/cmsis_os.o
LOAD Middlewares/FreeRTOS/croutine.o
LOAD Middlewares/FreeRTOS/event_groups.o
LOAD Middlewares/FreeRTOS/heap_4.o
LOAD Middlewares/FreeRTOS/list.o
LOAD Middlewares/FreeRTOS/port.o
LOAD Middlewares/FreeRTOS/queue.o
LOAD Middlewares/FreeRTOS/tasks.o
LOAD Middlewares/FreeRTOS/timers.o
LOAD Drivers/u8glib/src/u8g_arm.o
LOAD Drivers/u8glib/src/u8g_bitmap.o
LOAD Drivers/u8glib/src/u8g_circle.o
LOAD Drivers/u8glib/src/u8g_clip.o
LOAD Drivers/u8glib/src/u8g_com_api.o
LOAD Drivers/u8glib/src/u8g_com_api_16gr.o
LOAD Drivers/u8glib/src/u8g_com_i2c.o
LOAD Drivers/u8glib/src/u8g_com_io.o
LOAD Drivers/u8glib/src/u8g_com_msp430_hw_spi.o
LOAD Drivers/u8glib/src/u8g_com_null.o
LOAD Drivers/u8glib/src/u8g_com_raspberrypi_hw_spi.o
LOAD Drivers/u8glib/src/u8g_com_raspberrypi_ssd_i2c.o
LOAD Drivers/u8glib/src/u8g_com_std_sw_spi.o
LOAD Drivers/u8glib/src/u8g_cursor.o
LOAD Drivers/u8glib/src/u8g_delay.o
LOAD Drivers/u8glib/src/u8g_dev_a2_micro_printer.o
LOAD Drivers/u8glib/src/u8g_dev_flipdisc_2x7.o
LOAD Drivers/u8glib/src/u8g_dev_gprof.o
LOAD Drivers/u8glib/src/u8g_dev_ht1632.o
LOAD Drivers/u8glib/src/u8g_dev_ili9325d_320x240.o
LOAD Drivers/u8glib/src/u8g_dev_ks0108_128x64.o
LOAD Drivers/u8glib/src/u8g_dev_lc7981_160x80.o
LOAD Drivers/u8glib/src/u8g_dev_lc7981_240x128.o
LOAD Drivers/u8glib/src/u8g_dev_lc7981_240x64.o
LOAD Drivers/u8glib/src/u8g_dev_lc7981_320x64.o
LOAD Drivers/u8glib/src/u8g_dev_ld7032_60x32.o
LOAD Drivers/u8glib/src/u8g_dev_null.o
LOAD Drivers/u8glib/src/u8g_dev_pcd8544_84x48.o
LOAD Drivers/u8glib/src/u8g_dev_pcf8812_96x65.o
LOAD Drivers/u8glib/src/u8g_dev_sbn1661_122x32.o
LOAD Drivers/u8glib/src/u8g_dev_ssd1306_128x32.o
LOAD Drivers/u8glib/src/u8g_dev_ssd1306_128x64.o
LOAD Drivers/u8glib/src/u8g_dev_ssd1306_64x48.o
LOAD Drivers/u8glib/src/u8g_dev_ssd1309_128x64.o
LOAD Drivers/u8glib/src/u8g_dev_ssd1322_nhd31oled_bw.o
LOAD Drivers/u8glib/src/u8g_dev_ssd1322_nhd31oled_gr.o
LOAD Drivers/u8glib/src/u8g_dev_ssd1325_nhd27oled_bw.o
LOAD Drivers/u8glib/src/u8g_dev_ssd1325_nhd27oled_bw_new.o
LOAD Drivers/u8glib/src/u8g_dev_ssd1325_nhd27oled_gr.o
LOAD Drivers/u8glib/src/u8g_dev_ssd1325_nhd27oled_gr_new.o
LOAD Drivers/u8glib/src/u8g_dev_ssd1327_96x96_gr.o
LOAD Drivers/u8glib/src/u8g_dev_ssd1351_128x128.o
LOAD Drivers/u8glib/src/u8g_dev_ssd1353_160x128.o
LOAD Drivers/u8glib/src/u8g_dev_st7565_64128n.o
LOAD Drivers/u8glib/src/u8g_dev_st7565_dogm128.o
LOAD Drivers/u8glib/src/u8g_dev_st7565_dogm132.o
LOAD Drivers/u8glib/src/u8g_dev_st7565_lm6059.o
LOAD Drivers/u8glib/src/u8g_dev_st7565_lm6063.o
LOAD Drivers/u8glib/src/u8g_dev_st7565_nhd_c12832.o
LOAD Drivers/u8glib/src/u8g_dev_st7565_nhd_c12864.o
LOAD Drivers/u8glib/src/u8g_dev_st7687_c144mvgd.o
LOAD Drivers/u8glib/src/u8g_dev_st7920_128x64.o
LOAD Drivers/u8glib/src/u8g_dev_st7920_192x32.o
LOAD Drivers/u8glib/src/u8g_dev_st7920_202x32.o
LOAD Drivers/u8glib/src/u8g_dev_t6963_128x128.o
LOAD Drivers/u8glib/src/u8g_dev_t6963_128x64.o
LOAD Drivers/u8glib/src/u8g_dev_t6963_240x128.o
LOAD Drivers/u8glib/src/u8g_dev_t6963_240x64.o
LOAD Drivers/u8glib/src/u8g_dev_tls8204_84x48.o
LOAD Drivers/u8glib/src/u8g_dev_uc1601_c128032.o
LOAD Drivers/u8glib/src/u8g_dev_uc1608_240x128.o
LOAD Drivers/u8glib/src/u8g_dev_uc1608_240x64.o
LOAD Drivers/u8glib/src/u8g_dev_uc1610_dogxl160.o
LOAD Drivers/u8glib/src/u8g_dev_uc1611_dogm240.o
LOAD Drivers/u8glib/src/u8g_dev_uc1611_dogxl240.o
LOAD Drivers/u8glib/src/u8g_dev_uc1701_dogs102.o
LOAD Drivers/u8glib/src/u8g_dev_uc1701_mini12864.o
LOAD Drivers/u8glib/src/u8g_ellipse.o
LOAD Drivers/u8glib/src/u8g_font.o
LOAD Drivers/u8glib/src/u8g_font_data.o
LOAD Drivers/u8glib/src/u8g_line.o
LOAD Drivers/u8glib/src/u8g_ll_api.o
LOAD Drivers/u8glib/src/u8g_page.o
LOAD Drivers/u8glib/src/u8g_pb.o
LOAD Drivers/u8glib/src/u8g_pb14v1.o
LOAD Drivers/u8glib/src/u8g_pb16h1.o
LOAD Drivers/u8glib/src/u8g_pb16h2.o
LOAD Drivers/u8glib/src/u8g_pb16v1.o
LOAD Drivers/u8glib/src/u8g_pb16v2.o
LOAD Drivers/u8glib/src/u8g_pb32h1.o
LOAD Drivers/u8glib/src/u8g_pb8h1.o
LOAD Drivers/u8glib/src/u8g_pb8h1f.o
LOAD Drivers/u8glib/src/u8g_pb8h2.o
LOAD Drivers/u8glib/src/u8g_pb8h8.o
LOAD Drivers/u8glib/src/u8g_pb8v1.o
LOAD Drivers/u8glib/src/u8g_pb8v2.o
LOAD Drivers/u8glib/src/u8g_pbxh16.o
LOAD Drivers/u8glib/src/u8g_pbxh24.o
LOAD Drivers/u8glib/src/u8g_polygon.o
LOAD Drivers/u8glib/src/u8g_rect.o
LOAD Drivers/u8glib/src/u8g_rot.o
LOAD Drivers/u8glib/src/u8g_scale.o
LOAD Drivers/u8glib/src/u8g_state.o
LOAD Drivers/u8glib/src/u8g_u16toa.o
LOAD Drivers/u8glib/src/u8g_u8toa.o
LOAD Drivers/u8glib/src/u8g_virtual_screen.o
LOAD Drivers/STM32F1xx_HAL_Driver/stm32f1xx_hal.o
LOAD Drivers/STM32F1xx_HAL_Driver/stm32f1xx_hal_cortex.o
LOAD Drivers/STM32F1xx_HAL_Driver/stm32f1xx_hal_dma.o
LOAD Drivers/STM32F1xx_HAL_Driver/stm32f1xx_hal_flash.o
LOAD Drivers/STM32F1xx_HAL_Driver/stm32f1xx_hal_flash_ex.o
LOAD Drivers/STM32F1xx_HAL_Driver/stm32f1xx_hal_gpio.o
LOAD Drivers/STM32F1xx_HAL_Driver/stm32f1xx_hal_pwr.o
LOAD Drivers/STM32F1xx_HAL_Driver/stm32f1xx_hal_rcc.o
LOAD Drivers/STM32F1xx_HAL_Driver/stm32f1xx_hal_rcc_ex.o
LOAD Drivers/STM32F1xx_HAL_Driver/stm32f1xx_hal_rtc.o
LOAD Drivers/STM32F1xx_HAL_Driver/stm32f1xx_hal_rtc_ex.o
LOAD Drivers/STM32F1xx_HAL_Driver/stm32f1xx_hal_spi.o
LOAD Drivers/STM32F1xx_HAL_Driver/stm32f1xx_hal_spi_ex.o
LOAD Drivers/STM32F1xx_HAL_Driver/stm32f1xx_hal_tim.o
LOAD Drivers/STM32F1xx_HAL_Driver/stm32f1xx_hal_tim_ex.o
LOAD Drivers/CMSIS/system_stm32f1xx.o
LOAD Application/User/freertos.o
LOAD Application/User/gui.o
LOAD Application/User/main.o
LOAD Application/User/motor_control.o
LOAD Application/User/stm32f1xx_hal_msp.o
LOAD Application/User/stm32f1xx_it.o
LOAD Application/SW4STM32/startup_stm32f103xb.o
START GROUP
LOAD /home/artsin/bin/SystemWorkbench/plugins/fr.ac6.mcu.externaltools.arm-none.linux64_1.3.0.201507241112/tools/compiler/bin/../lib/gcc/arm-none-eabi/4.9.3/armv7-m/libgcc.a
LOAD /home/artsin/bin/SystemWorkbench/plugins/fr.ac6.mcu.externaltools.arm-none.linux64_1.3.0.201507241112/tools/compiler/bin/../lib/gcc/arm-none-eabi/4.9.3/../../../../arm-none-eabi/lib/armv7-m/libc_nano.a
END GROUP
START GROUP
LOAD /home/artsin/bin/SystemWorkbench/plugins/fr.ac6.mcu.externaltools.arm-none.linux64_1.3.0.201507241112/tools/compiler/bin/../lib/gcc/arm-none-eabi/4.9.3/armv7-m/libgcc.a
LOAD /home/artsin/bin/SystemWorkbench/plugins/fr.ac6.mcu.externaltools.arm-none.linux64_1.3.0.201507241112/tools/compiler/bin/../lib/gcc/arm-none-eabi/4.9.3/../../../../arm-none-eabi/lib/armv7-m/libc_nano.a
LOAD /home/artsin/bin/SystemWorkbench/plugins/fr.ac6.mcu.externaltools.arm-none.linux64_1.3.0.201507241112/tools/compiler/bin/../lib/gcc/arm-none-eabi/4.9.3/../../../../arm-none-eabi/lib/armv7-m/libnosys.a
END GROUP
START GROUP
LOAD /home/artsin/bin/SystemWorkbench/plugins/fr.ac6.mcu.externaltools.arm-none.linux64_1.3.0.201507241112/tools/compiler/bin/../lib/gcc/arm-none-eabi/4.9.3/armv7-m/libgcc.a
LOAD /home/artsin/bin/SystemWorkbench/plugins/fr.ac6.mcu.externaltools.arm-none.linux64_1.3.0.201507241112/tools/compiler/bin/../lib/gcc/arm-none-eabi/4.9.3/../../../../arm-none-eabi/lib/armv7-m/libc_nano.a
LOAD /home/artsin/bin/SystemWorkbench/plugins/fr.ac6.mcu.externaltools.arm-none.linux64_1.3.0.201507241112/tools/compiler/bin/../lib/gcc/arm-none-eabi/4.9.3/../../../../arm-none-eabi/lib/armv7-m/libnosys.a
END GROUP
LOAD /home/artsin/bin/SystemWorkbench/plugins/fr.ac6.mcu.externaltools.arm-none.linux64_1.3.0.201507241112/tools/compiler/bin/../lib/gcc/arm-none-eabi/4.9.3/armv7-m/crtend.o
LOAD /home/artsin/bin/SystemWorkbench/plugins/fr.ac6.mcu.externaltools.arm-none.linux64_1.3.0.201507241112/tools/compiler/bin/../lib/gcc/arm-none-eabi/4.9.3/armv7-m/crtn.o
                0x20005000                _estack = 0x20005000
                0x00000400                _Min_Heap_Size = 0x400
                0x00000200                _Min_Stack_Size = 0x200

.isr_vector     0x08000000      0x10c
                0x08000000                . = ALIGN (0x4)
 *(.isr_vector)
 .isr_vector    0x08000000      0x10c Application/SW4STM32/startup_stm32f103xb.o
                0x08000000                g_pfnVectors
                0x0800010c                . = ALIGN (0x4)

.text           0x0800010c     0x85dc
                0x0800010c                . = ALIGN (0x4)
 *(.text)
 .text          0x0800010c       0x5c /home/artsin/bin/SystemWorkbench/plugins/fr.ac6.mcu.externaltools.arm-none.linux64_1.3.0.201507241112/tools/compiler/bin/../lib/gcc/arm-none-eabi/4.9.3/armv7-m/crtbegin.o
 *(.text*)
 .text.makeFreeRtosPriority
                0x08000168       0x30 Middlewares/FreeRTOS/cmsis_os.o
 .text.osKernelStart
                0x08000198       0x10 Middlewares/FreeRTOS/cmsis_os.o
                0x08000198                osKernelStart
 .text.osThreadCreate
                0x080001a8       0x58 Middlewares/FreeRTOS/cmsis_os.o
                0x080001a8                osThreadCreate
 .text.osDelay  0x08000200       0x28 Middlewares/FreeRTOS/cmsis_os.o
                0x08000200                osDelay
 .text.osMessageCreate
                0x08000228       0x28 Middlewares/FreeRTOS/cmsis_os.o
                0x08000228                osMessageCreate
 .text.osSystickHandler
                0x08000250       0x14 Middlewares/FreeRTOS/cmsis_os.o
                0x08000250                osSystickHandler
 .text.pvPortMalloc
                0x08000264      0x158 Middlewares/FreeRTOS/heap_4.o
                0x08000264                pvPortMalloc
 .text.vPortFree
                0x080003bc       0x94 Middlewares/FreeRTOS/heap_4.o
                0x080003bc                vPortFree
 .text.prvHeapInit
                0x08000450       0xc4 Middlewares/FreeRTOS/heap_4.o
 .text.prvInsertBlockIntoFreeList
                0x08000514       0xb0 Middlewares/FreeRTOS/heap_4.o
 .text.vListInitialise
                0x080005c4       0x40 Middlewares/FreeRTOS/list.o
                0x080005c4                vListInitialise
 .text.vListInitialiseItem
                0x08000604       0x18 Middlewares/FreeRTOS/list.o
                0x08000604                vListInitialiseItem
 .text.vListInsertEnd
                0x0800061c       0x48 Middlewares/FreeRTOS/list.o
                0x0800061c                vListInsertEnd
 .text.vListInsert
                0x08000664       0x70 Middlewares/FreeRTOS/list.o
                0x08000664                vListInsert
 .text.uxListRemove
                0x080006d4       0x54 Middlewares/FreeRTOS/list.o
                0x080006d4                uxListRemove
 .text.pxPortInitialiseStack
                0x08000728       0x58 Middlewares/FreeRTOS/port.o
                0x08000728                pxPortInitialiseStack
 .text.prvTaskExitError
                0x08000780       0x20 Middlewares/FreeRTOS/port.o
 .text.SVC_Handler
                0x080007a0       0x24 Middlewares/FreeRTOS/port.o
                0x080007a0                SVC_Handler
 .text.prvPortStartFirstTask
                0x080007c4       0x20 Middlewares/FreeRTOS/port.o
 .text.xPortStartScheduler
                0x080007e4       0xbc Middlewares/FreeRTOS/port.o
                0x080007e4                xPortStartScheduler
 .text.vPortYield
                0x080008a0       0x20 Middlewares/FreeRTOS/port.o
                0x080008a0                vPortYield
 .text.vPortEnterCritical
                0x080008c0       0x3c Middlewares/FreeRTOS/port.o
                0x080008c0                vPortEnterCritical
 .text.vPortExitCritical
                0x080008fc       0x30 Middlewares/FreeRTOS/port.o
                0x080008fc                vPortExitCritical
 .text.ulPortSetInterruptMask
                0x0800092c       0x14 Middlewares/FreeRTOS/port.o
                0x0800092c                ulPortSetInterruptMask
 .text.vPortClearInterruptMask
                0x08000940        0x8 Middlewares/FreeRTOS/port.o
                0x08000940                vPortClearInterruptMask
 .text.PendSV_Handler
                0x08000948       0x44 Middlewares/FreeRTOS/port.o
                0x08000948                PendSV_Handler
 .text.xPortSysTickHandler
                0x0800098c       0x28 Middlewares/FreeRTOS/port.o
                0x0800098c                xPortSysTickHandler
 .text.vPortSetupTimerInterrupt
                0x080009b4       0x34 Middlewares/FreeRTOS/port.o
                0x080009b4                vPortSetupTimerInterrupt
 .text.xQueueGenericReset
                0x080009e8       0xb0 Middlewares/FreeRTOS/queue.o
                0x080009e8                xQueueGenericReset
 .text.xQueueGenericCreate
                0x08000a98       0x9c Middlewares/FreeRTOS/queue.o
                0x08000a98                xQueueGenericCreate
 .text.xQueueGenericSend
                0x08000b34      0x18c Middlewares/FreeRTOS/queue.o
                0x08000b34                xQueueGenericSend
 .text.xQueueGenericReceive
                0x08000cc0      0x1bc Middlewares/FreeRTOS/queue.o
                0x08000cc0                xQueueGenericReceive
 .text.uxQueueMessagesWaiting
                0x08000e7c       0x2c Middlewares/FreeRTOS/queue.o
                0x08000e7c                uxQueueMessagesWaiting
 .text.prvCopyDataToQueue
                0x08000ea8       0xdc Middlewares/FreeRTOS/queue.o
 .text.prvCopyDataFromQueue
                0x08000f84       0x4c Middlewares/FreeRTOS/queue.o
 .text.prvUnlockQueue
                0x08000fd0       0x98 Middlewares/FreeRTOS/queue.o
 .text.prvIsQueueEmpty
                0x08001068       0x2c Middlewares/FreeRTOS/queue.o
 .text.prvIsQueueFull
                0x08001094       0x30 Middlewares/FreeRTOS/queue.o
 .text.xTaskGenericCreate
                0x080010c4      0x168 Middlewares/FreeRTOS/tasks.o
                0x080010c4                xTaskGenericCreate
 .text.vTaskDelay
                0x0800122c       0x84 Middlewares/FreeRTOS/tasks.o
                0x0800122c                vTaskDelay
 .text.vTaskStartScheduler
                0x080012b0       0x64 Middlewares/FreeRTOS/tasks.o
                0x080012b0                vTaskStartScheduler
 .text.vTaskSuspendAll
                0x08001314       0x1c Middlewares/FreeRTOS/tasks.o
                0x08001314                vTaskSuspendAll
 .text.xTaskResumeAll
                0x08001330      0x10c Middlewares/FreeRTOS/tasks.o
                0x08001330                xTaskResumeAll
 .text.xTaskIncrementTick
                0x0800143c      0x170 Middlewares/FreeRTOS/tasks.o
                0x0800143c                xTaskIncrementTick
 .text.vTaskSwitchContext
                0x080015ac       0xa0 Middlewares/FreeRTOS/tasks.o
                0x080015ac                vTaskSwitchContext
 .text.vTaskPlaceOnEventList
                0x0800164c       0x8c Middlewares/FreeRTOS/tasks.o
                0x0800164c                vTaskPlaceOnEventList
 .text.xTaskRemoveFromEventList
                0x080016d8       0xb8 Middlewares/FreeRTOS/tasks.o
                0x080016d8                xTaskRemoveFromEventList
 .text.vTaskSetTimeOutState
                0x08001790       0x34 Middlewares/FreeRTOS/tasks.o
                0x08001790                vTaskSetTimeOutState
 .text.xTaskCheckForTimeOut
                0x080017c4       0xa0 Middlewares/FreeRTOS/tasks.o
                0x080017c4                xTaskCheckForTimeOut
 .text.vTaskMissedYield
                0x08001864       0x18 Middlewares/FreeRTOS/tasks.o
                0x08001864                vTaskMissedYield
 .text.prvIdleTask
                0x0800187c       0x20 Middlewares/FreeRTOS/tasks.o
 .text.prvInitialiseTCBVariables
                0x0800189c       0xa4 Middlewares/FreeRTOS/tasks.o
 .text.prvInitialiseTaskLists
                0x08001940       0x7c Middlewares/FreeRTOS/tasks.o
 .text.prvCheckTasksWaitingTermination
                0x080019bc       0x74 Middlewares/FreeRTOS/tasks.o
 .text.prvAddCurrentTaskToDelayedList
                0x08001a30       0x6c Middlewares/FreeRTOS/tasks.o
 .text.prvAllocateTCBAndStack
                0x08001a9c       0x70 Middlewares/FreeRTOS/tasks.o
 .text.prvDeleteTCB
                0x08001b0c       0x20 Middlewares/FreeRTOS/tasks.o
 .text.prvResetNextTaskUnblockTime
                0x08001b2c       0x48 Middlewares/FreeRTOS/tasks.o
 .text.xTaskGetSchedulerState
                0x08001b74       0x3c Middlewares/FreeRTOS/tasks.o
                0x08001b74                xTaskGetSchedulerState
 .text.vTaskPriorityInherit
                0x08001bb0       0xf0 Middlewares/FreeRTOS/tasks.o
                0x08001bb0                vTaskPriorityInherit
 .text.xTaskPriorityDisinherit
                0x08001ca0       0xf0 Middlewares/FreeRTOS/tasks.o
                0x08001ca0                xTaskPriorityDisinherit
 .text.pvTaskIncrementMutexHeldCount
                0x08001d90       0x28 Middlewares/FreeRTOS/tasks.o
                0x08001d90                pvTaskIncrementMutexHeldCount
 .text.u8g_Delay
                0x08001db8       0x18 Drivers/u8glib/src/u8g_arm.o
                0x08001db8                u8g_Delay
 .text.u8g_MicroDelay
                0x08001dd0       0x24 Drivers/u8glib/src/u8g_arm.o
                0x08001dd0                u8g_MicroDelay
 .text.u8g_10MicroDelay
                0x08001df4       0x28 Drivers/u8glib/src/u8g_arm.o
                0x08001df4                u8g_10MicroDelay
 .text.u8g_com_hw_spi_fn
                0x08001e1c      0x108 Drivers/u8glib/src/u8g_arm.o
                0x08001e1c                u8g_com_hw_spi_fn
 .text.u8g_IsBBXIntersection
                0x08001f24       0xf8 Drivers/u8glib/src/u8g_clip.o
                0x08001f24                u8g_IsBBXIntersection
 .text.u8g_InitCom
                0x0800201c       0x28 Drivers/u8glib/src/u8g_com_api.o
                0x0800201c                u8g_InitCom
 .text.u8g_SetChipSelect
                0x08002044       0x24 Drivers/u8glib/src/u8g_com_api.o
                0x08002044                u8g_SetChipSelect
 .text.u8g_SetResetLow
                0x08002068       0x20 Drivers/u8glib/src/u8g_com_api.o
                0x08002068                u8g_SetResetLow
 .text.u8g_SetResetHigh
                0x08002088       0x20 Drivers/u8glib/src/u8g_com_api.o
                0x08002088                u8g_SetResetHigh
 .text.u8g_SetAddress
                0x080020a8       0x24 Drivers/u8glib/src/u8g_com_api.o
                0x080020a8                u8g_SetAddress
 .text.u8g_WriteByte
                0x080020cc       0x28 Drivers/u8glib/src/u8g_com_api.o
                0x080020cc                u8g_WriteByte
 .text.u8g_WriteSequence
                0x080020f4       0x2c Drivers/u8glib/src/u8g_com_api.o
                0x080020f4                u8g_WriteSequence
 .text.u8g_WriteEscSeqP
                0x08002120      0x10c Drivers/u8glib/src/u8g_com_api.o
                0x08002120                u8g_WriteEscSeqP
 .text.u8g_com_null_fn
                0x0800222c       0x4c Drivers/u8glib/src/u8g_com_null.o
                0x0800222c                u8g_com_null_fn
 .text.u8g_dev_ssd1306_128x64_fn
                0x08002278       0xf8 Drivers/u8glib/src/u8g_dev_ssd1306_128x64.o
                0x08002278                u8g_dev_ssd1306_128x64_fn
 .text.u8g_dev_ssd1306_adafruit_128x64_fn
                0x08002370       0xf8 Drivers/u8glib/src/u8g_dev_ssd1306_128x64.o
                0x08002370                u8g_dev_ssd1306_adafruit_128x64_fn
 .text.u8g_dev_sh1106_128x64_fn
                0x08002468       0xf8 Drivers/u8glib/src/u8g_dev_ssd1306_128x64.o
                0x08002468                u8g_dev_sh1106_128x64_fn
 .text.u8g_dev_ssd1306_128x64_2x_fn
                0x08002560      0x154 Drivers/u8glib/src/u8g_dev_ssd1306_128x64.o
                0x08002560                u8g_dev_ssd1306_128x64_2x_fn
 .text.u8g_dev_sh1106_128x64_2x_fn
                0x080026b4      0x154 Drivers/u8glib/src/u8g_dev_ssd1306_128x64.o
                0x080026b4                u8g_dev_sh1106_128x64_2x_fn
 .text.u8g_font_get_byte
                0x08002808       0x24 Drivers/u8glib/src/u8g_font.o
 .text.u8g_font_get_word
                0x0800282c       0x40 Drivers/u8glib/src/u8g_font.o
 .text.u8g_font_GetFormat
                0x0800286c       0x1c Drivers/u8glib/src/u8g_font.o
 .text.u8g_font_GetFontGlyphStructureSize
                0x08002888       0x34 Drivers/u8glib/src/u8g_font.o
 .text.u8g_font_GetCapitalAHeight
                0x080028bc       0x1c Drivers/u8glib/src/u8g_font.o
                0x080028bc                u8g_font_GetCapitalAHeight
 .text.u8g_font_GetEncoding65Pos
                0x080028d8       0x1c Drivers/u8glib/src/u8g_font.o
                0x080028d8                u8g_font_GetEncoding65Pos
 .text.u8g_font_GetEncoding97Pos
                0x080028f4       0x1c Drivers/u8glib/src/u8g_font.o
                0x080028f4                u8g_font_GetEncoding97Pos
 .text.u8g_font_GetFontStartEncoding
                0x08002910       0x1c Drivers/u8glib/src/u8g_font.o
                0x08002910                u8g_font_GetFontStartEncoding
 .text.u8g_font_GetFontEndEncoding
                0x0800292c       0x1c Drivers/u8glib/src/u8g_font.o
                0x0800292c                u8g_font_GetFontEndEncoding
 .text.u8g_font_GetLowerGDescent
                0x08002948       0x20 Drivers/u8glib/src/u8g_font.o
                0x08002948                u8g_font_GetLowerGDescent
 .text.u8g_font_GetFontAscent
                0x08002968       0x20 Drivers/u8glib/src/u8g_font.o
                0x08002968                u8g_font_GetFontAscent
 .text.u8g_font_GetFontDescent
                0x08002988       0x20 Drivers/u8glib/src/u8g_font.o
                0x08002988                u8g_font_GetFontDescent
 .text.u8g_font_GetFontXAscent
                0x080029a8       0x20 Drivers/u8glib/src/u8g_font.o
                0x080029a8                u8g_font_GetFontXAscent
 .text.u8g_font_GetFontXDescent
                0x080029c8       0x20 Drivers/u8glib/src/u8g_font.o
                0x080029c8                u8g_font_GetFontXDescent
 .text.u8g_font_GetGlyphDataStart
                0x080029e8       0x20 Drivers/u8glib/src/u8g_font.o
 .text.u8g_CopyGlyphDataToCache
                0x08002a08       0xc0 Drivers/u8glib/src/u8g_font.o
 .text.u8g_FillEmptyGlyphCache
                0x08002ac8       0x34 Drivers/u8glib/src/u8g_font.o
 .text.u8g_GetGlyph
                0x08002afc      0x130 Drivers/u8glib/src/u8g_font.o
                0x08002afc                u8g_GetGlyph
 .text.u8g_draw_glyph
                0x08002c2c      0x110 Drivers/u8glib/src/u8g_font.o
                0x08002c2c                u8g_draw_glyph
 .text.u8g_DrawStr
                0x08002d3c       0x64 Drivers/u8glib/src/u8g_font.o
                0x08002d3c                u8g_DrawStr
 .text.u8g_UpdateRefHeight
                0x08002da0       0xf4 Drivers/u8glib/src/u8g_font.o
                0x08002da0                u8g_UpdateRefHeight
 .text.u8g_font_calc_vref_font
                0x08002e94       0x18 Drivers/u8glib/src/u8g_font.o
                0x08002e94                u8g_font_calc_vref_font
 .text.u8g_SetFontPosBaseline
                0x08002eac       0x1c Drivers/u8glib/src/u8g_font.o
                0x08002eac                u8g_SetFontPosBaseline
 .text.u8g_GetStrWidth
                0x08002ec8       0x44 Drivers/u8glib/src/u8g_font.o
                0x08002ec8                u8g_GetStrWidth
 .text.u8g_SetFont
                0x08002f0c       0x2c Drivers/u8glib/src/u8g_font.o
                0x08002f0c                u8g_SetFont
 .text.u8g_call_dev_fn
                0x08002f38       0x2c Drivers/u8glib/src/u8g_ll_api.o
                0x08002f38                u8g_call_dev_fn
 .text.u8g_InitLL
                0x08002f64       0x3c Drivers/u8glib/src/u8g_ll_api.o
                0x08002f64                u8g_InitLL
 .text.u8g_FirstPageLL
                0x08002fa0       0x44 Drivers/u8glib/src/u8g_ll_api.o
                0x08002fa0                u8g_FirstPageLL
 .text.u8g_NextPageLL
                0x08002fe4       0x50 Drivers/u8glib/src/u8g_ll_api.o
                0x08002fe4                u8g_NextPageLL
 .text.u8g_Draw8PixelLL
                0x08003034       0x4c Drivers/u8glib/src/u8g_ll_api.o
                0x08003034                u8g_Draw8PixelLL
 .text.u8g_GetWidthLL
                0x08003080       0x24 Drivers/u8glib/src/u8g_ll_api.o
                0x08003080                u8g_GetWidthLL
 .text.u8g_GetHeightLL
                0x080030a4       0x24 Drivers/u8glib/src/u8g_ll_api.o
                0x080030a4                u8g_GetHeightLL
 .text.u8g_GetModeLL
                0x080030c8       0x20 Drivers/u8glib/src/u8g_ll_api.o
                0x080030c8                u8g_GetModeLL
 .text.u8g_UpdateDimension
                0x080030e8       0x5c Drivers/u8glib/src/u8g_ll_api.o
                0x080030e8                u8g_UpdateDimension
 .text.u8g_init_data
                0x08003144       0x74 Drivers/u8glib/src/u8g_ll_api.o
 .text.u8g_Begin
                0x080031b8       0x30 Drivers/u8glib/src/u8g_ll_api.o
                0x080031b8                u8g_Begin
 .text.u8g_InitComFn
                0x080031e8       0x30 Drivers/u8glib/src/u8g_ll_api.o
                0x080031e8                u8g_InitComFn
 .text.u8g_FirstPage
                0x08003218       0x1c Drivers/u8glib/src/u8g_ll_api.o
                0x08003218                u8g_FirstPage
 .text.u8g_NextPage
                0x08003234       0x30 Drivers/u8glib/src/u8g_ll_api.o
                0x08003234                u8g_NextPage
 .text.u8g_Draw8Pixel
                0x08003264       0x38 Drivers/u8glib/src/u8g_ll_api.o
                0x08003264                u8g_Draw8Pixel
 .text.u8g_SetColorIndex
                0x0800329c       0x20 Drivers/u8glib/src/u8g_ll_api.o
                0x0800329c                u8g_SetColorIndex
 .text.u8g_page_First
                0x080032bc       0x34 Drivers/u8glib/src/u8g_page.o
                0x080032bc                u8g_page_First
 .text.u8g_page_Next
                0x080032f0       0x64 Drivers/u8glib/src/u8g_page.o
                0x080032f0                u8g_page_Next
 .text.u8g_pb_Clear
                0x08003354       0x3c Drivers/u8glib/src/u8g_pb.o
                0x08003354                u8g_pb_Clear
 .text.u8g_pb_IsYIntersection
                0x08003390       0x84 Drivers/u8glib/src/u8g_pb.o
                0x08003390                u8g_pb_IsYIntersection
 .text.u8g_pb_GetPageBox
                0x08003414       0x40 Drivers/u8glib/src/u8g_pb.o
                0x08003414                u8g_pb_GetPageBox
 .text.u8g_pb_Is8PixelVisible
                0x08003454       0x5c Drivers/u8glib/src/u8g_pb.o
                0x08003454                u8g_pb_Is8PixelVisible
 .text.u8g_pb_WriteBuffer
                0x080034b0       0x28 Drivers/u8glib/src/u8g_pb.o
                0x080034b0                u8g_pb_WriteBuffer
 .text.u8g_pb16v1_Clear
                0x080034d8       0x3c Drivers/u8glib/src/u8g_pb16v1.o
                0x080034d8                u8g_pb16v1_Clear
 .text.u8g_pb16v1_set_pixel
                0x08003514       0x84 Drivers/u8glib/src/u8g_pb16v1.o
                0x08003514                u8g_pb16v1_set_pixel
 .text.u8g_pb16v1_SetPixel
                0x08003598       0x4c Drivers/u8glib/src/u8g_pb16v1.o
                0x08003598                u8g_pb16v1_SetPixel
 .text.u8g_pb16v1_Set8PixelOpt2
                0x080035e4       0x90 Drivers/u8glib/src/u8g_pb16v1.o
                0x080035e4                u8g_pb16v1_Set8PixelOpt2
 .text.u8g_dev_pb16v1_base_fn
                0x08003674      0x1a0 Drivers/u8glib/src/u8g_pb16v1.o
                0x08003674                u8g_dev_pb16v1_base_fn
 .text.u8g_pb8v1_set_pixel
                0x08003814       0x74 Drivers/u8glib/src/u8g_pb8v1.o
                0x08003814                u8g_pb8v1_set_pixel
 .text.u8g_pb8v1_SetPixel
                0x08003888       0x4c Drivers/u8glib/src/u8g_pb8v1.o
                0x08003888                u8g_pb8v1_SetPixel
 .text.u8g_pb8v1_Set8PixelOpt2
                0x080038d4       0x90 Drivers/u8glib/src/u8g_pb8v1.o
                0x080038d4                u8g_pb8v1_Set8PixelOpt2
 .text.u8g_dev_pb8v1_base_fn
                0x08003964      0x1a0 Drivers/u8glib/src/u8g_pb8v1.o
                0x08003964                u8g_dev_pb8v1_base_fn
 .text.u8g_draw_hline
                0x08003b04       0x7c Drivers/u8glib/src/u8g_rect.o
                0x08003b04                u8g_draw_hline
 .text.u8g_draw_vline
                0x08003b80       0x7c Drivers/u8glib/src/u8g_rect.o
                0x08003b80                u8g_draw_vline
 .text.u8g_DrawFrame
                0x08003bfc       0x94 Drivers/u8glib/src/u8g_rect.o
                0x08003bfc                u8g_DrawFrame
 .text.u8g_draw_box
                0x08003c90       0x40 Drivers/u8glib/src/u8g_rect.o
                0x08003c90                u8g_draw_box
 .text.u8g_DrawBox
                0x08003cd0       0x4c Drivers/u8glib/src/u8g_rect.o
                0x08003cd0                u8g_DrawBox
 .text.u8g_state_dummy_cb
                0x08003d1c       0x14 Drivers/u8glib/src/u8g_state.o
                0x08003d1c                u8g_state_dummy_cb
 .text.HAL_Init
                0x08003d30       0x2c Drivers/STM32F1xx_HAL_Driver/stm32f1xx_hal.o
                0x08003d30                HAL_Init
 .text.HAL_InitTick
                0x08003d5c       0x38 Drivers/STM32F1xx_HAL_Driver/stm32f1xx_hal.o
                0x08003d5c                HAL_InitTick
 .text.HAL_IncTick
                0x08003d94       0x1c Drivers/STM32F1xx_HAL_Driver/stm32f1xx_hal.o
                0x08003d94                HAL_IncTick
 .text.HAL_GetTick
                0x08003db0       0x18 Drivers/STM32F1xx_HAL_Driver/stm32f1xx_hal.o
                0x08003db0                HAL_GetTick
 .text.HAL_Delay
                0x08003dc8       0x2c Drivers/STM32F1xx_HAL_Driver/stm32f1xx_hal.o
                0x08003dc8                HAL_Delay
 .text.NVIC_SetPriorityGrouping
                0x08003df4       0x48 Drivers/STM32F1xx_HAL_Driver/stm32f1xx_hal_cortex.o
 .text.NVIC_GetPriorityGrouping
                0x08003e3c       0x1c Drivers/STM32F1xx_HAL_Driver/stm32f1xx_hal_cortex.o
 .text.NVIC_EnableIRQ
                0x08003e58       0x30 Drivers/STM32F1xx_HAL_Driver/stm32f1xx_hal_cortex.o
 .text.NVIC_SetPriority
                0x08003e88       0x54 Drivers/STM32F1xx_HAL_Driver/stm32f1xx_hal_cortex.o
 .text.NVIC_EncodePriority
                0x08003edc       0x64 Drivers/STM32F1xx_HAL_Driver/stm32f1xx_hal_cortex.o
 .text.SysTick_Config
                0x08003f40       0x44 Drivers/STM32F1xx_HAL_Driver/stm32f1xx_hal_cortex.o
 .text.HAL_NVIC_SetPriorityGrouping
                0x08003f84       0x14 Drivers/STM32F1xx_HAL_Driver/stm32f1xx_hal_cortex.o
                0x08003f84                HAL_NVIC_SetPriorityGrouping
 .text.HAL_NVIC_SetPriority
                0x08003f98       0x38 Drivers/STM32F1xx_HAL_Driver/stm32f1xx_hal_cortex.o
                0x08003f98                HAL_NVIC_SetPriority
 .text.HAL_NVIC_EnableIRQ
                0x08003fd0       0x1c Drivers/STM32F1xx_HAL_Driver/stm32f1xx_hal_cortex.o
                0x08003fd0                HAL_NVIC_EnableIRQ
 .text.HAL_SYSTICK_Config
                0x08003fec       0x18 Drivers/STM32F1xx_HAL_Driver/stm32f1xx_hal_cortex.o
                0x08003fec                HAL_SYSTICK_Config
 .text.HAL_SYSTICK_CLKSourceConfig
                0x08004004       0x38 Drivers/STM32F1xx_HAL_Driver/stm32f1xx_hal_cortex.o
                0x08004004                HAL_SYSTICK_CLKSourceConfig
 .text.HAL_GPIO_Init
                0x0800403c      0x2bc Drivers/STM32F1xx_HAL_Driver/stm32f1xx_hal_gpio.o
                0x0800403c                HAL_GPIO_Init
 .text.HAL_GPIO_ReadPin
                0x080042f8       0x30 Drivers/STM32F1xx_HAL_Driver/stm32f1xx_hal_gpio.o
                0x080042f8                HAL_GPIO_ReadPin
 .text.HAL_GPIO_WritePin
                0x08004328       0x30 Drivers/STM32F1xx_HAL_Driver/stm32f1xx_hal_gpio.o
                0x08004328                HAL_GPIO_WritePin
 .text.HAL_GPIO_TogglePin
                0x08004358       0x24 Drivers/STM32F1xx_HAL_Driver/stm32f1xx_hal_gpio.o
                0x08004358                HAL_GPIO_TogglePin
 .text.HAL_GPIO_EXTI_IRQHandler
                0x0800437c       0x30 Drivers/STM32F1xx_HAL_Driver/stm32f1xx_hal_gpio.o
                0x0800437c                HAL_GPIO_EXTI_IRQHandler
 .text.HAL_RCC_OscConfig
                0x080043ac     0x101c Drivers/STM32F1xx_HAL_Driver/stm32f1xx_hal_rcc.o
                0x080043ac                HAL_RCC_OscConfig
 .text.HAL_RCC_ClockConfig
                0x080053c8      0x5e0 Drivers/STM32F1xx_HAL_Driver/stm32f1xx_hal_rcc.o
                0x080053c8                HAL_RCC_ClockConfig
 .text.HAL_RCC_GetSysClockFreq
                0x080059a8       0xf4 Drivers/STM32F1xx_HAL_Driver/stm32f1xx_hal_rcc.o
                0x080059a8                HAL_RCC_GetSysClockFreq
 .text.HAL_RCC_GetHCLKFreq
                0x08005a9c       0x50 Drivers/STM32F1xx_HAL_Driver/stm32f1xx_hal_rcc.o
                0x08005a9c                HAL_RCC_GetHCLKFreq
 .text.HAL_SPI_Transmit
                0x08005aec      0x280 Drivers/STM32F1xx_HAL_Driver/stm32f1xx_hal_spi.o
                0x08005aec                HAL_SPI_Transmit
 .text.HAL_SPI_GetState
                0x08005d6c       0x1c Drivers/STM32F1xx_HAL_Driver/stm32f1xx_hal_spi.o
                0x08005d6c                HAL_SPI_GetState
 .text.SPI_WaitOnFlagUntilTimeout
                0x08005d88      0x148 Drivers/STM32F1xx_HAL_Driver/stm32f1xx_hal_spi.o
 .text.HAL_SPI_Init
                0x08005ed0       0xcc Drivers/STM32F1xx_HAL_Driver/stm32f1xx_hal_spi_ex.o
                0x08005ed0                HAL_SPI_Init
 .text.HAL_TIM_Base_Init
                0x08005f9c       0x58 Drivers/STM32F1xx_HAL_Driver/stm32f1xx_hal_tim.o
                0x08005f9c                HAL_TIM_Base_Init
 .text.HAL_TIM_Base_Start_IT
                0x08005ff4       0x38 Drivers/STM32F1xx_HAL_Driver/stm32f1xx_hal_tim.o
                0x08005ff4                HAL_TIM_Base_Start_IT
 .text.HAL_TIM_Encoder_Init
                0x0800602c      0x12c Drivers/STM32F1xx_HAL_Driver/stm32f1xx_hal_tim.o
                0x0800602c                HAL_TIM_Encoder_Init
 .text.HAL_TIM_Encoder_Start
                0x08006158       0x70 Drivers/STM32F1xx_HAL_Driver/stm32f1xx_hal_tim.o
                0x08006158                HAL_TIM_Encoder_Start
 .text.HAL_TIM_IRQHandler
                0x080061c8      0x210 Drivers/STM32F1xx_HAL_Driver/stm32f1xx_hal_tim.o
                0x080061c8                HAL_TIM_IRQHandler
 .text.HAL_TIM_ConfigClockSource
                0x080063d8      0x1c4 Drivers/STM32F1xx_HAL_Driver/stm32f1xx_hal_tim.o
                0x080063d8                HAL_TIM_ConfigClockSource
 .text.HAL_TIM_OC_DelayElapsedCallback
                0x0800659c       0x14 Drivers/STM32F1xx_HAL_Driver/stm32f1xx_hal_tim.o
                0x0800659c                HAL_TIM_OC_DelayElapsedCallback
 .text.HAL_TIM_IC_CaptureCallback
                0x080065b0       0x14 Drivers/STM32F1xx_HAL_Driver/stm32f1xx_hal_tim.o
                0x080065b0                HAL_TIM_IC_CaptureCallback
 .text.HAL_TIM_PWM_PulseFinishedCallback
                0x080065c4       0x14 Drivers/STM32F1xx_HAL_Driver/stm32f1xx_hal_tim.o
                0x080065c4                HAL_TIM_PWM_PulseFinishedCallback
 .text.HAL_TIM_TriggerCallback
                0x080065d8       0x14 Drivers/STM32F1xx_HAL_Driver/stm32f1xx_hal_tim.o
                0x080065d8                HAL_TIM_TriggerCallback
 .text.TIM_Base_SetConfig
                0x080065ec       0xbc Drivers/STM32F1xx_HAL_Driver/stm32f1xx_hal_tim.o
                0x080065ec                TIM_Base_SetConfig
 .text.TIM_TI1_ConfigInputStage
                0x080066a8       0x64 Drivers/STM32F1xx_HAL_Driver/stm32f1xx_hal_tim.o
 .text.TIM_TI2_ConfigInputStage
                0x0800670c       0x68 Drivers/STM32F1xx_HAL_Driver/stm32f1xx_hal_tim.o
 .text.TIM_ITRx_SetConfig
                0x08006774       0x40 Drivers/STM32F1xx_HAL_Driver/stm32f1xx_hal_tim.o
 .text.TIM_ETR_SetConfig
                0x080067b4       0x44 Drivers/STM32F1xx_HAL_Driver/stm32f1xx_hal_tim.o
 .text.TIM_CCxChannelCmd
                0x080067f8       0x44 Drivers/STM32F1xx_HAL_Driver/stm32f1xx_hal_tim.o
                0x080067f8                TIM_CCxChannelCmd
 .text.HAL_TIMEx_MasterConfigSynchronization
                0x0800683c       0x8c Drivers/STM32F1xx_HAL_Driver/stm32f1xx_hal_tim_ex.o
                0x0800683c                HAL_TIMEx_MasterConfigSynchronization
 .text.HAL_TIMEx_CommutationCallback
                0x080068c8       0x14 Drivers/STM32F1xx_HAL_Driver/stm32f1xx_hal_tim_ex.o
                0x080068c8                HAL_TIMEx_CommutationCallback
 .text.HAL_TIMEx_BreakCallback
                0x080068dc       0x14 Drivers/STM32F1xx_HAL_Driver/stm32f1xx_hal_tim_ex.o
                0x080068dc                HAL_TIMEx_BreakCallback
 .text.SystemInit
                0x080068f0       0x68 Drivers/CMSIS/system_stm32f1xx.o
                0x080068f0                SystemInit
 .text.main_page
                0x08006958      0x3a4 Application/User/gui.o
                0x08006958                main_page
 .text.main_menu_page
                0x08006cfc      0x2a8 Application/User/gui.o
                0x08006cfc                main_menu_page
 .text.edit_start_point_page
                0x08006fa4      0x178 Application/User/gui.o
                0x08006fa4                edit_start_point_page
 .text.edit_end_point_page
                0x0800711c      0x16c Application/User/gui.o
                0x0800711c                edit_end_point_page
 .text.guiFunc  0x08007288       0x64 Application/User/gui.o
                0x08007288                guiFunc
 .text.buttonScanFunc
                0x080072ec      0x330 Application/User/gui.o
                0x080072ec                buttonScanFunc
 .text.move_to_start
                0x0800761c       0x94 Application/User/gui.o
                0x0800761c                move_to_start
 .text.move     0x080076b0       0xa4 Application/User/gui.o
                0x080076b0                move
 .text.carriage_docking
                0x08007754       0x44 Application/User/gui.o
                0x08007754                carriage_docking
 .text.HAL_TIM_PeriodElapsedCallback
                0x08007798       0x58 Application/User/gui.o
                0x08007798                HAL_TIM_PeriodElapsedCallback
 .text.disable_motor
                0x080077f0       0x20 Application/User/gui.o
                0x080077f0                disable_motor
 .text.HAL_GPIO_EXTI_Callback
                0x08007810       0x2c Application/User/gui.o
                0x08007810                HAL_GPIO_EXTI_Callback
 .text.main     0x0800783c      0x110 Application/User/main.o
                0x0800783c                main
 .text.SystemClock_Config
                0x0800794c       0x80 Application/User/main.o
                0x0800794c                SystemClock_Config
 .text.MX_SPI2_Init
                0x080079cc       0x60 Application/User/main.o
 .text.MX_TIM1_Init
                0x08007a2c       0x7c Application/User/main.o
 .text.MX_TIM2_Init
                0x08007aa8       0x5c Application/User/main.o
 .text.MX_GPIO_Init
                0x08007b04       0xcc Application/User/main.o
 .text.StartDefaultTask
                0x08007bd0       0x10 Application/User/main.o
                0x08007bd0                StartDefaultTask
 .text.InitMotor
                0x08007be0       0x90 Application/User/motor_control.o
                0x08007be0                InitMotor
 .text.HAL_MspInit
                0x08007c70       0x50 Application/User/stm32f1xx_hal_msp.o
                0x08007c70                HAL_MspInit
 .text.HAL_SPI_MspInit
                0x08007cc0       0x58 Application/User/stm32f1xx_hal_msp.o
                0x08007cc0                HAL_SPI_MspInit
 .text.HAL_TIM_Encoder_MspInit
                0x08007d18       0x58 Application/User/stm32f1xx_hal_msp.o
                0x08007d18                HAL_TIM_Encoder_MspInit
 .text.HAL_TIM_Base_MspInit
                0x08007d70       0x44 Application/User/stm32f1xx_hal_msp.o
                0x08007d70                HAL_TIM_Base_MspInit
 .text.SysTick_Handler
                0x08007db4       0x10 Application/User/stm32f1xx_it.o
                0x08007db4                SysTick_Handler
 .text.EXTI1_IRQHandler
                0x08007dc4        0xc Application/User/stm32f1xx_it.o
                0x08007dc4                EXTI1_IRQHandler
 .text.TIM2_IRQHandler
                0x08007dd0       0x10 Application/User/stm32f1xx_it.o
                0x08007dd0                TIM2_IRQHandler
 .text.Reset_Handler
                0x08007de0       0x48 Application/SW4STM32/startup_stm32f103xb.o
                0x08007de0                Reset_Handler
 .text.Default_Handler
                0x08007e28        0x2 Application/SW4STM32/startup_stm32f103xb.o
                0x08007e28                RTC_Alarm_IRQHandler
                0x08007e28                EXTI2_IRQHandler
                0x08007e28                DebugMon_Handler
                0x08007e28                TIM1_CC_IRQHandler
                0x08007e28                HardFault_Handler
                0x08007e28                PVD_IRQHandler
                0x08007e28                NMI_Handler
                0x08007e28                EXTI3_IRQHandler
                0x08007e28                EXTI0_IRQHandler
                0x08007e28                I2C2_EV_IRQHandler
                0x08007e28                UsageFault_Handler
                0x08007e28                ADC1_2_IRQHandler
                0x08007e28                SPI1_IRQHandler
                0x08007e28                TAMPER_IRQHandler
                0x08007e28                DMA1_Channel4_IRQHandler
                0x08007e28                USART3_IRQHandler
                0x08007e28                RTC_IRQHandler
                0x08007e28                DMA1_Channel7_IRQHandler
                0x08007e28                CAN1_RX1_IRQHandler
                0x08007e28                TIM4_IRQHandler
                0x08007e28                I2C1_EV_IRQHandler
                0x08007e28                DMA1_Channel6_IRQHandler
                0x08007e28                TIM3_IRQHandler
                0x08007e28                RCC_IRQHandler
                0x08007e28                TIM1_TRG_COM_IRQHandler
                0x08007e28                DMA1_Channel1_IRQHandler
                0x08007e28                Default_Handler
                0x08007e28                EXTI15_10_IRQHandler
                0x08007e28                EXTI9_5_IRQHandler
                0x08007e28                SPI2_IRQHandler
                0x08007e28                MemManage_Handler
                0x08007e28                DMA1_Channel5_IRQHandler
                0x08007e28                EXTI4_IRQHandler
                0x08007e28                USB_LP_CAN1_RX0_IRQHandler
                0x08007e28                USB_HP_CAN1_TX_IRQHandler
                0x08007e28                DMA1_Channel3_IRQHandler
                0x08007e28                TIM1_UP_IRQHandler
                0x08007e28                WWDG_IRQHandler
                0x08007e28                TIM1_BRK_IRQHandler
                0x08007e28                USART2_IRQHandler
                0x08007e28                I2C2_ER_IRQHandler
                0x08007e28                DMA1_Channel2_IRQHandler
                0x08007e28                CAN1_SCE_IRQHandler
                0x08007e28                FLASH_IRQHandler
                0x08007e28                BusFault_Handler
                0x08007e28                USART1_IRQHandler
                0x08007e28                I2C1_ER_IRQHandler
                0x08007e28                USBWakeUp_IRQHandler
 *fill*         0x08007e2a        0x2 
 .text.__libc_init_array
                0x08007e2c       0x4c /home/artsin/bin/SystemWorkbench/plugins/fr.ac6.mcu.externaltools.arm-none.linux64_1.3.0.201507241112/tools/compiler/bin/../lib/gcc/arm-none-eabi/4.9.3/../../../../arm-none-eabi/lib/armv7-m/libc_nano.a(lib_a-init.o)
                0x08007e2c                __libc_init_array
 .text.memcpy   0x08007e78       0x16 /home/artsin/bin/SystemWorkbench/plugins/fr.ac6.mcu.externaltools.arm-none.linux64_1.3.0.201507241112/tools/compiler/bin/../lib/gcc/arm-none-eabi/4.9.3/../../../../arm-none-eabi/lib/armv7-m/libc_nano.a(lib_a-memcpy.o)
                0x08007e78                memcpy
 .text.memset   0x08007e8e       0x10 /home/artsin/bin/SystemWorkbench/plugins/fr.ac6.mcu.externaltools.arm-none.linux64_1.3.0.201507241112/tools/compiler/bin/../lib/gcc/arm-none-eabi/4.9.3/../../../../arm-none-eabi/lib/armv7-m/libc_nano.a(lib_a-memset.o)
                0x08007e8e                memset
 *fill*         0x08007e9e        0x2 
 .text.sprintf  0x08007ea0       0x48 /home/artsin/bin/SystemWorkbench/plugins/fr.ac6.mcu.externaltools.arm-none.linux64_1.3.0.201507241112/tools/compiler/bin/../lib/gcc/arm-none-eabi/4.9.3/../../../../arm-none-eabi/lib/armv7-m/libc_nano.a(lib_a-sprintf.o)
                0x08007ea0                sprintf
                0x08007ea0                siprintf
 .text.__ssputs_r
                0x08007ee8       0xb2 /home/artsin/bin/SystemWorkbench/plugins/fr.ac6.mcu.externaltools.arm-none.linux64_1.3.0.201507241112/tools/compiler/bin/../lib/gcc/arm-none-eabi/4.9.3/../../../../arm-none-eabi/lib/armv7-m/libc_nano.a(lib_a-nano-svfprintf.o)
                0x08007ee8                __ssputs_r
 *fill*         0x08007f9a        0x2 
 .text._svfprintf_r
                0x08007f9c      0x1e4 /home/artsin/bin/SystemWorkbench/plugins/fr.ac6.mcu.externaltools.arm-none.linux64_1.3.0.201507241112/tools/compiler/bin/../lib/gcc/arm-none-eabi/4.9.3/../../../../arm-none-eabi/lib/armv7-m/libc_nano.a(lib_a-nano-svfprintf.o)
                0x08007f9c                _svfprintf_r
                0x08007f9c                _svfiprintf_r
 .text._printf_common
                0x08008180       0xea /home/artsin/bin/SystemWorkbench/plugins/fr.ac6.mcu.externaltools.arm-none.linux64_1.3.0.201507241112/tools/compiler/bin/../lib/gcc/arm-none-eabi/4.9.3/../../../../arm-none-eabi/lib/armv7-m/libc_nano.a(lib_a-nano-vfprintf_i.o)
                0x08008180                _printf_common
 *fill*         0x0800826a        0x2 
 .text._printf_i
                0x0800826c      0x240 /home/artsin/bin/SystemWorkbench/plugins/fr.ac6.mcu.externaltools.arm-none.linux64_1.3.0.201507241112/tools/compiler/bin/../lib/gcc/arm-none-eabi/4.9.3/../../../../arm-none-eabi/lib/armv7-m/libc_nano.a(lib_a-nano-vfprintf_i.o)
                0x0800826c                _printf_i
 .text.memchr   0x080084ac       0x1c /home/artsin/bin/SystemWorkbench/plugins/fr.ac6.mcu.externaltools.arm-none.linux64_1.3.0.201507241112/tools/compiler/bin/../lib/gcc/arm-none-eabi/4.9.3/../../../../arm-none-eabi/lib/armv7-m/libc_nano.a(lib_a-memchr.o)
                0x080084ac                memchr
 .text.memmove  0x080084c8       0x36 /home/artsin/bin/SystemWorkbench/plugins/fr.ac6.mcu.externaltools.arm-none.linux64_1.3.0.201507241112/tools/compiler/bin/../lib/gcc/arm-none-eabi/4.9.3/../../../../arm-none-eabi/lib/armv7-m/libc_nano.a(lib_a-memmove.o)
                0x080084c8                memmove
 *fill*         0x080084fe        0x2 
 .text._free_r  0x08008500       0x88 /home/artsin/bin/SystemWorkbench/plugins/fr.ac6.mcu.externaltools.arm-none.linux64_1.3.0.201507241112/tools/compiler/bin/../lib/gcc/arm-none-eabi/4.9.3/../../../../arm-none-eabi/lib/armv7-m/libc_nano.a(lib_a-nano-freer.o)
                0x08008500                _free_r
 .text._malloc_r
                0x08008588       0xac /home/artsin/bin/SystemWorkbench/plugins/fr.ac6.mcu.externaltools.arm-none.linux64_1.3.0.201507241112/tools/compiler/bin/../lib/gcc/arm-none-eabi/4.9.3/../../../../arm-none-eabi/lib/armv7-m/libc_nano.a(lib_a-nano-mallocr.o)
                0x08008588                _malloc_r
 .text._realloc_r
                0x08008634       0x4c /home/artsin/bin/SystemWorkbench/plugins/fr.ac6.mcu.externaltools.arm-none.linux64_1.3.0.201507241112/tools/compiler/bin/../lib/gcc/arm-none-eabi/4.9.3/../../../../arm-none-eabi/lib/armv7-m/libc_nano.a(lib_a-nano-reallocr.o)
                0x08008634                _realloc_r
 .text._sbrk_r  0x08008680       0x20 /home/artsin/bin/SystemWorkbench/plugins/fr.ac6.mcu.externaltools.arm-none.linux64_1.3.0.201507241112/tools/compiler/bin/../lib/gcc/arm-none-eabi/4.9.3/../../../../arm-none-eabi/lib/armv7-m/libc_nano.a(lib_a-sbrkr.o)
                0x08008680                _sbrk_r
 .text._malloc_usable_size_r
                0x080086a0       0x14 /home/artsin/bin/SystemWorkbench/plugins/fr.ac6.mcu.externaltools.arm-none.linux64_1.3.0.201507241112/tools/compiler/bin/../lib/gcc/arm-none-eabi/4.9.3/../../../../arm-none-eabi/lib/armv7-m/libc_nano.a(lib_a-nano-msizer.o)
                0x080086a0                _malloc_usable_size_r
 .text._sbrk    0x080086b4       0x1c /home/artsin/bin/SystemWorkbench/plugins/fr.ac6.mcu.externaltools.arm-none.linux64_1.3.0.201507241112/tools/compiler/bin/../lib/gcc/arm-none-eabi/4.9.3/../../../../arm-none-eabi/lib/armv7-m/libnosys.a(sbrk.o)
                0x080086b4                _sbrk
 *(.glue_7)
 .glue_7        0x00000000        0x0 linker stubs
 *(.glue_7t)
 .glue_7t       0x00000000        0x0 linker stubs
 *(.eh_frame)
 .eh_frame      0x080086d0        0x0 /home/artsin/bin/SystemWorkbench/plugins/fr.ac6.mcu.externaltools.arm-none.linux64_1.3.0.201507241112/tools/compiler/bin/../lib/gcc/arm-none-eabi/4.9.3/armv7-m/crtbegin.o
 *(.init)
 .init          0x080086d0        0x4 /home/artsin/bin/SystemWorkbench/plugins/fr.ac6.mcu.externaltools.arm-none.linux64_1.3.0.201507241112/tools/compiler/bin/../lib/gcc/arm-none-eabi/4.9.3/armv7-m/crti.o
                0x080086d0                _init
 .init          0x080086d4        0x8 /home/artsin/bin/SystemWorkbench/plugins/fr.ac6.mcu.externaltools.arm-none.linux64_1.3.0.201507241112/tools/compiler/bin/../lib/gcc/arm-none-eabi/4.9.3/armv7-m/crtn.o
 *(.fini)
 .fini          0x080086dc        0x4 /home/artsin/bin/SystemWorkbench/plugins/fr.ac6.mcu.externaltools.arm-none.linux64_1.3.0.201507241112/tools/compiler/bin/../lib/gcc/arm-none-eabi/4.9.3/armv7-m/crti.o
                0x080086dc                _fini
 .fini          0x080086e0        0x8 /home/artsin/bin/SystemWorkbench/plugins/fr.ac6.mcu.externaltools.arm-none.linux64_1.3.0.201507241112/tools/compiler/bin/../lib/gcc/arm-none-eabi/4.9.3/armv7-m/crtn.o
                0x080086e8                . = ALIGN (0x4)
                0x080086e8                _etext = .

.vfp11_veneer   0x080086e8        0x0
 .vfp11_veneer  0x00000000        0x0 linker stubs

.v4_bx          0x080086e8        0x0
 .v4_bx         0x00000000        0x0 linker stubs

.iplt           0x080086e8        0x0
 .iplt          0x00000000        0x0 /home/artsin/bin/SystemWorkbench/plugins/fr.ac6.mcu.externaltools.arm-none.linux64_1.3.0.201507241112/tools/compiler/bin/../lib/gcc/arm-none-eabi/4.9.3/armv7-m/crtbegin.o

.rodata         0x080086e8     0x32e8
                0x080086e8                . = ALIGN (0x4)
 *(.rodata)
 .rodata        0x080086e8        0x8 Middlewares/FreeRTOS/tasks.o
 .rodata        0x080086f0       0xc8 Drivers/u8glib/src/u8g_dev_ssd1306_128x64.o
 .rodata        0x080087b8     0x30d4 Drivers/u8glib/src/u8g_font_data.o
                0x080087b8                u8g_font_profont10
                0x080091b8                u8g_font_profont10r
                0x0800960c                u8g_font_profont22
                0x0800af44                u8g_font_7x14
 .rodata        0x0800b88c       0x24 Drivers/STM32F1xx_HAL_Driver/stm32f1xx_hal_rcc.o
                0x0800b88c                aAPBAHBPrescTable
 .rodata        0x0800b8b0       0x80 Application/User/gui.o
 .rodata        0x0800b930       0x68 Application/User/main.o
 *(.rodata*)
 .rodata.str1.1
                0x0800b998        0x2 /home/artsin/bin/SystemWorkbench/plugins/fr.ac6.mcu.externaltools.arm-none.linux64_1.3.0.201507241112/tools/compiler/bin/../lib/gcc/arm-none-eabi/4.9.3/../../../../arm-none-eabi/lib/armv7-m/libc_nano.a(lib_a-impure.o)
 .rodata.str1.1
                0x0800b99a       0x11 /home/artsin/bin/SystemWorkbench/plugins/fr.ac6.mcu.externaltools.arm-none.linux64_1.3.0.201507241112/tools/compiler/bin/../lib/gcc/arm-none-eabi/4.9.3/../../../../arm-none-eabi/lib/armv7-m/libc_nano.a(lib_a-nano-svfprintf.o)
 .rodata.str1.1
                0x0800b9ab       0x22 /home/artsin/bin/SystemWorkbench/plugins/fr.ac6.mcu.externaltools.arm-none.linux64_1.3.0.201507241112/tools/compiler/bin/../lib/gcc/arm-none-eabi/4.9.3/../../../../arm-none-eabi/lib/armv7-m/libc_nano.a(lib_a-nano-vfprintf_i.o)
                0x0800b9d0                . = ALIGN (0x4)
 *fill*         0x0800b9cd        0x3 

.rel.dyn        0x0800b9d0        0x0
 .rel.iplt      0x00000000        0x0 /home/artsin/bin/SystemWorkbench/plugins/fr.ac6.mcu.externaltools.arm-none.linux64_1.3.0.201507241112/tools/compiler/bin/../lib/gcc/arm-none-eabi/4.9.3/armv7-m/crtbegin.o

.ARM.extab
 *(.ARM.extab* .gnu.linkonce.armextab.*)

.ARM            0x0800b9d0        0x0
                0x0800b9d0                __exidx_start = .
 *(.ARM.exidx*)
                0x0800b9d0                __exidx_end = .

.preinit_array  0x0800b9d0        0x0
                0x0800b9d0                PROVIDE (__preinit_array_start, .)
 *(.preinit_array*)
                0x0800b9d0                PROVIDE (__preinit_array_end, .)

.init_array     0x0800b9d0        0x4
                0x0800b9d0                PROVIDE (__init_array_start, .)
 *(SORT(.init_array.*))
 *(.init_array*)
 .init_array    0x0800b9d0        0x4 /home/artsin/bin/SystemWorkbench/plugins/fr.ac6.mcu.externaltools.arm-none.linux64_1.3.0.201507241112/tools/compiler/bin/../lib/gcc/arm-none-eabi/4.9.3/armv7-m/crtbegin.o
                0x0800b9d4                PROVIDE (__init_array_end, .)

.fini_array     0x0800b9d4        0x4
                0x0800b9d4                PROVIDE (__fini_array_start, .)
 *(SORT(.fini_array.*))
 *(.fini_array*)
 .fini_array    0x0800b9d4        0x4 /home/artsin/bin/SystemWorkbench/plugins/fr.ac6.mcu.externaltools.arm-none.linux64_1.3.0.201507241112/tools/compiler/bin/../lib/gcc/arm-none-eabi/4.9.3/armv7-m/crtbegin.o
                0x0800b9d8                PROVIDE (__fini_array_end, .)
                0x0800b9d8                _sidata = LOADADDR (.data)

.data           0x20000000      0x1dc load address 0x0800b9d8
                0x20000000                . = ALIGN (0x4)
                0x20000000                _sdata = .
 *(.data)
 .data          0x20000000        0x4 Middlewares/FreeRTOS/port.o
 .data          0x20000004        0x4 Middlewares/FreeRTOS/tasks.o
 .data          0x20000008      0x138 Drivers/u8glib/src/u8g_dev_ssd1306_128x64.o
                0x20000008                u8g_dev_ssd1306_128x64_sw_spi_pb
                0x20000014                u8g_dev_ssd1306_128x64_sw_spi
                0x20000020                u8g_dev_ssd1306_128x64_hw_spi_pb
                0x2000002c                u8g_dev_ssd1306_128x64_hw_spi
                0x20000038                u8g_dev_ssd1306_128x64_i2c_pb
                0x20000044                u8g_dev_ssd1306_128x64_i2c
                0x20000050                u8g_dev_ssd1306_adafruit_128x64_sw_spi_pb
                0x2000005c                u8g_dev_ssd1306_adafruit_128x64_sw_spi
                0x20000068                u8g_dev_ssd1306_adafruit_128x64_hw_spi_pb
                0x20000074                u8g_dev_ssd1306_adafruit_128x64_hw_spi
                0x20000080                u8g_dev_ssd1306_adafruit_128x64_i2c_pb
                0x2000008c                u8g_dev_ssd1306_adafruit_128x64_i2c
                0x20000098                u8g_dev_ssd1306_128x64_2x_pb
                0x200000a4                u8g_dev_ssd1306_128x64_2x_sw_spi
                0x200000b0                u8g_dev_ssd1306_128x64_2x_hw_spi
                0x200000bc                u8g_dev_ssd1306_128x64_2x_i2c
                0x200000c8                u8g_dev_sh1106_128x64_sw_spi_pb
                0x200000d4                u8g_dev_sh1106_128x64_sw_spi
                0x200000e0                u8g_dev_sh1106_128x64_hw_spi_pb
                0x200000ec                u8g_dev_sh1106_128x64_hw_spi
                0x200000f8                u8g_dev_sh1106_128x64_i2c_pb
                0x20000104                u8g_dev_sh1106_128x64_i2c
                0x20000110                u8g_dev_sh1106_128x64_2x_pb
                0x2000011c                u8g_dev_sh1106_128x64_2x_sw_spi
                0x20000128                u8g_dev_sh1106_128x64_2x_hw_spi
                0x20000134                u8g_dev_sh1106_128x64_2x_i2c
 .data          0x20000140        0x4 Drivers/CMSIS/system_stm32f1xx.o
                0x20000140                SystemCoreClock
 .data          0x20000144       0x34 Application/User/gui.o
                0x20000144                button_states
                0x2000016c                current_state
 *(.data*)
 .data.impure_data
                0x20000178       0x60 /home/artsin/bin/SystemWorkbench/plugins/fr.ac6.mcu.externaltools.arm-none.linux64_1.3.0.201507241112/tools/compiler/bin/../lib/gcc/arm-none-eabi/4.9.3/../../../../arm-none-eabi/lib/armv7-m/libc_nano.a(lib_a-impure.o)
 .data._impure_ptr
                0x200001d8        0x4 /home/artsin/bin/SystemWorkbench/plugins/fr.ac6.mcu.externaltools.arm-none.linux64_1.3.0.201507241112/tools/compiler/bin/../lib/gcc/arm-none-eabi/4.9.3/../../../../arm-none-eabi/lib/armv7-m/libc_nano.a(lib_a-impure.o)
                0x200001d8                _impure_ptr
                0x200001dc                . = ALIGN (0x4)
                0x200001dc                _edata = .

.jcr            0x200001dc        0x0 load address 0x0800bbb4
 .jcr           0x200001dc        0x0 /home/artsin/bin/SystemWorkbench/plugins/fr.ac6.mcu.externaltools.arm-none.linux64_1.3.0.201507241112/tools/compiler/bin/../lib/gcc/arm-none-eabi/4.9.3/armv7-m/crtbegin.o

.igot.plt       0x200001dc        0x0 load address 0x0800bbb4
 .igot.plt      0x00000000        0x0 /home/artsin/bin/SystemWorkbench/plugins/fr.ac6.mcu.externaltools.arm-none.linux64_1.3.0.201507241112/tools/compiler/bin/../lib/gcc/arm-none-eabi/4.9.3/armv7-m/crtbegin.o
                0x200001dc                . = ALIGN (0x4)

.bss            0x200001dc     0x1554 load address 0x0800bbb4
                0x200001dc                _sbss = .
                0x200001dc                __bss_start__ = _sbss
 *(.bss)
 .bss           0x200001dc       0x1c /home/artsin/bin/SystemWorkbench/plugins/fr.ac6.mcu.externaltools.arm-none.linux64_1.3.0.201507241112/tools/compiler/bin/../lib/gcc/arm-none-eabi/4.9.3/armv7-m/crtbegin.o
 .bss           0x200001f8      0xc18 Middlewares/FreeRTOS/heap_4.o
 .bss           0x20000e10        0x8 Middlewares/FreeRTOS/port.o
 .bss           0x20000e18      0x124 Middlewares/FreeRTOS/tasks.o
                0x20000e18                pxCurrentTCB
 .bss           0x20000f3c      0x680 Drivers/u8glib/src/u8g_dev_ssd1306_128x64.o
                0x20000f3c                u8g_dev_ssd1306_128x64_sw_spi_buf
                0x20000fbc                u8g_dev_ssd1306_128x64_hw_spi_buf
                0x2000103c                u8g_dev_ssd1306_128x64_i2c_buf
                0x200010bc                u8g_dev_ssd1306_adafruit_128x64_sw_spi_buf
                0x2000113c                u8g_dev_ssd1306_adafruit_128x64_hw_spi_buf
                0x200011bc                u8g_dev_ssd1306_adafruit_128x64_i2c_buf
                0x2000123c                u8g_dev_ssd1306_128x64_2x_buf
                0x2000133c                u8g_dev_sh1106_128x64_sw_spi_buf
                0x200013bc                u8g_dev_sh1106_128x64_hw_spi_buf
                0x2000143c                u8g_dev_sh1106_128x64_i2c_buf
                0x200014bc                u8g_dev_sh1106_128x64_2x_buf
 .bss           0x200015bc        0x4 Drivers/STM32F1xx_HAL_Driver/stm32f1xx_hal.o
 .bss           0x200015c0        0x1 Drivers/STM32F1xx_HAL_Driver/stm32f1xx_hal_spi_ex.o
                0x200015c0                uCRCErrorWorkaroundCheck
 *fill*         0x200015c1        0x3 
 .bss           0x200015c4       0x38 Application/User/gui.o
                0x200015c4                carriage_position
                0x200015c8                carriage_docked
                0x200015cc                position_counter
                0x200015d0                position_counter_limit
                0x200015d4                direction
                0x200015d5                motor_enabled
 *(.bss*)
 .bss.__malloc_sbrk_start
                0x200015fc        0x4 /home/artsin/bin/SystemWorkbench/plugins/fr.ac6.mcu.externaltools.arm-none.linux64_1.3.0.201507241112/tools/compiler/bin/../lib/gcc/arm-none-eabi/4.9.3/../../../../arm-none-eabi/lib/armv7-m/libc_nano.a(lib_a-nano-mallocr.o)
                0x200015fc                __malloc_sbrk_start
 .bss.__malloc_free_list
                0x20001600        0x4 /home/artsin/bin/SystemWorkbench/plugins/fr.ac6.mcu.externaltools.arm-none.linux64_1.3.0.201507241112/tools/compiler/bin/../lib/gcc/arm-none-eabi/4.9.3/../../../../arm-none-eabi/lib/armv7-m/libc_nano.a(lib_a-nano-mallocr.o)
                0x20001600                __malloc_free_list
 .bss.heap_end.4079
                0x20001604        0x4 /home/artsin/bin/SystemWorkbench/plugins/fr.ac6.mcu.externaltools.arm-none.linux64_1.3.0.201507241112/tools/compiler/bin/../lib/gcc/arm-none-eabi/4.9.3/../../../../arm-none-eabi/lib/armv7-m/libnosys.a(sbrk.o)
 *(COMMON)
 COMMON         0x20001608       0x3c Application/User/gui.o
                0x20001608                u8g
 COMMON         0x20001644       0xe8 Application/User/main.o
                0x20001644                defaultTaskHandle
                0x20001648                hspi2
                0x200016a0                xInputEvents
                0x200016a4                htim1
                0x200016e0                buttonEventsHandle
                0x200016e4                htim2
                0x20001720                encoderEventsHandle
                0x20001724                guiTaskHandle
                0x20001728                buttonScanTaskHandle
 COMMON         0x2000172c        0x4 /home/artsin/bin/SystemWorkbench/plugins/fr.ac6.mcu.externaltools.arm-none.linux64_1.3.0.201507241112/tools/compiler/bin/../lib/gcc/arm-none-eabi/4.9.3/../../../../arm-none-eabi/lib/armv7-m/libc_nano.a(lib_a-reent.o)
                0x2000172c                errno
                0x20001730                . = ALIGN (0x4)
                0x20001730                _ebss = .
                0x20001730                __bss_end__ = _ebss

._user_heap_stack
                0x20001730      0x600 load address 0x0800bbb4
                0x20001730                . = ALIGN (0x8)
                0x20001730                PROVIDE (end, .)
                0x20001730                PROVIDE (_end, .)
                0x20001b30                . = (. + _Min_Heap_Size)
 *fill*         0x20001730      0x400 
                0x20001d30                . = (. + _Min_Stack_Size)
 *fill*         0x20001b30      0x200 
                0x20001d30                . = ALIGN (0x8)

/DISCARD/
 libc.a(*)
 libm.a(*)
 libgcc.a(*)

.ARM.attributes
                0x00000000       0x29
 *(.ARM.attributes)
 .ARM.attributes
                0x00000000       0x1d /home/artsin/bin/SystemWorkbench/plugins/fr.ac6.mcu.externaltools.arm-none.linux64_1.3.0.201507241112/tools/compiler/bin/../lib/gcc/arm-none-eabi/4.9.3/armv7-m/crti.o
 .ARM.attributes
                0x0000001d       0x2d /home/artsin/bin/SystemWorkbench/plugins/fr.ac6.mcu.externaltools.arm-none.linux64_1.3.0.201507241112/tools/compiler/bin/../lib/gcc/arm-none-eabi/4.9.3/armv7-m/crtbegin.o
 .ARM.attributes
                0x0000004a       0x33 Middlewares/FreeRTOS/cmsis_os.o
 .ARM.attributes
                0x0000007d       0x33 Middlewares/FreeRTOS/heap_4.o
 .ARM.attributes
                0x000000b0       0x33 Middlewares/FreeRTOS/list.o
 .ARM.attributes
                0x000000e3       0x33 Middlewares/FreeRTOS/port.o
 .ARM.attributes
                0x00000116       0x33 Middlewares/FreeRTOS/queue.o
 .ARM.attributes
                0x00000149       0x33 Middlewares/FreeRTOS/tasks.o
 .ARM.attributes
                0x0000017c       0x33 Drivers/u8glib/src/u8g_arm.o
 .ARM.attributes
                0x000001af       0x33 Drivers/u8glib/src/u8g_clip.o
 .ARM.attributes
                0x000001e2       0x33 Drivers/u8glib/src/u8g_com_api.o
 .ARM.attributes
                0x00000215       0x33 Drivers/u8glib/src/u8g_com_null.o
 .ARM.attributes
                0x00000248       0x33 Drivers/u8glib/src/u8g_dev_ssd1306_128x64.o
 .ARM.attributes
                0x0000027b       0x33 Drivers/u8glib/src/u8g_font.o
 .ARM.attributes
                0x000002ae       0x33 Drivers/u8glib/src/u8g_font_data.o
 .ARM.attributes
                0x000002e1       0x33 Drivers/u8glib/src/u8g_ll_api.o
 .ARM.attributes
                0x00000314       0x33 Drivers/u8glib/src/u8g_page.o
 .ARM.attributes
                0x00000347       0x33 Drivers/u8glib/src/u8g_pb.o
 .ARM.attributes
                0x0000037a       0x33 Drivers/u8glib/src/u8g_pb16v1.o
 .ARM.attributes
                0x000003ad       0x33 Drivers/u8glib/src/u8g_pb8v1.o
 .ARM.attributes
                0x000003e0       0x33 Drivers/u8glib/src/u8g_rect.o
 .ARM.attributes
                0x00000413       0x33 Drivers/u8glib/src/u8g_state.o
 .ARM.attributes
                0x00000446       0x33 Drivers/STM32F1xx_HAL_Driver/stm32f1xx_hal.o
 .ARM.attributes
                0x00000479       0x33 Drivers/STM32F1xx_HAL_Driver/stm32f1xx_hal_cortex.o
 .ARM.attributes
                0x000004ac       0x33 Drivers/STM32F1xx_HAL_Driver/stm32f1xx_hal_gpio.o
 .ARM.attributes
                0x000004df       0x33 Drivers/STM32F1xx_HAL_Driver/stm32f1xx_hal_rcc.o
 .ARM.attributes
                0x00000512       0x33 Drivers/STM32F1xx_HAL_Driver/stm32f1xx_hal_spi.o
 .ARM.attributes
                0x00000545       0x33 Drivers/STM32F1xx_HAL_Driver/stm32f1xx_hal_spi_ex.o
 .ARM.attributes
                0x00000578       0x33 Drivers/STM32F1xx_HAL_Driver/stm32f1xx_hal_tim.o
 .ARM.attributes
                0x000005ab       0x33 Drivers/STM32F1xx_HAL_Driver/stm32f1xx_hal_tim_ex.o
 .ARM.attributes
                0x000005de       0x33 Drivers/CMSIS/system_stm32f1xx.o
 .ARM.attributes
                0x00000611       0x33 Application/User/gui.o
 .ARM.attributes
                0x00000644       0x33 Application/User/main.o
 .ARM.attributes
                0x00000677       0x33 Application/User/motor_control.o
 .ARM.attributes
                0x000006aa       0x33 Application/User/stm32f1xx_hal_msp.o
 .ARM.attributes
                0x000006dd       0x33 Application/User/stm32f1xx_it.o
 .ARM.attributes
                0x00000710       0x21 Application/SW4STM32/startup_stm32f103xb.o
 .ARM.attributes
                0x00000731       0x2d /home/artsin/bin/SystemWorkbench/plugins/fr.ac6.mcu.externaltools.arm-none.linux64_1.3.0.201507241112/tools/compiler/bin/../lib/gcc/arm-none-eabi/4.9.3/../../../../arm-none-eabi/lib/armv7-m/libc_nano.a(lib_a-impure.o)
 .ARM.attributes
                0x0000075e       0x2d /home/artsin/bin/SystemWorkbench/plugins/fr.ac6.mcu.externaltools.arm-none.linux64_1.3.0.201507241112/tools/compiler/bin/../lib/gcc/arm-none-eabi/4.9.3/../../../../arm-none-eabi/lib/armv7-m/libc_nano.a(lib_a-init.o)
 .ARM.attributes
                0x0000078b       0x2d /home/artsin/bin/SystemWorkbench/plugins/fr.ac6.mcu.externaltools.arm-none.linux64_1.3.0.201507241112/tools/compiler/bin/../lib/gcc/arm-none-eabi/4.9.3/../../../../arm-none-eabi/lib/armv7-m/libc_nano.a(lib_a-memcpy.o)
 .ARM.attributes
                0x000007b8       0x2d /home/artsin/bin/SystemWorkbench/plugins/fr.ac6.mcu.externaltools.arm-none.linux64_1.3.0.201507241112/tools/compiler/bin/../lib/gcc/arm-none-eabi/4.9.3/../../../../arm-none-eabi/lib/armv7-m/libc_nano.a(lib_a-memset.o)
 .ARM.attributes
                0x000007e5       0x2d /home/artsin/bin/SystemWorkbench/plugins/fr.ac6.mcu.externaltools.arm-none.linux64_1.3.0.201507241112/tools/compiler/bin/../lib/gcc/arm-none-eabi/4.9.3/../../../../arm-none-eabi/lib/armv7-m/libc_nano.a(lib_a-sprintf.o)
 .ARM.attributes
                0x00000812       0x2d /home/artsin/bin/SystemWorkbench/plugins/fr.ac6.mcu.externaltools.arm-none.linux64_1.3.0.201507241112/tools/compiler/bin/../lib/gcc/arm-none-eabi/4.9.3/../../../../arm-none-eabi/lib/armv7-m/libc_nano.a(lib_a-nano-svfprintf.o)
 .ARM.attributes
                0x0000083f       0x2d /home/artsin/bin/SystemWorkbench/plugins/fr.ac6.mcu.externaltools.arm-none.linux64_1.3.0.201507241112/tools/compiler/bin/../lib/gcc/arm-none-eabi/4.9.3/../../../../arm-none-eabi/lib/armv7-m/libc_nano.a(lib_a-nano-vfprintf_i.o)
 .ARM.attributes
                0x0000086c       0x2d /home/artsin/bin/SystemWorkbench/plugins/fr.ac6.mcu.externaltools.arm-none.linux64_1.3.0.201507241112/tools/compiler/bin/../lib/gcc/arm-none-eabi/4.9.3/../../../../arm-none-eabi/lib/armv7-m/libc_nano.a(lib_a-memchr.o)
 .ARM.attributes
                0x00000899       0x2d /home/artsin/bin/SystemWorkbench/plugins/fr.ac6.mcu.externaltools.arm-none.linux64_1.3.0.201507241112/tools/compiler/bin/../lib/gcc/arm-none-eabi/4.9.3/../../../../arm-none-eabi/lib/armv7-m/libc_nano.a(lib_a-memmove.o)
 .ARM.attributes
                0x000008c6       0x2d /home/artsin/bin/SystemWorkbench/plugins/fr.ac6.mcu.externaltools.arm-none.linux64_1.3.0.201507241112/tools/compiler/bin/../lib/gcc/arm-none-eabi/4.9.3/../../../../arm-none-eabi/lib/armv7-m/libc_nano.a(lib_a-nano-freer.o)
 .ARM.attributes
                0x000008f3       0x2d /home/artsin/bin/SystemWorkbench/plugins/fr.ac6.mcu.externaltools.arm-none.linux64_1.3.0.201507241112/tools/compiler/bin/../lib/gcc/arm-none-eabi/4.9.3/../../../../arm-none-eabi/lib/armv7-m/libc_nano.a(lib_a-nano-mallocr.o)
 .ARM.attributes
                0x00000920       0x2d /home/artsin/bin/SystemWorkbench/plugins/fr.ac6.mcu.externaltools.arm-none.linux64_1.3.0.201507241112/tools/compiler/bin/../lib/gcc/arm-none-eabi/4.9.3/../../../../arm-none-eabi/lib/armv7-m/libc_nano.a(lib_a-nano-reallocr.o)
 .ARM.attributes
                0x0000094d       0x2d /home/artsin/bin/SystemWorkbench/plugins/fr.ac6.mcu.externaltools.arm-none.linux64_1.3.0.201507241112/tools/compiler/bin/../lib/gcc/arm-none-eabi/4.9.3/../../../../arm-none-eabi/lib/armv7-m/libc_nano.a(lib_a-sbrkr.o)
 .ARM.attributes
                0x0000097a       0x2d /home/artsin/bin/SystemWorkbench/plugins/fr.ac6.mcu.externaltools.arm-none.linux64_1.3.0.201507241112/tools/compiler/bin/../lib/gcc/arm-none-eabi/4.9.3/../../../../arm-none-eabi/lib/armv7-m/libc_nano.a(lib_a-nano-msizer.o)
 .ARM.attributes
                0x000009a7       0x2d /home/artsin/bin/SystemWorkbench/plugins/fr.ac6.mcu.externaltools.arm-none.linux64_1.3.0.201507241112/tools/compiler/bin/../lib/gcc/arm-none-eabi/4.9.3/../../../../arm-none-eabi/lib/armv7-m/libc_nano.a(lib_a-reent.o)
 .ARM.attributes
                0x000009d4       0x2d /home/artsin/bin/SystemWorkbench/plugins/fr.ac6.mcu.externaltools.arm-none.linux64_1.3.0.201507241112/tools/compiler/bin/../lib/gcc/arm-none-eabi/4.9.3/../../../../arm-none-eabi/lib/armv7-m/libnosys.a(sbrk.o)
 .ARM.attributes
                0x00000a01       0x1d /home/artsin/bin/SystemWorkbench/plugins/fr.ac6.mcu.externaltools.arm-none.linux64_1.3.0.201507241112/tools/compiler/bin/../lib/gcc/arm-none-eabi/4.9.3/armv7-m/crtn.o
OUTPUT(injex.elf elf32-littlearm)

.debug_info     0x00000000    0x1578f
 .debug_info    0x00000000     0x118c Middlewares/FreeRTOS/cmsis_os.o
 .debug_info    0x0000118c      0x301 Middlewares/FreeRTOS/heap_4.o
 .debug_info    0x0000148d      0x2a4 Middlewares/FreeRTOS/list.o
 .debug_info    0x00001731      0x329 Middlewares/FreeRTOS/port.o
 .debug_info    0x00001a5a      0xc08 Middlewares/FreeRTOS/queue.o
 .debug_info    0x00002662     0x14c5 Middlewares/FreeRTOS/tasks.o
 .debug_info    0x00003b27      0x9c4 Drivers/u8glib/src/u8g_arm.o
 .debug_info    0x000044eb      0x4ec Drivers/u8glib/src/u8g_clip.o
 .debug_info    0x000049d7      0x69c Drivers/u8glib/src/u8g_com_api.o
 .debug_info    0x00005073      0x43c Drivers/u8glib/src/u8g_com_null.o
 .debug_info    0x000054af      0xa68 Drivers/u8glib/src/u8g_dev_ssd1306_128x64.o
 .debug_info    0x00005f17     0x1cbc Drivers/u8glib/src/u8g_font.o
 .debug_info    0x00007bd3      0x131 Drivers/u8glib/src/u8g_font_data.o
 .debug_info    0x00007d04      0xd53 Drivers/u8glib/src/u8g_ll_api.o
 .debug_info    0x00008a57      0x18a Drivers/u8glib/src/u8g_page.o
 .debug_info    0x00008be1      0x6f9 Drivers/u8glib/src/u8g_pb.o
 .debug_info    0x000092da      0x6af Drivers/u8glib/src/u8g_pb16v1.o
 .debug_info    0x00009989      0x671 Drivers/u8glib/src/u8g_pb8v1.o
 .debug_info    0x00009ffa      0x7ae Drivers/u8glib/src/u8g_rect.o
 .debug_info    0x0000a7a8      0x464 Drivers/u8glib/src/u8g_state.o
 .debug_info    0x0000ac0c      0x5df Drivers/STM32F1xx_HAL_Driver/stm32f1xx_hal.o
 .debug_info    0x0000b1eb      0xaaa Drivers/STM32F1xx_HAL_Driver/stm32f1xx_hal_cortex.o
 .debug_info    0x0000bc95      0x5ed Drivers/STM32F1xx_HAL_Driver/stm32f1xx_hal_gpio.o
 .debug_info    0x0000c282     0x16ab Drivers/STM32F1xx_HAL_Driver/stm32f1xx_hal_rcc.o
 .debug_info    0x0000d92d      0xe52 Drivers/STM32F1xx_HAL_Driver/stm32f1xx_hal_spi.o
 .debug_info    0x0000e77f      0x57f Drivers/STM32F1xx_HAL_Driver/stm32f1xx_hal_spi_ex.o
 .debug_info    0x0000ecfe     0x20f2 Drivers/STM32F1xx_HAL_Driver/stm32f1xx_hal_tim.o
 .debug_info    0x00010df0      0xe8f Drivers/STM32F1xx_HAL_Driver/stm32f1xx_hal_tim_ex.o
 .debug_info    0x00011c7f      0x3a4 Drivers/CMSIS/system_stm32f1xx.o
 .debug_info    0x00012023     0x10b0 Application/User/gui.o
 .debug_info    0x000130d3      0xf5e Application/User/main.o
 .debug_info    0x00014031      0x5c3 Application/User/motor_control.o
 .debug_info    0x000145f4      0xbb7 Application/User/stm32f1xx_hal_msp.o
 .debug_info    0x000151ab      0x52a Application/User/stm32f1xx_it.o
 .debug_info    0x000156d5       0xba Application/SW4STM32/startup_stm32f103xb.o

.debug_abbrev   0x00000000     0x367c
 .debug_abbrev  0x00000000      0x255 Middlewares/FreeRTOS/cmsis_os.o
 .debug_abbrev  0x00000255      0x159 Middlewares/FreeRTOS/heap_4.o
 .debug_abbrev  0x000003ae       0xbf Middlewares/FreeRTOS/list.o
 .debug_abbrev  0x0000046d      0x1b6 Middlewares/FreeRTOS/port.o
 .debug_abbrev  0x00000623      0x190 Middlewares/FreeRTOS/queue.o
 .debug_abbrev  0x000007b3      0x277 Middlewares/FreeRTOS/tasks.o
 .debug_abbrev  0x00000a2a      0x1bd Drivers/u8glib/src/u8g_arm.o
 .debug_abbrev  0x00000be7      0x143 Drivers/u8glib/src/u8g_clip.o
 .debug_abbrev  0x00000d2a      0x13f Drivers/u8glib/src/u8g_com_api.o
 .debug_abbrev  0x00000e69       0xfa Drivers/u8glib/src/u8g_com_null.o
 .debug_abbrev  0x00000f63      0x171 Drivers/u8glib/src/u8g_dev_ssd1306_128x64.o
 .debug_abbrev  0x000010d4      0x24e Drivers/u8glib/src/u8g_font.o
 .debug_abbrev  0x00001322       0x6f Drivers/u8glib/src/u8g_font_data.o
 .debug_abbrev  0x00001391      0x1fd Drivers/u8glib/src/u8g_ll_api.o
 .debug_abbrev  0x0000158e       0xe7 Drivers/u8glib/src/u8g_page.o
 .debug_abbrev  0x00001675      0x16a Drivers/u8glib/src/u8g_pb.o
 .debug_abbrev  0x000017df      0x14c Drivers/u8glib/src/u8g_pb16v1.o
 .debug_abbrev  0x0000192b      0x14c Drivers/u8glib/src/u8g_pb8v1.o
 .debug_abbrev  0x00001a77      0x135 Drivers/u8glib/src/u8g_rect.o
 .debug_abbrev  0x00001bac      0x12c Drivers/u8glib/src/u8g_state.o
 .debug_abbrev  0x00001cd8      0x1f0 Drivers/STM32F1xx_HAL_Driver/stm32f1xx_hal.o
 .debug_abbrev  0x00001ec8      0x268 Drivers/STM32F1xx_HAL_Driver/stm32f1xx_hal_cortex.o
 .debug_abbrev  0x00002130      0x1ad Drivers/STM32F1xx_HAL_Driver/stm32f1xx_hal_gpio.o
 .debug_abbrev  0x000022dd      0x2a8 Drivers/STM32F1xx_HAL_Driver/stm32f1xx_hal_rcc.o
 .debug_abbrev  0x00002585      0x1fe Drivers/STM32F1xx_HAL_Driver/stm32f1xx_hal_spi.o
 .debug_abbrev  0x00002783      0x152 Drivers/STM32F1xx_HAL_Driver/stm32f1xx_hal_spi_ex.o
 .debug_abbrev  0x000028d5      0x207 Drivers/STM32F1xx_HAL_Driver/stm32f1xx_hal_tim.o
 .debug_abbrev  0x00002adc      0x1fe Drivers/STM32F1xx_HAL_Driver/stm32f1xx_hal_tim_ex.o
 .debug_abbrev  0x00002cda      0x123 Drivers/CMSIS/system_stm32f1xx.o
 .debug_abbrev  0x00002dfd      0x26e Application/User/gui.o
 .debug_abbrev  0x0000306b      0x21c Application/User/main.o
 .debug_abbrev  0x00003287      0x156 Application/User/motor_control.o
 .debug_abbrev  0x000033dd      0x15a Application/User/stm32f1xx_hal_msp.o
 .debug_abbrev  0x00003537      0x133 Application/User/stm32f1xx_it.o
 .debug_abbrev  0x0000366a       0x12 Application/SW4STM32/startup_stm32f103xb.o

.debug_aranges  0x00000000     0x16a8
 .debug_aranges
                0x00000000      0x1b0 Middlewares/FreeRTOS/cmsis_os.o
 .debug_aranges
                0x000001b0       0x50 Middlewares/FreeRTOS/heap_4.o
 .debug_aranges
                0x00000200       0x40 Middlewares/FreeRTOS/list.o
 .debug_aranges
                0x00000240       0x90 Middlewares/FreeRTOS/port.o
 .debug_aranges
                0x000002d0       0xf8 Middlewares/FreeRTOS/queue.o
 .debug_aranges
                0x000003c8      0x1a8 Middlewares/FreeRTOS/tasks.o
 .debug_aranges
                0x00000570       0x38 Drivers/u8glib/src/u8g_arm.o
 .debug_aranges
                0x000005a8       0x20 Drivers/u8glib/src/u8g_clip.o
 .debug_aranges
                0x000005c8       0x68 Drivers/u8glib/src/u8g_com_api.o
 .debug_aranges
                0x00000630       0x20 Drivers/u8glib/src/u8g_com_null.o
 .debug_aranges
                0x00000650       0x40 Drivers/u8glib/src/u8g_dev_ssd1306_128x64.o
 .debug_aranges
                0x00000690      0x2a8 Drivers/u8glib/src/u8g_font.o
 .debug_aranges
                0x00000938       0x18 Drivers/u8glib/src/u8g_font_data.o
 .debug_aranges
                0x00000950      0x140 Drivers/u8glib/src/u8g_ll_api.o
 .debug_aranges
                0x00000a90       0x30 Drivers/u8glib/src/u8g_page.o
 .debug_aranges
                0x00000ac0       0x50 Drivers/u8glib/src/u8g_pb.o
 .debug_aranges
                0x00000b10       0x50 Drivers/u8glib/src/u8g_pb16v1.o
 .debug_aranges
                0x00000b60       0x48 Drivers/u8glib/src/u8g_pb8v1.o
 .debug_aranges
                0x00000ba8       0x60 Drivers/u8glib/src/u8g_rect.o
 .debug_aranges
                0x00000c08       0x30 Drivers/u8glib/src/u8g_state.o
 .debug_aranges
                0x00000c38       0xb0 Drivers/STM32F1xx_HAL_Driver/stm32f1xx_hal.o
 .debug_aranges
                0x00000ce8      0x100 Drivers/STM32F1xx_HAL_Driver/stm32f1xx_hal_cortex.o
 .debug_aranges
                0x00000de8       0x58 Drivers/STM32F1xx_HAL_Driver/stm32f1xx_hal_gpio.o
 .debug_aranges
                0x00000e40       0x88 Drivers/STM32F1xx_HAL_Driver/stm32f1xx_hal_rcc.o
 .debug_aranges
                0x00000ec8      0x158 Drivers/STM32F1xx_HAL_Driver/stm32f1xx_hal_spi.o
 .debug_aranges
                0x00001020       0x28 Drivers/STM32F1xx_HAL_Driver/stm32f1xx_hal_spi_ex.o
 .debug_aranges
                0x00001048      0x368 Drivers/STM32F1xx_HAL_Driver/stm32f1xx_hal_tim.o
 .debug_aranges
                0x000013b0      0x138 Drivers/STM32F1xx_HAL_Driver/stm32f1xx_hal_tim_ex.o
 .debug_aranges
                0x000014e8       0x28 Drivers/CMSIS/system_stm32f1xx.o
 .debug_aranges
                0x00001510       0x80 Application/User/gui.o
 .debug_aranges
                0x00001590       0x50 Application/User/main.o
 .debug_aranges
                0x000015e0       0x20 Application/User/motor_control.o
 .debug_aranges
                0x00001600       0x50 Application/User/stm32f1xx_hal_msp.o
 .debug_aranges
                0x00001650       0x30 Application/User/stm32f1xx_it.o
 .debug_aranges
                0x00001680       0x28 Application/SW4STM32/startup_stm32f103xb.o

.debug_ranges   0x00000000     0x14b0
 .debug_ranges  0x00000000      0x1a0 Middlewares/FreeRTOS/cmsis_os.o
 .debug_ranges  0x000001a0       0x40 Middlewares/FreeRTOS/heap_4.o
 .debug_ranges  0x000001e0       0x30 Middlewares/FreeRTOS/list.o
 .debug_ranges  0x00000210       0x80 Middlewares/FreeRTOS/port.o
 .debug_ranges  0x00000290       0xe8 Middlewares/FreeRTOS/queue.o
 .debug_ranges  0x00000378      0x198 Middlewares/FreeRTOS/tasks.o
 .debug_ranges  0x00000510       0x28 Drivers/u8glib/src/u8g_arm.o
 .debug_ranges  0x00000538       0x48 Drivers/u8glib/src/u8g_clip.o
 .debug_ranges  0x00000580       0x58 Drivers/u8glib/src/u8g_com_api.o
 .debug_ranges  0x000005d8       0x10 Drivers/u8glib/src/u8g_com_null.o
 .debug_ranges  0x000005e8       0x30 Drivers/u8glib/src/u8g_dev_ssd1306_128x64.o
 .debug_ranges  0x00000618      0x298 Drivers/u8glib/src/u8g_font.o
 .debug_ranges  0x000008b0      0x130 Drivers/u8glib/src/u8g_ll_api.o
 .debug_ranges  0x000009e0       0x20 Drivers/u8glib/src/u8g_page.o
 .debug_ranges  0x00000a00       0x40 Drivers/u8glib/src/u8g_pb.o
 .debug_ranges  0x00000a40       0x40 Drivers/u8glib/src/u8g_pb16v1.o
 .debug_ranges  0x00000a80       0x38 Drivers/u8glib/src/u8g_pb8v1.o
 .debug_ranges  0x00000ab8       0x50 Drivers/u8glib/src/u8g_rect.o
 .debug_ranges  0x00000b08       0x20 Drivers/u8glib/src/u8g_state.o
 .debug_ranges  0x00000b28       0xa0 Drivers/STM32F1xx_HAL_Driver/stm32f1xx_hal.o
 .debug_ranges  0x00000bc8       0xf0 Drivers/STM32F1xx_HAL_Driver/stm32f1xx_hal_cortex.o
 .debug_ranges  0x00000cb8       0x48 Drivers/STM32F1xx_HAL_Driver/stm32f1xx_hal_gpio.o
 .debug_ranges  0x00000d00       0x78 Drivers/STM32F1xx_HAL_Driver/stm32f1xx_hal_rcc.o
 .debug_ranges  0x00000d78      0x148 Drivers/STM32F1xx_HAL_Driver/stm32f1xx_hal_spi.o
 .debug_ranges  0x00000ec0       0x18 Drivers/STM32F1xx_HAL_Driver/stm32f1xx_hal_spi_ex.o
 .debug_ranges  0x00000ed8      0x358 Drivers/STM32F1xx_HAL_Driver/stm32f1xx_hal_tim.o
 .debug_ranges  0x00001230      0x128 Drivers/STM32F1xx_HAL_Driver/stm32f1xx_hal_tim_ex.o
 .debug_ranges  0x00001358       0x18 Drivers/CMSIS/system_stm32f1xx.o
 .debug_ranges  0x00001370       0x70 Application/User/gui.o
 .debug_ranges  0x000013e0       0x40 Application/User/main.o
 .debug_ranges  0x00001420       0x10 Application/User/motor_control.o
 .debug_ranges  0x00001430       0x40 Application/User/stm32f1xx_hal_msp.o
 .debug_ranges  0x00001470       0x20 Application/User/stm32f1xx_it.o
 .debug_ranges  0x00001490       0x20 Application/SW4STM32/startup_stm32f103xb.o

.debug_macro    0x00000000    0x126e6
 .debug_macro   0x00000000      0x1cd Middlewares/FreeRTOS/cmsis_os.o
 .debug_macro   0x000001cd      0x886 Middlewares/FreeRTOS/cmsis_os.o
 .debug_macro   0x00000a53       0x58 Middlewares/FreeRTOS/cmsis_os.o
 .debug_macro   0x00000aab       0x22 Middlewares/FreeRTOS/cmsis_os.o
 .debug_macro   0x00000acd       0x35 Middlewares/FreeRTOS/cmsis_os.o
 .debug_macro   0x00000b02       0x9c Middlewares/FreeRTOS/cmsis_os.o
 .debug_macro   0x00000b9e      0x16d Middlewares/FreeRTOS/cmsis_os.o
 .debug_macro   0x00000d0b       0x4a Middlewares/FreeRTOS/cmsis_os.o
 .debug_macro   0x00000d55       0x52 Middlewares/FreeRTOS/cmsis_os.o
 .debug_macro   0x00000da7       0x16 Middlewares/FreeRTOS/cmsis_os.o
 .debug_macro   0x00000dbd       0x43 Middlewares/FreeRTOS/cmsis_os.o
 .debug_macro   0x00000e00      0x180 Middlewares/FreeRTOS/cmsis_os.o
 .debug_macro   0x00000f80      0x27a Middlewares/FreeRTOS/cmsis_os.o
 .debug_macro   0x000011fa       0x10 Middlewares/FreeRTOS/cmsis_os.o
 .debug_macro   0x0000120a       0x35 Middlewares/FreeRTOS/cmsis_os.o
 .debug_macro   0x0000123f       0x16 Middlewares/FreeRTOS/cmsis_os.o
 .debug_macro   0x00001255       0x1c Middlewares/FreeRTOS/cmsis_os.o
 .debug_macro   0x00001271      0x1f7 Middlewares/FreeRTOS/cmsis_os.o
 .debug_macro   0x00001468       0x26 Middlewares/FreeRTOS/cmsis_os.o
 .debug_macro   0x0000148e       0xc4 Middlewares/FreeRTOS/cmsis_os.o
 .debug_macro   0x00001552       0xd2 Middlewares/FreeRTOS/cmsis_os.o
 .debug_macro   0x00001624       0x5e Middlewares/FreeRTOS/cmsis_os.o
 .debug_macro   0x00001682       0xd9 Middlewares/FreeRTOS/cmsis_os.o
 .debug_macro   0x0000175b       0x10 Middlewares/FreeRTOS/cmsis_os.o
 .debug_macro   0x0000176b       0x1f Middlewares/FreeRTOS/cmsis_os.o
 .debug_macro   0x0000178a      0x3ae Middlewares/FreeRTOS/cmsis_os.o
 .debug_macro   0x00001b38       0xc0 Middlewares/FreeRTOS/cmsis_os.o
 .debug_macro   0x00001bf8       0x8c Middlewares/FreeRTOS/cmsis_os.o
 .debug_macro   0x00001c84       0x91 Middlewares/FreeRTOS/cmsis_os.o
 .debug_macro   0x00001d15       0xb0 Middlewares/FreeRTOS/cmsis_os.o
 .debug_macro   0x00001dc5       0x7f Middlewares/FreeRTOS/cmsis_os.o
 .debug_macro   0x00001e44       0xcf Middlewares/FreeRTOS/cmsis_os.o
 .debug_macro   0x00001f13      0x18a Middlewares/FreeRTOS/heap_4.o
 .debug_macro   0x0000209d      0x163 Middlewares/FreeRTOS/list.o
 .debug_macro   0x00002200      0x165 Middlewares/FreeRTOS/port.o
 .debug_macro   0x00002365      0x1d5 Middlewares/FreeRTOS/queue.o
 .debug_macro   0x0000253a       0x16 Middlewares/FreeRTOS/queue.o
 .debug_macro   0x00002550      0x211 Middlewares/FreeRTOS/tasks.o
 .debug_macro   0x00002761       0x16 Middlewares/FreeRTOS/tasks.o
 .debug_macro   0x00002777      0x275 Drivers/u8glib/src/u8g_arm.o
 .debug_macro   0x000029ec       0x10 Drivers/u8glib/src/u8g_arm.o
 .debug_macro   0x000029fc      0x3fb Drivers/u8glib/src/u8g_arm.o
 .debug_macro   0x00002df7      0x192 Drivers/u8glib/src/u8g_arm.o
 .debug_macro   0x00002f89       0x2e Drivers/u8glib/src/u8g_arm.o
 .debug_macro   0x00002fb7       0x22 Drivers/u8glib/src/u8g_arm.o
 .debug_macro   0x00002fd9       0x3a Drivers/u8glib/src/u8g_arm.o
 .debug_macro   0x00003013       0x34 Drivers/u8glib/src/u8g_arm.o
 .debug_macro   0x00003047      0xb8e Drivers/u8glib/src/u8g_arm.o
 .debug_macro   0x00003bd5     0x69eb Drivers/u8glib/src/u8g_arm.o
 .debug_macro   0x0000a5c0       0x43 Drivers/u8glib/src/u8g_arm.o
 .debug_macro   0x0000a603     0x31c3 Drivers/u8glib/src/u8g_arm.o
 .debug_macro   0x0000d7c6       0x16 Drivers/u8glib/src/u8g_arm.o
 .debug_macro   0x0000d7dc       0x10 Drivers/u8glib/src/u8g_arm.o
 .debug_macro   0x0000d7ec       0x10 Drivers/u8glib/src/u8g_arm.o
 .debug_macro   0x0000d7fc       0x22 Drivers/u8glib/src/u8g_arm.o
 .debug_macro   0x0000d81e       0xbd Drivers/u8glib/src/u8g_arm.o
 .debug_macro   0x0000d8db       0x16 Drivers/u8glib/src/u8g_arm.o
 .debug_macro   0x0000d8f1      0x165 Drivers/u8glib/src/u8g_arm.o
 .debug_macro   0x0000da56       0x50 Drivers/u8glib/src/u8g_arm.o
 .debug_macro   0x0000daa6      0x77f Drivers/u8glib/src/u8g_arm.o
 .debug_macro   0x0000e225      0x28b Drivers/u8glib/src/u8g_arm.o
 .debug_macro   0x0000e4b0      0x141 Drivers/u8glib/src/u8g_arm.o
 .debug_macro   0x0000e5f1      0x197 Drivers/u8glib/src/u8g_arm.o
 .debug_macro   0x0000e788      0x1a7 Drivers/u8glib/src/u8g_arm.o
 .debug_macro   0x0000e92f       0x2d Drivers/u8glib/src/u8g_arm.o
 .debug_macro   0x0000e95c       0x3c Drivers/u8glib/src/u8g_arm.o
 .debug_macro   0x0000e998       0x57 Drivers/u8glib/src/u8g_arm.o
 .debug_macro   0x0000e9ef       0x8c Drivers/u8glib/src/u8g_arm.o
 .debug_macro   0x0000ea7b      0x242 Drivers/u8glib/src/u8g_arm.o
 .debug_macro   0x0000ecbd      0x143 Drivers/u8glib/src/u8g_arm.o
 .debug_macro   0x0000ee00      0x1f4 Drivers/u8glib/src/u8g_arm.o
 .debug_macro   0x0000eff4      0x83e Drivers/u8glib/src/u8g_arm.o
 .debug_macro   0x0000f832       0x11 Drivers/u8glib/src/u8g_arm.o
 .debug_macro   0x0000f843       0x7c Drivers/u8glib/src/u8g_arm.o
 .debug_macro   0x0000f8bf       0x1c Drivers/u8glib/src/u8g_arm.o
 .debug_macro   0x0000f8db       0x6e Drivers/u8glib/src/u8g_clip.o
 .debug_macro   0x0000f949       0x62 Drivers/u8glib/src/u8g_com_api.o
 .debug_macro   0x0000f9ab       0x62 Drivers/u8glib/src/u8g_com_null.o
 .debug_macro   0x0000fa0d       0x7b Drivers/u8glib/src/u8g_dev_ssd1306_128x64.o
 .debug_macro   0x0000fa88       0x68 Drivers/u8glib/src/u8g_font.o
 .debug_macro   0x0000faf0       0x62 Drivers/u8glib/src/u8g_font_data.o
 .debug_macro   0x0000fb52       0x66 Drivers/u8glib/src/u8g_ll_api.o
 .debug_macro   0x0000fbb8       0x62 Drivers/u8glib/src/u8g_page.o
 .debug_macro   0x0000fc1a       0x62 Drivers/u8glib/src/u8g_pb.o
 .debug_macro   0x0000fc7c      0x105 Drivers/u8glib/src/u8g_pb16v1.o
 .debug_macro   0x0000fd81      0x105 Drivers/u8glib/src/u8g_pb8v1.o
 .debug_macro   0x0000fe86       0x62 Drivers/u8glib/src/u8g_rect.o
 .debug_macro   0x0000fee8       0x66 Drivers/u8glib/src/u8g_state.o
 .debug_macro   0x0000ff4e      0x27e Drivers/STM32F1xx_HAL_Driver/stm32f1xx_hal.o
 .debug_macro   0x000101cc       0x34 Drivers/STM32F1xx_HAL_Driver/stm32f1xx_hal.o
 .debug_macro   0x00010200       0x97 Drivers/STM32F1xx_HAL_Driver/stm32f1xx_hal.o
 .debug_macro   0x00010297       0xf6 Drivers/STM32F1xx_HAL_Driver/stm32f1xx_hal.o
 .debug_macro   0x0001038d      0x25a Drivers/STM32F1xx_HAL_Driver/stm32f1xx_hal_cortex.o
 .debug_macro   0x000105e7      0x2ca Drivers/STM32F1xx_HAL_Driver/stm32f1xx_hal_gpio.o
 .debug_macro   0x000108b1      0x26c Drivers/STM32F1xx_HAL_Driver/stm32f1xx_hal_rcc.o
 .debug_macro   0x00010b1d      0x262 Drivers/STM32F1xx_HAL_Driver/stm32f1xx_hal_spi.o
 .debug_macro   0x00010d7f      0x25a Drivers/STM32F1xx_HAL_Driver/stm32f1xx_hal_spi_ex.o
 .debug_macro   0x00010fd9      0x25b Drivers/STM32F1xx_HAL_Driver/stm32f1xx_hal_tim.o
 .debug_macro   0x00011234      0x25a Drivers/STM32F1xx_HAL_Driver/stm32f1xx_hal_tim_ex.o
 .debug_macro   0x0001148e      0x260 Drivers/CMSIS/system_stm32f1xx.o
 .debug_macro   0x000116ee      0x3af Application/User/gui.o
 .debug_macro   0x00011a9d       0xd2 Application/User/gui.o
 .debug_macro   0x00011b6f       0x22 Application/User/gui.o
 .debug_macro   0x00011b91      0x359 Application/User/main.o
 .debug_macro   0x00011eea      0x26d Application/User/motor_control.o
 .debug_macro   0x00012157      0x25a Application/User/stm32f1xx_hal_msp.o
 .debug_macro   0x000123b1      0x335 Application/User/stm32f1xx_it.o

.debug_line     0x00000000    0x1109c
 .debug_line    0x00000000      0xb2c Middlewares/FreeRTOS/cmsis_os.o
 .debug_line    0x00000b2c      0x618 Middlewares/FreeRTOS/heap_4.o
 .debug_line    0x00001144      0x55c Middlewares/FreeRTOS/list.o
 .debug_line    0x000016a0      0x59a Middlewares/FreeRTOS/port.o
 .debug_line    0x00001c3a      0xadb Middlewares/FreeRTOS/queue.o
 .debug_line    0x00002715      0xdee Middlewares/FreeRTOS/tasks.o
 .debug_line    0x00003503      0x79b Drivers/u8glib/src/u8g_arm.o
 .debug_line    0x00003c9e      0x37a Drivers/u8glib/src/u8g_clip.o
 .debug_line    0x00004018      0x3fc Drivers/u8glib/src/u8g_com_api.o
 .debug_line    0x00004414      0x340 Drivers/u8glib/src/u8g_com_null.o
 .debug_line    0x00004754      0x3ec Drivers/u8glib/src/u8g_dev_ssd1306_128x64.o
 .debug_line    0x00004b40      0xb7b Drivers/u8glib/src/u8g_font.o
 .debug_line    0x000056bb      0x32c Drivers/u8glib/src/u8g_font_data.o
 .debug_line    0x000059e7      0x624 Drivers/u8glib/src/u8g_ll_api.o
 .debug_line    0x0000600b      0x36a Drivers/u8glib/src/u8g_page.o
 .debug_line    0x00006375      0x3dd Drivers/u8glib/src/u8g_pb.o
 .debug_line    0x00006752      0x479 Drivers/u8glib/src/u8g_pb16v1.o
 .debug_line    0x00006bcb      0x458 Drivers/u8glib/src/u8g_pb8v1.o
 .debug_line    0x00007023      0x43e Drivers/u8glib/src/u8g_rect.o
 .debug_line    0x00007461      0x35b Drivers/u8glib/src/u8g_state.o
 .debug_line    0x000077bc      0x84d Drivers/STM32F1xx_HAL_Driver/stm32f1xx_hal.o
 .debug_line    0x00008009      0x980 Drivers/STM32F1xx_HAL_Driver/stm32f1xx_hal_cortex.o
 .debug_line    0x00008989      0x8c2 Drivers/STM32F1xx_HAL_Driver/stm32f1xx_hal_gpio.o
 .debug_line    0x0000924b     0x1184 Drivers/STM32F1xx_HAL_Driver/stm32f1xx_hal_rcc.o
 .debug_line    0x0000a3cf      0xeec Drivers/STM32F1xx_HAL_Driver/stm32f1xx_hal_spi.o
 .debug_line    0x0000b2bb      0x713 Drivers/STM32F1xx_HAL_Driver/stm32f1xx_hal_spi_ex.o
 .debug_line    0x0000b9ce     0x1653 Drivers/STM32F1xx_HAL_Driver/stm32f1xx_hal_tim.o
 .debug_line    0x0000d021      0xc72 Drivers/STM32F1xx_HAL_Driver/stm32f1xx_hal_tim_ex.o
 .debug_line    0x0000dc93      0x730 Drivers/CMSIS/system_stm32f1xx.o
 .debug_line    0x0000e3c3      0xb6f Application/User/gui.o
 .debug_line    0x0000ef32      0x982 Application/User/main.o
 .debug_line    0x0000f8b4      0x719 Application/User/motor_control.o
 .debug_line    0x0000ffcd      0x74e Application/User/stm32f1xx_hal_msp.o
 .debug_line    0x0001071b      0x8be Application/User/stm32f1xx_it.o
 .debug_line    0x00010fd9       0xc3 Application/SW4STM32/startup_stm32f103xb.o

.debug_str      0x00000000    0x68d2c
 .debug_str     0x00000000     0xabcd Middlewares/FreeRTOS/cmsis_os.o
                               0xaebe (size before relaxing)
 .debug_str     0x0000abcd      0x35a Middlewares/FreeRTOS/heap_4.o
                               0x891b (size before relaxing)
 .debug_str     0x0000af27      0x154 Middlewares/FreeRTOS/list.o
                               0x822d (size before relaxing)
 .debug_str     0x0000b07b      0x758 Middlewares/FreeRTOS/port.o
                               0x6c96 (size before relaxing)
 .debug_str     0x0000b7d3      0x727 Middlewares/FreeRTOS/queue.o
                               0x990b (size before relaxing)
 .debug_str     0x0000befa     0x108f Middlewares/FreeRTOS/tasks.o