Archive member included because of file (symbol)

/home/artsin/bin/SystemWorkbench/plugins/fr.ac6.mcu.externaltools.arm-none.linux64_1.3.0.201507241112/tools/compiler/bin/../lib/gcc/arm-none-eabi/4.9.3/armv7-m/libgcc.a(_arm_addsubsf3.o)
                              Application/User/gui.o (__aeabi_fsub)
/home/artsin/bin/SystemWorkbench/plugins/fr.ac6.mcu.externaltools.arm-none.linux64_1.3.0.201507241112/tools/compiler/bin/../lib/gcc/arm-none-eabi/4.9.3/armv7-m/libgcc.a(_arm_muldivsf3.o)
                              Application/User/gui.o (__aeabi_fmul)
/home/artsin/bin/SystemWorkbench/plugins/fr.ac6.mcu.externaltools.arm-none.linux64_1.3.0.201507241112/tools/compiler/bin/../lib/gcc/arm-none-eabi/4.9.3/armv7-m/libgcc.a(_arm_fixsfsi.o)
                              Application/User/gui.o (__aeabi_f2iz)
/home/artsin/bin/SystemWorkbench/plugins/fr.ac6.mcu.externaltools.arm-none.linux64_1.3.0.201507241112/tools/compiler/bin/../lib/gcc/arm-none-eabi/4.9.3/armv7-m/libgcc.a(_arm_fixunssfsi.o)
                              Application/User/gui.o (__aeabi_f2uiz)
/home/artsin/bin/SystemWorkbench/plugins/fr.ac6.mcu.externaltools.arm-none.linux64_1.3.0.201507241112/tools/compiler/bin/../lib/gcc/arm-none-eabi/4.9.3/../../../../arm-none-eabi/lib/armv7-m/libc_nano.a(lib_a-exit.o)
                              /home/artsin/bin/SystemWorkbench/plugins/fr.ac6.mcu.externaltools.arm-none.linux64_1.3.0.201507241112/tools/compiler/bin/../lib/gcc/arm-none-eabi/4.9.3/../../../../arm-none-eabi/lib/armv7-m/crt0.o (exit)
/home/artsin/bin/SystemWorkbench/plugins/fr.ac6.mcu.externaltools.arm-none.linux64_1.3.0.201507241112/tools/compiler/bin/../lib/gcc/arm-none-eabi/4.9.3/../../../../arm-none-eabi/lib/armv7-m/libc_nano.a(lib_a-impure.o)
                              /home/artsin/bin/SystemWorkbench/plugins/fr.ac6.mcu.externaltools.arm-none.linux64_1.3.0.201507241112/tools/compiler/bin/../lib/gcc/arm-none-eabi/4.9.3/../../../../arm-none-eabi/lib/armv7-m/libc_nano.a(lib_a-exit.o) (_global_impure_ptr)
/home/artsin/bin/SystemWorkbench/plugins/fr.ac6.mcu.externaltools.arm-none.linux64_1.3.0.201507241112/tools/compiler/bin/../lib/gcc/arm-none-eabi/4.9.3/../../../../arm-none-eabi/lib/armv7-m/libc_nano.a(lib_a-init.o)
                              /home/artsin/bin/SystemWorkbench/plugins/fr.ac6.mcu.externaltools.arm-none.linux64_1.3.0.201507241112/tools/compiler/bin/../lib/gcc/arm-none-eabi/4.9.3/../../../../arm-none-eabi/lib/armv7-m/crt0.o (__libc_init_array)
/home/artsin/bin/SystemWorkbench/plugins/fr.ac6.mcu.externaltools.arm-none.linux64_1.3.0.201507241112/tools/compiler/bin/../lib/gcc/arm-none-eabi/4.9.3/../../../../arm-none-eabi/lib/armv7-m/libc_nano.a(lib_a-memcpy.o)
                              Middlewares/FreeRTOS/queue.o (memcpy)
/home/artsin/bin/SystemWorkbench/plugins/fr.ac6.mcu.externaltools.arm-none.linux64_1.3.0.201507241112/tools/compiler/bin/../lib/gcc/arm-none-eabi/4.9.3/../../../../arm-none-eabi/lib/armv7-m/libc_nano.a(lib_a-memset.o)
                              /home/artsin/bin/SystemWorkbench/plugins/fr.ac6.mcu.externaltools.arm-none.linux64_1.3.0.201507241112/tools/compiler/bin/../lib/gcc/arm-none-eabi/4.9.3/../../../../arm-none-eabi/lib/armv7-m/crt0.o (memset)
/home/artsin/bin/SystemWorkbench/plugins/fr.ac6.mcu.externaltools.arm-none.linux64_1.3.0.201507241112/tools/compiler/bin/../lib/gcc/arm-none-eabi/4.9.3/../../../../arm-none-eabi/lib/armv7-m/libc_nano.a(lib_a-sprintf.o)
                              Application/User/gui.o (sprintf)
/home/artsin/bin/SystemWorkbench/plugins/fr.ac6.mcu.externaltools.arm-none.linux64_1.3.0.201507241112/tools/compiler/bin/../lib/gcc/arm-none-eabi/4.9.3/../../../../arm-none-eabi/lib/armv7-m/libc_nano.a(lib_a-nano-svfprintf.o)
                              /home/artsin/bin/SystemWorkbench/plugins/fr.ac6.mcu.externaltools.arm-none.linux64_1.3.0.201507241112/tools/compiler/bin/../lib/gcc/arm-none-eabi/4.9.3/../../../../arm-none-eabi/lib/armv7-m/libc_nano.a(lib_a-sprintf.o) (_svfprintf_r)
/home/artsin/bin/SystemWorkbench/plugins/fr.ac6.mcu.externaltools.arm-none.linux64_1.3.0.201507241112/tools/compiler/bin/../lib/gcc/arm-none-eabi/4.9.3/../../../../arm-none-eabi/lib/armv7-m/libc_nano.a(lib_a-nano-vfprintf_i.o)
                              /home/artsin/bin/SystemWorkbench/plugins/fr.ac6.mcu.externaltools.arm-none.linux64_1.3.0.201507241112/tools/compiler/bin/../lib/gcc/arm-none-eabi/4.9.3/../../../../arm-none-eabi/lib/armv7-m/libc_nano.a(lib_a-nano-svfprintf.o) (_printf_i)
/home/artsin/bin/SystemWorkbench/plugins/fr.ac6.mcu.externaltools.arm-none.linux64_1.3.0.201507241112/tools/compiler/bin/../lib/gcc/arm-none-eabi/4.9.3/../../../../arm-none-eabi/lib/armv7-m/libc_nano.a(lib_a-memchr.o)
                              /home/artsin/bin/SystemWorkbench/plugins/fr.ac6.mcu.externaltools.arm-none.linux64_1.3.0.201507241112/tools/compiler/bin/../lib/gcc/arm-none-eabi/4.9.3/../../../../arm-none-eabi/lib/armv7-m/libc_nano.a(lib_a-nano-svfprintf.o) (memchr)
[...]
Memory Configuration

Name             Origin             Length             Attributes
FLASH            0x08000000         0x00010000         xr
RAM              0x20000000         0x00005000         xrw
*default*        0x00000000         0xffffffff

Linker script and memory map

LOAD /home/artsin/bin/SystemWorkbench/plugins/fr.ac6.mcu.externaltools.arm-none.linux64_1.3.0.201507241112/tools/compiler/bin/../lib/gcc/arm-none-eabi/4.9.3/armv7-m/crti.o
LOAD /home/artsin/bin/SystemWorkbench/plugins/fr.ac6.mcu.externaltools.arm-none.linux64_1.3.0.201507241112/tools/compiler/bin/../lib/gcc/arm-none-eabi/4.9.3/armv7-m/crtbegin.o
LOAD /home/artsin/bin/SystemWorkbench/plugins/fr.ac6.mcu.externaltools.arm-none.linux64_1.3.0.201507241112/tools/compiler/bin/../lib/gcc/arm-none-eabi/4.9.3/../../../../arm-none-eabi/lib/armv7-m/crt0.o
LOAD /home/artsin/bin/SystemWorkbench/plugins/fr.ac6.mcu.externaltools.arm-none.linux64_1.3.0.201507241112/tools/compiler/bin/../lib/gcc/arm-none-eabi/4.9.3/../../../../arm-none-eabi/lib/armv7-m/libm.a
LOAD Middlewares/FreeRTOS/cmsis_os.o
LOAD Middlewares/FreeRTOS/croutine.o
LOAD Middlewares/FreeRTOS/event_groups.o
LOAD Middlewares/FreeRTOS/heap_4.o
LOAD Middlewares/FreeRTOS/list.o
LOAD Middlewares/FreeRTOS/port.o
LOAD Middlewares/FreeRTOS/queue.o
LOAD Middlewares/FreeRTOS/tasks.o
LOAD Middlewares/FreeRTOS/timers.o
LOAD Drivers/u8glib/src/u8g_arm.o
LOAD Drivers/u8glib/src/u8g_bitmap.o
LOAD Drivers/u8glib/src/u8g_circle.o
LOAD Drivers/u8glib/src/u8g_clip.o
LOAD Drivers/u8glib/src/u8g_com_api.o
LOAD Drivers/u8glib/src/u8g_com_api_16gr.o
LOAD Drivers/u8glib/src/u8g_com_i2c.o
LOAD Drivers/u8glib/src/u8g_com_io.o
LOAD Drivers/u8glib/src/u8g_com_msp430_hw_spi.o
LOAD Drivers/u8glib/src/u8g_com_null.o
LOAD Drivers/u8glib/src/u8g_com_raspberrypi_hw_spi.o
LOAD Drivers/u8glib/src/u8g_com_raspberrypi_ssd_i2c.o
LOAD Drivers/u8glib/src/u8g_com_std_sw_spi.o
LOAD Drivers/u8glib/src/u8g_cursor.o
LOAD Drivers/u8glib/src/u8g_delay.o
LOAD Drivers/u8glib/src/u8g_dev_a2_micro_printer.o
LOAD Drivers/u8glib/src/u8g_dev_flipdisc_2x7.o
LOAD Drivers/u8glib/src/u8g_dev_gprof.o
LOAD Drivers/u8glib/src/u8g_dev_ht1632.o
LOAD Drivers/u8glib/src/u8g_dev_ili9325d_320x240.o
LOAD Drivers/u8glib/src/u8g_dev_ks0108_128x64.o
LOAD Drivers/u8glib/src/u8g_dev_lc7981_160x80.o
LOAD Drivers/u8glib/src/u8g_dev_lc7981_240x128.o
LOAD Drivers/u8glib/src/u8g_dev_lc7981_240x64.o
LOAD Drivers/u8glib/src/u8g_dev_lc7981_320x64.o
LOAD Drivers/u8glib/src/u8g_dev_ld7032_60x32.o
LOAD Drivers/u8glib/src/u8g_dev_null.o
LOAD Drivers/u8glib/src/u8g_dev_pcd8544_84x48.o
LOAD Drivers/u8glib/src/u8g_dev_pcf8812_96x65.o
LOAD Drivers/u8glib/src/u8g_dev_sbn1661_122x32.o
LOAD Drivers/u8glib/src/u8g_dev_ssd1306_128x32.o
LOAD Drivers/u8glib/src/u8g_dev_ssd1306_128x64.o
LOAD Drivers/u8glib/src/u8g_dev_ssd1306_64x48.o
LOAD Drivers/u8glib/src/u8g_dev_ssd1309_128x64.o
LOAD Drivers/u8glib/src/u8g_dev_ssd1322_nhd31oled_bw.o
LOAD Drivers/u8glib/src/u8g_dev_ssd1322_nhd31oled_gr.o
LOAD Drivers/u8glib/src/u8g_dev_ssd1325_nhd27oled_bw.o
LOAD Drivers/u8glib/src/u8g_dev_ssd1325_nhd27oled_bw_new.o
LOAD Drivers/u8glib/src/u8g_dev_ssd1325_nhd27oled_gr.o
LOAD Drivers/u8glib/src/u8g_dev_ssd1325_nhd27oled_gr_new.o
LOAD Drivers/u8glib/src/u8g_dev_ssd1327_96x96_gr.o
LOAD Drivers/u8glib/src/u8g_dev_ssd1351_128x128.o
LOAD Drivers/u8glib/src/u8g_dev_ssd1353_160x128.o
LOAD Drivers/u8glib/src/u8g_dev_st7565_64128n.o
LOAD Drivers/u8glib/src/u8g_dev_st7565_dogm128.o
LOAD Drivers/u8glib/src/u8g_dev_st7565_dogm132.o
LOAD Drivers/u8glib/src/u8g_dev_st7565_lm6059.o
LOAD Drivers/u8glib/src/u8g_dev_st7565_lm6063.o
LOAD Drivers/u8glib/src/u8g_dev_st7565_nhd_c12832.o
LOAD Drivers/u8glib/src/u8g_dev_st7565_nhd_c12864.o
LOAD Drivers/u8glib/src/u8g_dev_st7687_c144mvgd.o
LOAD Drivers/u8glib/src/u8g_dev_st7920_128x64.o
LOAD Drivers/u8glib/src/u8g_dev_st7920_192x32.o
LOAD Drivers/u8glib/src/u8g_dev_st7920_202x32.o
LOAD Drivers/u8glib/src/u8g_dev_t6963_128x128.o
LOAD Drivers/u8glib/src/u8g_dev_t6963_128x64.o
LOAD Drivers/u8glib/src/u8g_dev_t6963_240x128.o
LOAD Drivers/u8glib/src/u8g_dev_t6963_240x64.o
LOAD Drivers/u8glib/src/u8g_dev_tls8204_84x48.o
LOAD Drivers/u8glib/src/u8g_dev_uc1601_c128032.o
LOAD Drivers/u8glib/src/u8g_dev_uc1608_240x128.o
LOAD Drivers/u8glib/src/u8g_dev_uc1608_240x64.o
LOAD Drivers/u8glib/src/u8g_dev_uc1610_dogxl160.o
LOAD Drivers/u8glib/src/u8g_dev_uc1611_dogm240.o
LOAD Drivers/u8glib/src/u8g_dev_uc1611_dogxl240.o
LOAD Drivers/u8glib/src/u8g_dev_uc1701_dogs102.o
LOAD Drivers/u8glib/src/u8g_dev_uc1701_mini12864.o
LOAD Drivers/u8glib/src/u8g_ellipse.o
LOAD Drivers/u8glib/src/u8g_font.o
LOAD Drivers/u8glib/src/u8g_font_data.o
LOAD Drivers/u8glib/src/u8g_line.o
LOAD Drivers/u8glib/src/u8g_ll_api.o
LOAD Drivers/u8glib/src/u8g_page.o
LOAD Drivers/u8glib/src/u8g_pb.o
LOAD Drivers/u8glib/src/u8g_pb14v1.o
LOAD Drivers/u8glib/src/u8g_pb16h1.o
LOAD Drivers/u8glib/src/u8g_pb16h2.o
LOAD Drivers/u8glib/src/u8g_pb16v1.o
LOAD Drivers/u8glib/src/u8g_pb16v2.o
LOAD Drivers/u8glib/src/u8g_pb32h1.o
LOAD Drivers/u8glib/src/u8g_pb8h1.o
LOAD Drivers/u8glib/src/u8g_pb8h1f.o
LOAD Drivers/u8glib/src/u8g_pb8h2.o
LOAD Drivers/u8glib/src/u8g_pb8h8.o
LOAD Drivers/u8glib/src/u8g_pb8v1.o
LOAD Drivers/u8glib/src/u8g_pb8v2.o
LOAD Drivers/u8glib/src/u8g_pbxh16.o
LOAD Drivers/u8glib/src/u8g_pbxh24.o
LOAD Drivers/u8glib/src/u8g_polygon.o
LOAD Drivers/u8glib/src/u8g_rect.o
LOAD Drivers/u8glib/src/u8g_rot.o
LOAD Drivers/u8glib/src/u8g_scale.o
LOAD Drivers/u8glib/src/u8g_state.o
LOAD Drivers/u8glib/src/u8g_u16toa.o
LOAD Drivers/u8glib/src/u8g_u8toa.o
LOAD Drivers/u8glib/src/u8g_virtual_screen.o
LOAD Drivers/STM32F1xx_HAL_Driver/stm32f1xx_hal.o
LOAD Drivers/STM32F1xx_HAL_Driver/stm32f1xx_hal_cortex.o
LOAD Drivers/STM32F1xx_HAL_Driver/stm32f1xx_hal_dma.o
LOAD Drivers/STM32F1xx_HAL_Driver/stm32f1xx_hal_flash.o
LOAD Drivers/STM32F1xx_HAL_Driver/stm32f1xx_hal_flash_ex.o
LOAD Drivers/STM32F1xx_HAL_Driver/stm32f1xx_hal_gpio.o
LOAD Drivers/STM32F1xx_HAL_Driver/stm32f1xx_hal_pwr.o
LOAD Drivers/STM32F1xx_HAL_Driver/stm32f1xx_hal_rcc.o
LOAD Drivers/STM32F1xx_HAL_Driver/stm32f1xx_hal_rcc_ex.o
LOAD Drivers/STM32F1xx_HAL_Driver/stm32f1xx_hal_rtc.o
LOAD Drivers/STM32F1xx_HAL_Driver/stm32f1xx_hal_rtc_ex.o
LOAD Drivers/STM32F1xx_HAL_Driver/stm32f1xx_hal_spi.o
LOAD Drivers/STM32F1xx_HAL_Driver/stm32f1xx_hal_spi_ex.o
LOAD Drivers/STM32F1xx_HAL_Driver/stm32f1xx_hal_tim.o
LOAD Drivers/STM32F1xx_HAL_Driver/stm32f1xx_hal_tim_ex.o
LOAD Drivers/CMSIS/system_stm32f1xx.o
LOAD Application/User/freertos.o
LOAD Application/User/gui.o
LOAD Application/User/main.o
LOAD Application/User/motor_control.o
LOAD Application/User/stm32f1xx_hal_msp.o
LOAD Application/User/stm32f1xx_it.o
LOAD Application/SW4STM32/startup_stm32f103xb.o
START GROUP
LOAD /home/artsin/bin/SystemWorkbench/plugins/fr.ac6.mcu.externaltools.arm-none.linux64_1.3.0.201507241112/tools/compiler/bin/../lib/gcc/arm-none-eabi/4.9.3/armv7-m/libgcc.a
LOAD /home/artsin/bin/SystemWorkbench/plugins/fr.ac6.mcu.externaltools.arm-none.linux64_1.3.0.201507241112/tools/compiler/bin/../lib/gcc/arm-none-eabi/4.9.3/../../../../arm-none-eabi/lib/armv7-m/libc_nano.a
END GROUP
START GROUP
LOAD /home/artsin/bin/SystemWorkbench/plugins/fr.ac6.mcu.externaltools.arm-none.linux64_1.3.0.201507241112/tools/compiler/bin/../lib/gcc/arm-none-eabi/4.9.3/armv7-m/libgcc.a
LOAD /home/artsin/bin/SystemWorkbench/plugins/fr.ac6.mcu.externaltools.arm-none.linux64_1.3.0.201507241112/tools/compiler/bin/../lib/gcc/arm-none-eabi/4.9.3/../../../../arm-none-eabi/lib/armv7-m/libc_nano.a
LOAD /home/artsin/bin/SystemWorkbench/plugins/fr.ac6.mcu.externaltools.arm-none.linux64_1.3.0.201507241112/tools/compiler/bin/../lib/gcc/arm-none-eabi/4.9.3/../../../../arm-none-eabi/lib/armv7-m/libnosys.a
END GROUP
START GROUP
LOAD /home/artsin/bin/SystemWorkbench/plugins/fr.ac6.mcu.externaltools.arm-none.linux64_1.3.0.201507241112/tools/compiler/bin/../lib/gcc/arm-none-eabi/4.9.3/armv7-m/libgcc.a
LOAD /home/artsin/bin/SystemWorkbench/plugins/fr.ac6.mcu.externaltools.arm-none.linux64_1.3.0.201507241112/tools/compiler/bin/../lib/gcc/arm-none-eabi/4.9.3/../../../../arm-none-eabi/lib/armv7-m/libc_nano.a
LOAD /home/artsin/bin/SystemWorkbench/plugins/fr.ac6.mcu.externaltools.arm-none.linux64_1.3.0.201507241112/tools/compiler/bin/../lib/gcc/arm-none-eabi/4.9.3/../../../../arm-none-eabi/lib/armv7-m/libnosys.a
END GROUP
LOAD /home/artsin/bin/SystemWorkbench/plugins/fr.ac6.mcu.externaltools.arm-none.linux64_1.3.0.201507241112/tools/compiler/bin/../lib/gcc/arm-none-eabi/4.9.3/armv7-m/crtend.o
LOAD /home/artsin/bin/SystemWorkbench/plugins/fr.ac6.mcu.externaltools.arm-none.linux64_1.3.0.201507241112/tools/compiler/bin/../lib/gcc/arm-none-eabi/4.9.3/armv7-m/crtn.o
                0x20005000                _estack = 0x20005000
                0x00000400                _Min_Heap_Size = 0x400
                0x00000200                _Min_Stack_Size = 0x200

.isr_vector     0x08000000      0x10c
                0x08000000                . = ALIGN (0x4)
 *(.isr_vector)
 .isr_vector    0x08000000      0x10c Application/SW4STM32/startup_stm32f103xb.o
                0x08000000                g_pfnVectors
                0x0800010c                . = ALIGN (0x4)

.text           0x0800010c     0x9b68
                0x0800010c                . = ALIGN (0x4)
 *(.text)
 .text          0x0800010c       0x5c /home/artsin/bin/SystemWorkbench/plugins/fr.ac6.mcu.externaltools.arm-none.linux64_1.3.0.201507241112/tools/compiler/bin/../lib/gcc/arm-none-eabi/4.9.3/armv7-m/crtbegin.o
 .text          0x08000168      0x21c /home/artsin/bin/SystemWorkbench/plugins/fr.ac6.mcu.externaltools.arm-none.linux64_1.3.0.201507241112/tools/compiler/bin/../lib/gcc/arm-none-eabi/4.9.3/armv7-m/libgcc.a(_arm_addsubsf3.o)
                0x08000168                __aeabi_frsub
                0x08000170                __subsf3
                0x08000170                __aeabi_fsub
                0x08000174                __aeabi_fadd
                0x08000174                __addsf3
                0x080002d4                __aeabi_ui2f
                0x080002d4                __floatunsisf
                0x080002dc                __aeabi_i2f
                0x080002dc                __floatsisf
                0x080002f8                __floatundisf
                0x080002f8                __aeabi_ul2f
                0x08000308                __floatdisf
                0x08000308                __aeabi_l2f
 .text          0x08000384      0x2a0 /home/artsin/bin/SystemWorkbench/plugins/fr.ac6.mcu.externaltools.arm-none.linux64_1.3.0.201507241112/tools/compiler/bin/../lib/gcc/arm-none-eabi/4.9.3/armv7-m/libgcc.a(_arm_muldivsf3.o)
                0x08000384                __mulsf3
                0x08000384                __aeabi_fmul
                0x080004ec                __divsf3
                0x080004ec                __aeabi_fdiv
 .text          0x08000624       0x4c /home/artsin/bin/SystemWorkbench/plugins/fr.ac6.mcu.externaltools.arm-none.linux64_1.3.0.201507241112/tools/compiler/bin/../lib/gcc/arm-none-eabi/4.9.3/armv7-m/libgcc.a(_arm_fixsfsi.o)
                0x08000624                __fixsfsi
                0x08000624                __aeabi_f2iz
 *(.text*)
 .text.makeFreeRtosPriority
                0x08000670       0x30 Middlewares/FreeRTOS/cmsis_os.o
 .text.osKernelStart
                0x080006a0       0x10 Middlewares/FreeRTOS/cmsis_os.o
                0x080006a0                osKernelStart
 .text.osThreadCreate
                0x080006b0       0x58 Middlewares/FreeRTOS/cmsis_os.o
                0x080006b0                osThreadCreate
 .text.osDelay  0x08000708       0x28 Middlewares/FreeRTOS/cmsis_os.o
                0x08000708                osDelay
 .text.osTimerCreate
                0x08000730       0x38 Middlewares/FreeRTOS/cmsis_os.o
                0x08000730                osTimerCreate
 .text.osSemaphoreCreate
                0x08000768       0x48 Middlewares/FreeRTOS/cmsis_os.o
                0x08000768                osSemaphoreCreate
 .text.osMessageCreate
                0x080007b0       0x28 Middlewares/FreeRTOS/cmsis_os.o
                0x080007b0                osMessageCreate
 .text.osSystickHandler
                0x080007d8       0x14 Middlewares/FreeRTOS/cmsis_os.o
                0x080007d8                osSystickHandler
 .text.pvPortMalloc
                0x080007ec      0x158 Middlewares/FreeRTOS/heap_4.o
                0x080007ec                pvPortMalloc
 .text.vPortFree
                0x08000944       0x94 Middlewares/FreeRTOS/heap_4.o
                0x08000944                vPortFree
 .text.prvHeapInit
                0x080009d8       0xc4 Middlewares/FreeRTOS/heap_4.o
 .text.prvInsertBlockIntoFreeList
                0x08000a9c       0xb0 Middlewares/FreeRTOS/heap_4.o
 .text.vListInitialise
                0x08000b4c       0x40 Middlewares/FreeRTOS/list.o
                0x08000b4c                vListInitialise
 .text.vListInitialiseItem
                0x08000b8c       0x18 Middlewares/FreeRTOS/list.o
                0x08000b8c                vListInitialiseItem
 .text.vListInsertEnd
                0x08000ba4       0x48 Middlewares/FreeRTOS/list.o
                0x08000ba4                vListInsertEnd
 .text.vListInsert
                0x08000bec       0x70 Middlewares/FreeRTOS/list.o
                0x08000bec                vListInsert
 .text.uxListRemove
                0x08000c5c       0x54 Middlewares/FreeRTOS/list.o
                0x08000c5c                uxListRemove
 .text.pxPortInitialiseStack
                0x08000cb0       0x58 Middlewares/FreeRTOS/port.o
                0x08000cb0                pxPortInitialiseStack
 .text.prvTaskExitError
                0x08000d08       0x20 Middlewares/FreeRTOS/port.o
 .text.SVC_Handler
                0x08000d28       0x24 Middlewares/FreeRTOS/port.o
                0x08000d28                SVC_Handler
 .text.prvPortStartFirstTask
                0x08000d4c       0x20 Middlewares/FreeRTOS/port.o
 .text.xPortStartScheduler
                0x08000d6c       0xbc Middlewares/FreeRTOS/port.o
                0x08000d6c                xPortStartScheduler
 .text.vPortYield
                0x08000e28       0x20 Middlewares/FreeRTOS/port.o
                0x08000e28                vPortYield
 .text.vPortEnterCritical
                0x08000e48       0x3c Middlewares/FreeRTOS/port.o
                0x08000e48                vPortEnterCritical
 .text.vPortExitCritical
                0x08000e84       0x30 Middlewares/FreeRTOS/port.o
                0x08000e84                vPortExitCritical
 .text.ulPortSetInterruptMask
                0x08000eb4       0x14 Middlewares/FreeRTOS/port.o
                0x08000eb4                ulPortSetInterruptMask
 .text.vPortClearInterruptMask
                0x08000ec8        0x8 Middlewares/FreeRTOS/port.o
                0x08000ec8                vPortClearInterruptMask
 .text.PendSV_Handler
                0x08000ed0       0x44 Middlewares/FreeRTOS/port.o
                0x08000ed0                PendSV_Handler
 .text.xPortSysTickHandler
                0x08000f14       0x28 Middlewares/FreeRTOS/port.o
                0x08000f14                xPortSysTickHandler
 .text.vPortSetupTimerInterrupt
                0x08000f3c       0x34 Middlewares/FreeRTOS/port.o
                0x08000f3c                vPortSetupTimerInterrupt
 .text.vPortValidateInterruptPriority
                0x08000f70       0x58 Middlewares/FreeRTOS/port.o
                0x08000f70                vPortValidateInterruptPriority
 .text.xQueueGenericReset
                0x08000fc8       0xb0 Middlewares/FreeRTOS/queue.o
                0x08000fc8                xQueueGenericReset
 .text.xQueueGenericCreate
                0x08001078       0x9c Middlewares/FreeRTOS/queue.o
                0x08001078                xQueueGenericCreate
 .text.xQueueCreateCountingSemaphore
                0x08001114       0x54 Middlewares/FreeRTOS/queue.o
                0x08001114                xQueueCreateCountingSemaphore
 .text.xQueueGenericSend
                0x08001168      0x18c Middlewares/FreeRTOS/queue.o
                0x08001168                xQueueGenericSend
 .text.xQueueGenericSendFromISR
                0x080012f4       0xd4 Middlewares/FreeRTOS/queue.o
                0x080012f4                xQueueGenericSendFromISR
 .text.xQueueGenericReceive
                0x080013c8      0x1bc Middlewares/FreeRTOS/queue.o
                0x080013c8                xQueueGenericReceive
 .text.uxQueueMessagesWaiting
                0x08001584       0x2c Middlewares/FreeRTOS/queue.o
                0x08001584                uxQueueMessagesWaiting
 .text.prvCopyDataToQueue
                0x080015b0       0xdc Middlewares/FreeRTOS/queue.o
 .text.prvCopyDataFromQueue
                0x0800168c       0x4c Middlewares/FreeRTOS/queue.o
 .text.prvUnlockQueue
                0x080016d8       0x98 Middlewares/FreeRTOS/queue.o
 .text.prvIsQueueEmpty
                0x08001770       0x2c Middlewares/FreeRTOS/queue.o
 .text.prvIsQueueFull
                0x0800179c       0x30 Middlewares/FreeRTOS/queue.o
 .text.vQueueAddToRegistry
                0x080017cc       0x50 Middlewares/FreeRTOS/queue.o
                0x080017cc                vQueueAddToRegistry
 .text.vQueueWaitForMessageRestricted
                0x0800181c       0x58 Middlewares/FreeRTOS/queue.o
                0x0800181c                vQueueWaitForMessageRestricted
 .text.xTaskGenericCreate
                0x08001874      0x168 Middlewares/FreeRTOS/tasks.o
                0x08001874                xTaskGenericCreate
 .text.vTaskDelay
                0x080019dc       0x84 Middlewares/FreeRTOS/tasks.o
                0x080019dc                vTaskDelay
 .text.vTaskStartScheduler
                0x08001a60       0x70 Middlewares/FreeRTOS/tasks.o
                0x08001a60                vTaskStartScheduler
 .text.vTaskSuspendAll
                0x08001ad0       0x1c Middlewares/FreeRTOS/tasks.o
                0x08001ad0                vTaskSuspendAll
 .text.xTaskResumeAll
                0x08001aec      0x10c Middlewares/FreeRTOS/tasks.o
                0x08001aec                xTaskResumeAll
 .text.xTaskGetTickCount
                0x08001bf8       0x20 Middlewares/FreeRTOS/tasks.o
                0x08001bf8                xTaskGetTickCount
 .text.xTaskIncrementTick
                0x08001c18      0x170 Middlewares/FreeRTOS/tasks.o
                0x08001c18                xTaskIncrementTick
 .text.vTaskSwitchContext
                0x08001d88       0xa0 Middlewares/FreeRTOS/tasks.o
                0x08001d88                vTaskSwitchContext
 .text.vTaskPlaceOnEventList
                0x08001e28       0x8c Middlewares/FreeRTOS/tasks.o
                0x08001e28                vTaskPlaceOnEventList
 .text.vTaskPlaceOnEventListRestricted
                0x08001eb4       0x70 Middlewares/FreeRTOS/tasks.o
                0x08001eb4                vTaskPlaceOnEventListRestricted
 .text.xTaskRemoveFromEventList
                0x08001f24       0xb8 Middlewares/FreeRTOS/tasks.o
                0x08001f24                xTaskRemoveFromEventList
 .text.vTaskSetTimeOutState
                0x08001fdc       0x34 Middlewares/FreeRTOS/tasks.o
                0x08001fdc                vTaskSetTimeOutState
 .text.xTaskCheckForTimeOut
                0x08002010       0xa0 Middlewares/FreeRTOS/tasks.o
                0x08002010                xTaskCheckForTimeOut
 .text.vTaskMissedYield
                0x080020b0       0x18 Middlewares/FreeRTOS/tasks.o
                0x080020b0                vTaskMissedYield
 .text.prvIdleTask
                0x080020c8       0x20 Middlewares/FreeRTOS/tasks.o
 .text.prvInitialiseTCBVariables
                0x080020e8       0xa4 Middlewares/FreeRTOS/tasks.o
 .text.prvInitialiseTaskLists
                0x0800218c       0x7c Middlewares/FreeRTOS/tasks.o
 .text.prvCheckTasksWaitingTermination
                0x08002208       0x74 Middlewares/FreeRTOS/tasks.o
 .text.prvAddCurrentTaskToDelayedList
                0x0800227c       0x6c Middlewares/FreeRTOS/tasks.o
 .text.prvAllocateTCBAndStack
                0x080022e8       0x70 Middlewares/FreeRTOS/tasks.o
 .text.prvDeleteTCB
                0x08002358       0x20 Middlewares/FreeRTOS/tasks.o
 .text.prvResetNextTaskUnblockTime
                0x08002378       0x48 Middlewares/FreeRTOS/tasks.o
 .text.xTaskGetSchedulerState
                0x080023c0       0x3c Middlewares/FreeRTOS/tasks.o
                0x080023c0                xTaskGetSchedulerState
 .text.vTaskPriorityInherit
                0x080023fc       0xf0 Middlewares/FreeRTOS/tasks.o
                0x080023fc                vTaskPriorityInherit
 .text.xTaskPriorityDisinherit
                0x080024ec       0xf0 Middlewares/FreeRTOS/tasks.o
                0x080024ec                xTaskPriorityDisinherit
 .text.pvTaskIncrementMutexHeldCount
                0x080025dc       0x28 Middlewares/FreeRTOS/tasks.o
                0x080025dc                pvTaskIncrementMutexHeldCount
 .text.xTimerCreateTimerTask
                0x08002604       0x58 Middlewares/FreeRTOS/timers.o
                0x08002604                xTimerCreateTimerTask
 .text.xTimerCreate
                0x0800265c       0x6c Middlewares/FreeRTOS/timers.o
                0x0800265c                xTimerCreate
 .text.xTimerGenericCommand
                0x080026c8       0x8c Middlewares/FreeRTOS/timers.o
                0x080026c8                xTimerGenericCommand
 .text.prvProcessExpiredTimer
                0x08002754       0x70 Middlewares/FreeRTOS/timers.o
 .text.prvTimerTask
                0x080027c4       0x24 Middlewares/FreeRTOS/timers.o
 .text.prvProcessTimerOrBlockTask
                0x080027e8       0x6c Middlewares/FreeRTOS/timers.o
 .text.prvGetNextExpireTime
                0x08002854       0x48 Middlewares/FreeRTOS/timers.o
 .text.prvSampleTimeNow
                0x0800289c       0x40 Middlewares/FreeRTOS/timers.o
 .text.prvInsertTimerInActiveList
                0x080028dc       0x84 Middlewares/FreeRTOS/timers.o
 .text.prvProcessReceivedCommands
                0x08002960      0x10c Middlewares/FreeRTOS/timers.o
 .text.prvSwitchTimerLists
                0x08002a6c       0xb0 Middlewares/FreeRTOS/timers.o
 .text.prvCheckForValidListAndQueue
                0x08002b1c       0x78 Middlewares/FreeRTOS/timers.o
 .text.xTimerIsTimerActive
                0x08002b94       0x30 Middlewares/FreeRTOS/timers.o
                0x08002b94                xTimerIsTimerActive
 .text.u8g_Delay
                0x08002bc4       0x18 Drivers/u8glib/src/u8g_arm.o
                0x08002bc4                u8g_Delay
 .text.u8g_MicroDelay
                0x08002bdc       0x24 Drivers/u8glib/src/u8g_arm.o
                0x08002bdc                u8g_MicroDelay
 .text.u8g_10MicroDelay
                0x08002c00       0x28 Drivers/u8glib/src/u8g_arm.o
                0x08002c00                u8g_10MicroDelay
 .text.u8g_com_hw_spi_fn
                0x08002c28      0x10c Drivers/u8glib/src/u8g_arm.o
                0x08002c28                u8g_com_hw_spi_fn
 .text.u8g_IsBBXIntersection
                0x08002d34       0xf8 Drivers/u8glib/src/u8g_clip.o
                0x08002d34                u8g_IsBBXIntersection
 .text.u8g_InitCom
                0x08002e2c       0x28 Drivers/u8glib/src/u8g_com_api.o
                0x08002e2c                u8g_InitCom
 .text.u8g_SetChipSelect
                0x08002e54       0x24 Drivers/u8glib/src/u8g_com_api.o
                0x08002e54                u8g_SetChipSelect
 .text.u8g_SetResetLow
                0x08002e78       0x20 Drivers/u8glib/src/u8g_com_api.o
                0x08002e78                u8g_SetResetLow
 .text.u8g_SetResetHigh
                0x08002e98       0x20 Drivers/u8glib/src/u8g_com_api.o
                0x08002e98                u8g_SetResetHigh
 .text.u8g_SetAddress
                0x08002eb8       0x24 Drivers/u8glib/src/u8g_com_api.o
                0x08002eb8                u8g_SetAddress
 .text.u8g_WriteByte
                0x08002edc       0x28 Drivers/u8glib/src/u8g_com_api.o
                0x08002edc                u8g_WriteByte
 .text.u8g_WriteSequence
                0x08002f04       0x2c Drivers/u8glib/src/u8g_com_api.o
                0x08002f04                u8g_WriteSequence
 .text.u8g_WriteEscSeqP
                0x08002f30      0x10c Drivers/u8glib/src/u8g_com_api.o
                0x08002f30                u8g_WriteEscSeqP
 .text.u8g_com_null_fn
                0x0800303c       0x4c Drivers/u8glib/src/u8g_com_null.o
                0x0800303c                u8g_com_null_fn
 .text.u8g_dev_ssd1306_128x64_fn
                0x08003088       0xf8 Drivers/u8glib/src/u8g_dev_ssd1306_128x64.o
                0x08003088                u8g_dev_ssd1306_128x64_fn
 .text.u8g_dev_ssd1306_adafruit_128x64_fn
                0x08003180       0xf8 Drivers/u8glib/src/u8g_dev_ssd1306_128x64.o
                0x08003180                u8g_dev_ssd1306_adafruit_128x64_fn
 .text.u8g_dev_sh1106_128x64_fn
                0x08003278       0xf8 Drivers/u8glib/src/u8g_dev_ssd1306_128x64.o
                0x08003278                u8g_dev_sh1106_128x64_fn
 .text.u8g_dev_ssd1306_128x64_2x_fn
                0x08003370      0x154 Drivers/u8glib/src/u8g_dev_ssd1306_128x64.o
                0x08003370                u8g_dev_ssd1306_128x64_2x_fn
 .text.u8g_dev_sh1106_128x64_2x_fn
                0x080034c4      0x154 Drivers/u8glib/src/u8g_dev_ssd1306_128x64.o
                0x080034c4                u8g_dev_sh1106_128x64_2x_fn
 .text.u8g_font_get_byte
                0x08003618       0x24 Drivers/u8glib/src/u8g_font.o
 .text.u8g_font_get_word
                0x0800363c       0x40 Drivers/u8glib/src/u8g_font.o
 .text.u8g_font_GetFormat
                0x0800367c       0x1c Drivers/u8glib/src/u8g_font.o
 .text.u8g_font_GetFontGlyphStructureSize
                0x08003698       0x34 Drivers/u8glib/src/u8g_font.o
 .text.u8g_font_GetCapitalAHeight
                0x080036cc       0x1c Drivers/u8glib/src/u8g_font.o
                0x080036cc                u8g_font_GetCapitalAHeight
 .text.u8g_font_GetEncoding65Pos
                0x080036e8       0x1c Drivers/u8glib/src/u8g_font.o
                0x080036e8                u8g_font_GetEncoding65Pos
 .text.u8g_font_GetEncoding97Pos
                0x08003704       0x1c Drivers/u8glib/src/u8g_font.o
                0x08003704                u8g_font_GetEncoding97Pos
 .text.u8g_font_GetFontStartEncoding
                0x08003720       0x1c Drivers/u8glib/src/u8g_font.o
                0x08003720                u8g_font_GetFontStartEncoding
 .text.u8g_font_GetFontEndEncoding
                0x0800373c       0x1c Drivers/u8glib/src/u8g_font.o
                0x0800373c                u8g_font_GetFontEndEncoding
 .text.u8g_font_GetLowerGDescent
                0x08003758       0x20 Drivers/u8glib/src/u8g_font.o
                0x08003758                u8g_font_GetLowerGDescent
 .text.u8g_font_GetFontAscent
                0x08003778       0x20 Drivers/u8glib/src/u8g_font.o
                0x08003778                u8g_font_GetFontAscent
 .text.u8g_font_GetFontDescent
                0x08003798       0x20 Drivers/u8glib/src/u8g_font.o
                0x08003798                u8g_font_GetFontDescent
 .text.u8g_font_GetFontXAscent
                0x080037b8       0x20 Drivers/u8glib/src/u8g_font.o
                0x080037b8                u8g_font_GetFontXAscent
 .text.u8g_font_GetFontXDescent
                0x080037d8       0x20 Drivers/u8glib/src/u8g_font.o
                0x080037d8                u8g_font_GetFontXDescent
 .text.u8g_font_GetGlyphDataStart
                0x080037f8       0x20 Drivers/u8glib/src/u8g_font.o
 .text.u8g_CopyGlyphDataToCache
                0x08003818       0xc0 Drivers/u8glib/src/u8g_font.o
 .text.u8g_FillEmptyGlyphCache
                0x080038d8       0x34 Drivers/u8glib/src/u8g_font.o
 .text.u8g_GetGlyph
                0x0800390c      0x130 Drivers/u8glib/src/u8g_font.o
                0x0800390c                u8g_GetGlyph
 .text.u8g_draw_glyph
                0x08003a3c      0x110 Drivers/u8glib/src/u8g_font.o
                0x08003a3c                u8g_draw_glyph
 .text.u8g_DrawStr
                0x08003b4c       0x64 Drivers/u8glib/src/u8g_font.o
                0x08003b4c                u8g_DrawStr
 .text.u8g_UpdateRefHeight
                0x08003bb0       0xf4 Drivers/u8glib/src/u8g_font.o
                0x08003bb0                u8g_UpdateRefHeight
 .text.u8g_font_calc_vref_font
                0x08003ca4       0x18 Drivers/u8glib/src/u8g_font.o
                0x08003ca4                u8g_font_calc_vref_font
 .text.u8g_SetFontPosBaseline
                0x08003cbc       0x1c Drivers/u8glib/src/u8g_font.o
                0x08003cbc                u8g_SetFontPosBaseline
 .text.u8g_GetStrWidth
                0x08003cd8       0x44 Drivers/u8glib/src/u8g_font.o
                0x08003cd8                u8g_GetStrWidth
 .text.u8g_SetFont
                0x08003d1c       0x2c Drivers/u8glib/src/u8g_font.o
                0x08003d1c                u8g_SetFont
 .text.u8g_call_dev_fn
                0x08003d48       0x2c Drivers/u8glib/src/u8g_ll_api.o
                0x08003d48                u8g_call_dev_fn
 .text.u8g_InitLL
                0x08003d74       0x3c Drivers/u8glib/src/u8g_ll_api.o
                0x08003d74                u8g_InitLL
 .text.u8g_FirstPageLL
                0x08003db0       0x44 Drivers/u8glib/src/u8g_ll_api.o
                0x08003db0                u8g_FirstPageLL
 .text.u8g_NextPageLL
                0x08003df4       0x50 Drivers/u8glib/src/u8g_ll_api.o
                0x08003df4                u8g_NextPageLL
 .text.u8g_Draw8PixelLL
                0x08003e44       0x4c Drivers/u8glib/src/u8g_ll_api.o
                0x08003e44                u8g_Draw8PixelLL
 .text.u8g_GetWidthLL
                0x08003e90       0x24 Drivers/u8glib/src/u8g_ll_api.o
                0x08003e90                u8g_GetWidthLL
 .text.u8g_GetHeightLL
                0x08003eb4       0x24 Drivers/u8glib/src/u8g_ll_api.o
                0x08003eb4                u8g_GetHeightLL
 .text.u8g_GetModeLL
                0x08003ed8       0x20 Drivers/u8glib/src/u8g_ll_api.o
                0x08003ed8                u8g_GetModeLL
 .text.u8g_UpdateDimension
                0x08003ef8       0x5c Drivers/u8glib/src/u8g_ll_api.o
                0x08003ef8                u8g_UpdateDimension
 .text.u8g_init_data
                0x08003f54       0x74 Drivers/u8glib/src/u8g_ll_api.o
 .text.u8g_Begin
                0x08003fc8       0x30 Drivers/u8glib/src/u8g_ll_api.o
                0x08003fc8                u8g_Begin
 .text.u8g_InitComFn
                0x08003ff8       0x30 Drivers/u8glib/src/u8g_ll_api.o
                0x08003ff8                u8g_InitComFn
 .text.u8g_FirstPage
                0x08004028       0x1c Drivers/u8glib/src/u8g_ll_api.o
                0x08004028                u8g_FirstPage
 .text.u8g_NextPage
                0x08004044       0x30 Drivers/u8glib/src/u8g_ll_api.o
                0x08004044                u8g_NextPage
 .text.u8g_Draw8Pixel
                0x08004074       0x38 Drivers/u8glib/src/u8g_ll_api.o
                0x08004074                u8g_Draw8Pixel
 .text.u8g_SetColorIndex
                0x080040ac       0x20 Drivers/u8glib/src/u8g_ll_api.o
                0x080040ac                u8g_SetColorIndex
 .text.u8g_page_First
                0x080040cc       0x34 Drivers/u8glib/src/u8g_page.o
                0x080040cc                u8g_page_First
 .text.u8g_page_Next
                0x08004100       0x64 Drivers/u8glib/src/u8g_page.o
                0x08004100                u8g_page_Next
 .text.u8g_pb_Clear
                0x08004164       0x3c Drivers/u8glib/src/u8g_pb.o
                0x08004164                u8g_pb_Clear
 .text.u8g_pb_IsYIntersection
                0x080041a0       0x84 Drivers/u8glib/src/u8g_pb.o
                0x080041a0                u8g_pb_IsYIntersection
 .text.u8g_pb_GetPageBox
                0x08004224       0x40 Drivers/u8glib/src/u8g_pb.o
                0x08004224                u8g_pb_GetPageBox
 .text.u8g_pb_Is8PixelVisible
                0x08004264       0x5c Drivers/u8glib/src/u8g_pb.o
                0x08004264                u8g_pb_Is8PixelVisible
 .text.u8g_pb_WriteBuffer
                0x080042c0       0x28 Drivers/u8glib/src/u8g_pb.o
                0x080042c0                u8g_pb_WriteBuffer
 .text.u8g_pb16v1_Clear
                0x080042e8       0x3c Drivers/u8glib/src/u8g_pb16v1.o
                0x080042e8                u8g_pb16v1_Clear
 .text.u8g_pb16v1_set_pixel
                0x08004324       0x84 Drivers/u8glib/src/u8g_pb16v1.o
                0x08004324                u8g_pb16v1_set_pixel
 .text.u8g_pb16v1_SetPixel
                0x080043a8       0x4c Drivers/u8glib/src/u8g_pb16v1.o
                0x080043a8                u8g_pb16v1_SetPixel
 .text.u8g_pb16v1_Set8PixelOpt2
                0x080043f4       0x90 Drivers/u8glib/src/u8g_pb16v1.o
                0x080043f4                u8g_pb16v1_Set8PixelOpt2
 .text.u8g_dev_pb16v1_base_fn
                0x08004484      0x1a0 Drivers/u8glib/src/u8g_pb16v1.o
                0x08004484                u8g_dev_pb16v1_base_fn
 .text.u8g_pb8v1_set_pixel
                0x08004624       0x74 Drivers/u8glib/src/u8g_pb8v1.o
                0x08004624                u8g_pb8v1_set_pixel
 .text.u8g_pb8v1_SetPixel
                0x08004698       0x4c Drivers/u8glib/src/u8g_pb8v1.o
                0x08004698                u8g_pb8v1_SetPixel
 .text.u8g_pb8v1_Set8PixelOpt2
                0x080046e4       0x90 Drivers/u8glib/src/u8g_pb8v1.o
                0x080046e4                u8g_pb8v1_Set8PixelOpt2
 .text.u8g_dev_pb8v1_base_fn
                0x08004774      0x1a0 Drivers/u8glib/src/u8g_pb8v1.o
                0x08004774                u8g_dev_pb8v1_base_fn
 .text.u8g_draw_hline
                0x08004914       0x7c Drivers/u8glib/src/u8g_rect.o
                0x08004914                u8g_draw_hline
 .text.u8g_draw_vline
                0x08004990       0x7c Drivers/u8glib/src/u8g_rect.o
                0x08004990                u8g_draw_vline
 .text.u8g_DrawFrame
                0x08004a0c       0x94 Drivers/u8glib/src/u8g_rect.o
                0x08004a0c                u8g_DrawFrame
 .text.u8g_draw_box
                0x08004aa0       0x40 Drivers/u8glib/src/u8g_rect.o
                0x08004aa0                u8g_draw_box
 .text.u8g_DrawBox
                0x08004ae0       0x4c Drivers/u8glib/src/u8g_rect.o
                0x08004ae0                u8g_DrawBox
 .text.u8g_state_dummy_cb
                0x08004b2c       0x14 Drivers/u8glib/src/u8g_state.o
                0x08004b2c                u8g_state_dummy_cb
 .text.HAL_Init
                0x08004b40       0x2c Drivers/STM32F1xx_HAL_Driver/stm32f1xx_hal.o
                0x08004b40                HAL_Init
 .text.HAL_InitTick
                0x08004b6c       0x38 Drivers/STM32F1xx_HAL_Driver/stm32f1xx_hal.o
                0x08004b6c                HAL_InitTick
 .text.HAL_IncTick
                0x08004ba4       0x1c Drivers/STM32F1xx_HAL_Driver/stm32f1xx_hal.o
                0x08004ba4                HAL_IncTick
 .text.HAL_GetTick
                0x08004bc0       0x18 Drivers/STM32F1xx_HAL_Driver/stm32f1xx_hal.o
                0x08004bc0                HAL_GetTick
 .text.HAL_Delay
                0x08004bd8       0x2c Drivers/STM32F1xx_HAL_Driver/stm32f1xx_hal.o
                0x08004bd8                HAL_Delay
 .text.NVIC_SetPriorityGrouping
                0x08004c04       0x48 Drivers/STM32F1xx_HAL_Driver/stm32f1xx_hal_cortex.o
 .text.NVIC_GetPriorityGrouping
                0x08004c4c       0x1c Drivers/STM32F1xx_HAL_Driver/stm32f1xx_hal_cortex.o
 .text.NVIC_EnableIRQ
                0x08004c68       0x30 Drivers/STM32F1xx_HAL_Driver/stm32f1xx_hal_cortex.o
 .text.NVIC_SetPriority
                0x08004c98       0x54 Drivers/STM32F1xx_HAL_Driver/stm32f1xx_hal_cortex.o
 .text.NVIC_EncodePriority
                0x08004cec       0x64 Drivers/STM32F1xx_HAL_Driver/stm32f1xx_hal_cortex.o
 .text.SysTick_Config
                0x08004d50       0x44 Drivers/STM32F1xx_HAL_Driver/stm32f1xx_hal_cortex.o
 .text.HAL_NVIC_SetPriorityGrouping
                0x08004d94       0x14 Drivers/STM32F1xx_HAL_Driver/stm32f1xx_hal_cortex.o
                0x08004d94                HAL_NVIC_SetPriorityGrouping
 .text.HAL_NVIC_SetPriority
                0x08004da8       0x38 Drivers/STM32F1xx_HAL_Driver/stm32f1xx_hal_cortex.o
                0x08004da8                HAL_NVIC_SetPriority
 .text.HAL_NVIC_EnableIRQ
                0x08004de0       0x1c Drivers/STM32F1xx_HAL_Driver/stm32f1xx_hal_cortex.o
                0x08004de0                HAL_NVIC_EnableIRQ
 .text.HAL_SYSTICK_Config
                0x08004dfc       0x18 Drivers/STM32F1xx_HAL_Driver/stm32f1xx_hal_cortex.o
                0x08004dfc                HAL_SYSTICK_Config
 .text.HAL_SYSTICK_CLKSourceConfig
                0x08004e14       0x38 Drivers/STM32F1xx_HAL_Driver/stm32f1xx_hal_cortex.o
                0x08004e14                HAL_SYSTICK_CLKSourceConfig
 .text.HAL_GPIO_Init
                0x08004e4c      0x2bc Drivers/STM32F1xx_HAL_Driver/stm32f1xx_hal_gpio.o
                0x08004e4c                HAL_GPIO_Init
 .text.HAL_GPIO_ReadPin
                0x08005108       0x30 Drivers/STM32F1xx_HAL_Driver/stm32f1xx_hal_gpio.o
                0x08005108                HAL_GPIO_ReadPin
 .text.HAL_GPIO_WritePin
                0x08005138       0x30 Drivers/STM32F1xx_HAL_Driver/stm32f1xx_hal_gpio.o
                0x08005138                HAL_GPIO_WritePin
 .text.HAL_GPIO_TogglePin
                0x08005168       0x24 Drivers/STM32F1xx_HAL_Driver/stm32f1xx_hal_gpio.o
                0x08005168                HAL_GPIO_TogglePin
 .text.HAL_GPIO_EXTI_IRQHandler
                0x0800518c       0x30 Drivers/STM32F1xx_HAL_Driver/stm32f1xx_hal_gpio.o
                0x0800518c                HAL_GPIO_EXTI_IRQHandler
 .text.HAL_RCC_OscConfig
                0x080051bc     0x101c Drivers/STM32F1xx_HAL_Driver/stm32f1xx_hal_rcc.o
                0x080051bc                HAL_RCC_OscConfig
 .text.HAL_RCC_ClockConfig
                0x080061d8      0x5e0 Drivers/STM32F1xx_HAL_Driver/stm32f1xx_hal_rcc.o
                0x080061d8                HAL_RCC_ClockConfig
 .text.HAL_RCC_GetSysClockFreq
                0x080067b8       0xf4 Drivers/STM32F1xx_HAL_Driver/stm32f1xx_hal_rcc.o
                0x080067b8                HAL_RCC_GetSysClockFreq
 .text.HAL_RCC_GetHCLKFreq
                0x080068ac       0x50 Drivers/STM32F1xx_HAL_Driver/stm32f1xx_hal_rcc.o
                0x080068ac                HAL_RCC_GetHCLKFreq
 .text.HAL_SPI_Transmit
                0x080068fc      0x280 Drivers/STM32F1xx_HAL_Driver/stm32f1xx_hal_spi.o
                0x080068fc                HAL_SPI_Transmit
 .text.HAL_SPI_GetState
                0x08006b7c       0x1c Drivers/STM32F1xx_HAL_Driver/stm32f1xx_hal_spi.o
                0x08006b7c                HAL_SPI_GetState
 .text.SPI_WaitOnFlagUntilTimeout
                0x08006b98      0x148 Drivers/STM32F1xx_HAL_Driver/stm32f1xx_hal_spi.o
 .text.HAL_SPI_Init
                0x08006ce0       0xcc Drivers/STM32F1xx_HAL_Driver/stm32f1xx_hal_spi_ex.o
                0x08006ce0                HAL_SPI_Init
 .text.HAL_TIM_Base_Init
                0x08006dac       0x58 Drivers/STM32F1xx_HAL_Driver/stm32f1xx_hal_tim.o
                0x08006dac                HAL_TIM_Base_Init
 .text.HAL_TIM_Base_Start_IT
                0x08006e04       0x38 Drivers/STM32F1xx_HAL_Driver/stm32f1xx_hal_tim.o
                0x08006e04                HAL_TIM_Base_Start_IT
 .text.HAL_TIM_Encoder_Init
                0x08006e3c      0x12c Drivers/STM32F1xx_HAL_Driver/stm32f1xx_hal_tim.o
                0x08006e3c                HAL_TIM_Encoder_Init
 .text.HAL_TIM_Encoder_Start
                0x08006f68       0x70 Drivers/STM32F1xx_HAL_Driver/stm32f1xx_hal_tim.o
                0x08006f68                HAL_TIM_Encoder_Start
 .text.HAL_TIM_IRQHandler
                0x08006fd8      0x210 Drivers/STM32F1xx_HAL_Driver/stm32f1xx_hal_tim.o
                0x08006fd8                HAL_TIM_IRQHandler
 .text.HAL_TIM_ConfigClockSource
                0x080071e8      0x1c4 Drivers/STM32F1xx_HAL_Driver/stm32f1xx_hal_tim.o
                0x080071e8                HAL_TIM_ConfigClockSource
 .text.HAL_TIM_OC_DelayElapsedCallback
                0x080073ac       0x14 Drivers/STM32F1xx_HAL_Driver/stm32f1xx_hal_tim.o
                0x080073ac                HAL_TIM_OC_DelayElapsedCallback
 .text.HAL_TIM_IC_CaptureCallback
                0x080073c0       0x14 Drivers/STM32F1xx_HAL_Driver/stm32f1xx_hal_tim.o
                0x080073c0                HAL_TIM_IC_CaptureCallback
 .text.HAL_TIM_PWM_PulseFinishedCallback
                0x080073d4       0x14 Drivers/STM32F1xx_HAL_Driver/stm32f1xx_hal_tim.o
                0x080073d4                HAL_TIM_PWM_PulseFinishedCallback
 .text.HAL_TIM_TriggerCallback
                0x080073e8       0x14 Drivers/STM32F1xx_HAL_Driver/stm32f1xx_hal_tim.o
                0x080073e8                HAL_TIM_TriggerCallback
 .text.TIM_Base_SetConfig
                0x080073fc       0xbc Drivers/STM32F1xx_HAL_Driver/stm32f1xx_hal_tim.o
                0x080073fc                TIM_Base_SetConfig
 .text.TIM_TI1_ConfigInputStage
                0x080074b8       0x64 Drivers/STM32F1xx_HAL_Driver/stm32f1xx_hal_tim.o
 .text.TIM_TI2_ConfigInputStage
                0x0800751c       0x68 Drivers/STM32F1xx_HAL_Driver/stm32f1xx_hal_tim.o
 .text.TIM_ITRx_SetConfig
                0x08007584       0x40 Drivers/STM32F1xx_HAL_Driver/stm32f1xx_hal_tim.o
 .text.TIM_ETR_SetConfig
                0x080075c4       0x44 Drivers/STM32F1xx_HAL_Driver/stm32f1xx_hal_tim.o
 .text.TIM_CCxChannelCmd
                0x08007608       0x44 Drivers/STM32F1xx_HAL_Driver/stm32f1xx_hal_tim.o
                0x08007608                TIM_CCxChannelCmd
 .text.HAL_TIMEx_MasterConfigSynchronization
                0x0800764c       0x8c Drivers/STM32F1xx_HAL_Driver/stm32f1xx_hal_tim_ex.o
                0x0800764c                HAL_TIMEx_MasterConfigSynchronization
 .text.HAL_TIMEx_CommutationCallback
                0x080076d8       0x14 Drivers/STM32F1xx_HAL_Driver/stm32f1xx_hal_tim_ex.o
                0x080076d8                HAL_TIMEx_CommutationCallback
 .text.HAL_TIMEx_BreakCallback
                0x080076ec       0x14 Drivers/STM32F1xx_HAL_Driver/stm32f1xx_hal_tim_ex.o
                0x080076ec                HAL_TIMEx_BreakCallback
 .text.SystemInit
                0x08007700       0x68 Drivers/CMSIS/system_stm32f1xx.o
                0x08007700                SystemInit
 .text.internal_to_abs
                0x08007768       0x40 Application/User/gui.o
                0x08007768                internal_to_abs
 .text.init_page
                0x080077a8       0xc0 Application/User/gui.o
                0x080077a8                init_page
 .text.main_page
                0x08007868      0x51c Application/User/gui.o
                0x08007868                main_page
 .text.main_menu_page
                0x08007d84      0x2a8 Application/User/gui.o
                0x08007d84                main_menu_page
 .text.edit_start_point_page
                0x0800802c      0x24c Application/User/gui.o
                0x0800802c                edit_start_point_page
 .text.edit_end_point_page
                0x08008278      0x1c4 Application/User/gui.o
                0x08008278                edit_end_point_page
 .text.guiFunc  0x0800843c       0x64 Application/User/gui.o
                0x0800843c                guiFunc
 .text.buttonScanFunc
                0x080084a0      0x330 Application/User/gui.o
                0x080084a0                buttonScanFunc
 .text.move_to_start
                0x080087d0       0x94 Application/User/gui.o
                0x080087d0                move_to_start
 .text.move     0x08008864       0xe8 Application/User/gui.o
                0x08008864                move
 .text.move_by_time
                0x0800894c      0x17c Application/User/gui.o
                0x0800894c                move_by_time
 .text.elapsedTimerCallback
                0x08008ac8       0x34 Application/User/gui.o
                0x08008ac8                elapsedTimerCallback
 .text.moveTimerCallback
                0x08008afc       0x5c Application/User/gui.o
                0x08008afc                moveTimerCallback
 .text.carriage_docking
                0x08008b58       0x60 Application/User/gui.o
                0x08008b58                carriage_docking
 .text.HAL_TIM_PeriodElapsedCallback
                0x08008bb8       0xa0 Application/User/gui.o
                0x08008bb8                HAL_TIM_PeriodElapsedCallback
 .text.disable_motor
                0x08008c58       0x20 Application/User/gui.o
                0x08008c58                disable_motor
 .text.HAL_GPIO_EXTI_Callback
                0x08008c78       0x2c Application/User/gui.o
                0x08008c78                HAL_GPIO_EXTI_Callback
 .text.motorFunc
                0x08008ca4       0xa4 Application/User/gui.o
                0x08008ca4                motorFunc
 .text.main     0x08008d48      0x1e0 Application/User/main.o
                0x08008d48                main
 .text.SystemClock_Config
                0x08008f28       0x80 Application/User/main.o
                0x08008f28                SystemClock_Config
 .text.MX_SPI2_Init
                0x08008fa8       0x60 Application/User/main.o
 .text.MX_TIM1_Init
                0x08009008       0x7c Application/User/main.o
 .text.MX_TIM2_Init
                0x08009084       0x5c Application/User/main.o
 .text.MX_GPIO_Init
                0x080090e0       0xcc Application/User/main.o
 .text.StartDefaultTask
                0x080091ac       0x10 Application/User/main.o
                0x080091ac                StartDefaultTask
 .text.InitMotor
                0x080091bc       0x40 Application/User/motor_control.o
                0x080091bc                InitMotor
 .text.HAL_MspInit
                0x080091fc       0x50 Application/User/stm32f1xx_hal_msp.o
                0x080091fc                HAL_MspInit
 .text.HAL_SPI_MspInit
                0x0800924c       0x58 Application/User/stm32f1xx_hal_msp.o
                0x0800924c                HAL_SPI_MspInit
 .text.HAL_TIM_Encoder_MspInit
                0x080092a4       0x58 Application/User/stm32f1xx_hal_msp.o
                0x080092a4                HAL_TIM_Encoder_MspInit
 .text.HAL_TIM_Base_MspInit
                0x080092fc       0x44 Application/User/stm32f1xx_hal_msp.o
                0x080092fc                HAL_TIM_Base_MspInit
 .text.SysTick_Handler
                0x08009340       0x10 Application/User/stm32f1xx_it.o
                0x08009340                SysTick_Handler
 .text.EXTI1_IRQHandler
                0x08009350        0xc Application/User/stm32f1xx_it.o
                0x08009350                EXTI1_IRQHandler
 .text.TIM2_IRQHandler
                0x0800935c       0x10 Application/User/stm32f1xx_it.o
                0x0800935c                TIM2_IRQHandler
 .text.Reset_Handler
                0x0800936c       0x48 Application/SW4STM32/startup_stm32f103xb.o
                0x0800936c                Reset_Handler
 .text.Default_Handler
                0x080093b4        0x2 Application/SW4STM32/startup_stm32f103xb.o
                0x080093b4                RTC_Alarm_IRQHandler
                0x080093b4                EXTI2_IRQHandler
                0x080093b4                DebugMon_Handler
                0x080093b4                TIM1_CC_IRQHandler
                0x080093b4                HardFault_Handler
                0x080093b4                PVD_IRQHandler
                0x080093b4                NMI_Handler
                0x080093b4                EXTI3_IRQHandler
                0x080093b4                EXTI0_IRQHandler
                0x080093b4                I2C2_EV_IRQHandler
                0x080093b4                UsageFault_Handler
                0x080093b4                ADC1_2_IRQHandler
                0x080093b4                SPI1_IRQHandler
                0x080093b4                TAMPER_IRQHandler
                0x080093b4                DMA1_Channel4_IRQHandler
                0x080093b4                USART3_IRQHandler
                0x080093b4                RTC_IRQHandler
                0x080093b4                DMA1_Channel7_IRQHandler
                0x080093b4                CAN1_RX1_IRQHandler
                0x080093b4                TIM4_IRQHandler
                0x080093b4                I2C1_EV_IRQHandler
                0x080093b4                DMA1_Channel6_IRQHandler
                0x080093b4                TIM3_IRQHandler
                0x080093b4                RCC_IRQHandler
                0x080093b4                TIM1_TRG_COM_IRQHandler
                0x080093b4                DMA1_Channel1_IRQHandler
                0x080093b4                Default_Handler
                0x080093b4                EXTI15_10_IRQHandler
                0x080093b4                EXTI9_5_IRQHandler
                0x080093b4                SPI2_IRQHandler
                0x080093b4                MemManage_Handler
                0x080093b4                DMA1_Channel5_IRQHandler
                0x080093b4                EXTI4_IRQHandler
                0x080093b4                USB_LP_CAN1_RX0_IRQHandler
                0x080093b4                USB_HP_CAN1_TX_IRQHandler
                0x080093b4                DMA1_Channel3_IRQHandler
                0x080093b4                TIM1_UP_IRQHandler
                0x080093b4                WWDG_IRQHandler
                0x080093b4                TIM1_BRK_IRQHandler
                0x080093b4                USART2_IRQHandler
                0x080093b4                I2C2_ER_IRQHandler
                0x080093b4                DMA1_Channel2_IRQHandler
                0x080093b4                CAN1_SCE_IRQHandler
                0x080093b4                FLASH_IRQHandler
                0x080093b4                BusFault_Handler
                0x080093b4                USART1_IRQHandler
                0x080093b4                I2C1_ER_IRQHandler
                0x080093b4                USBWakeUp_IRQHandler
 *fill*         0x080093b6        0x2 
 .text.__libc_init_array
                0x080093b8       0x4c /home/artsin/bin/SystemWorkbench/plugins/fr.ac6.mcu.externaltools.arm-none.linux64_1.3.0.201507241112/tools/compiler/bin/../lib/gcc/arm-none-eabi/4.9.3/../../../../arm-none-eabi/lib/armv7-m/libc_nano.a(lib_a-init.o)
                0x080093b8                __libc_init_array
 .text.memcpy   0x08009404       0x16 /home/artsin/bin/SystemWorkbench/plugins/fr.ac6.mcu.externaltools.arm-none.linux64_1.3.0.201507241112/tools/compiler/bin/../lib/gcc/arm-none-eabi/4.9.3/../../../../arm-none-eabi/lib/armv7-m/libc_nano.a(lib_a-memcpy.o)
                0x08009404                memcpy
 .text.memset   0x0800941a       0x10 /home/artsin/bin/SystemWorkbench/plugins/fr.ac6.mcu.externaltools.arm-none.linux64_1.3.0.201507241112/tools/compiler/bin/../lib/gcc/arm-none-eabi/4.9.3/../../../../arm-none-eabi/lib/armv7-m/libc_nano.a(lib_a-memset.o)
                0x0800941a                memset
 *fill*         0x0800942a        0x2 
 .text.sprintf  0x0800942c       0x48 /home/artsin/bin/SystemWorkbench/plugins/fr.ac6.mcu.externaltools.arm-none.linux64_1.3.0.201507241112/tools/compiler/bin/../lib/gcc/arm-none-eabi/4.9.3/../../../../arm-none-eabi/lib/armv7-m/libc_nano.a(lib_a-sprintf.o)
                0x0800942c                sprintf
                0x0800942c                siprintf
 .text.__ssputs_r
                0x08009474       0xb2 /home/artsin/bin/SystemWorkbench/plugins/fr.ac6.mcu.externaltools.arm-none.linux64_1.3.0.201507241112/tools/compiler/bin/../lib/gcc/arm-none-eabi/4.9.3/../../../../arm-none-eabi/lib/armv7-m/libc_nano.a(lib_a-nano-svfprintf.o)
                0x08009474                __ssputs_r
 *fill*         0x08009526        0x2 
 .text._svfprintf_r
                0x08009528      0x1e4 /home/artsin/bin/SystemWorkbench/plugins/fr.ac6.mcu.externaltools.arm-none.linux64_1.3.0.201507241112/tools/compiler/bin/../lib/gcc/arm-none-eabi/4.9.3/../../../../arm-none-eabi/lib/armv7-m/libc_nano.a(lib_a-nano-svfprintf.o)
                0x08009528                _svfprintf_r
                0x08009528                _svfiprintf_r
 .text._printf_common
                0x0800970c       0xea /home/artsin/bin/SystemWorkbench/plugins/fr.ac6.mcu.externaltools.arm-none.linux64_1.3.0.201507241112/tools/compiler/bin/../lib/gcc/arm-none-eabi/4.9.3/../../../../arm-none-eabi/lib/armv7-m/libc_nano.a(lib_a-nano-vfprintf_i.o)
                0x0800970c                _printf_common
 *fill*         0x080097f6        0x2 
 .text._printf_i
                0x080097f8      0x240 /home/artsin/bin/SystemWorkbench/plugins/fr.ac6.mcu.externaltools.arm-none.linux64_1.3.0.201507241112/tools/compiler/bin/../lib/gcc/arm-none-eabi/4.9.3/../../../../arm-none-eabi/lib/armv7-m/libc_nano.a(lib_a-nano-vfprintf_i.o)
                0x080097f8                _printf_i
 .text.memchr   0x08009a38       0x1c /home/artsin/bin/SystemWorkbench/plugins/fr.ac6.mcu.externaltools.arm-none.linux64_1.3.0.201507241112/tools/compiler/bin/../lib/gcc/arm-none-eabi/4.9.3/../../../../arm-none-eabi/lib/armv7-m/libc_nano.a(lib_a-memchr.o)
                0x08009a38                memchr
 .text.memmove  0x08009a54       0x36 /home/artsin/bin/SystemWorkbench/plugins/fr.ac6.mcu.externaltools.arm-none.linux64_1.3.0.201507241112/tools/compiler/bin/../lib/gcc/arm-none-eabi/4.9.3/../../../../arm-none-eabi/lib/armv7-m/libc_nano.a(lib_a-memmove.o)
                0x08009a54                memmove
 *fill*         0x08009a8a        0x2 
 .text._free_r  0x08009a8c       0x88 /home/artsin/bin/SystemWorkbench/plugins/fr.ac6.mcu.externaltools.arm-none.linux64_1.3.0.201507241112/tools/compiler/bin/../lib/gcc/arm-none-eabi/4.9.3/../../../../arm-none-eabi/lib/armv7-m/libc_nano.a(lib_a-nano-freer.o)
                0x08009a8c                _free_r
 .text._malloc_r
                0x08009b14       0xac /home/artsin/bin/SystemWorkbench/plugins/fr.ac6.mcu.externaltools.arm-none.linux64_1.3.0.201507241112/tools/compiler/bin/../lib/gcc/arm-none-eabi/4.9.3/../../../../arm-none-eabi/lib/armv7-m/libc_nano.a(lib_a-nano-mallocr.o)
                0x08009b14                _malloc_r
 .text._realloc_r
                0x08009bc0       0x4c /home/artsin/bin/SystemWorkbench/plugins/fr.ac6.mcu.externaltools.arm-none.linux64_1.3.0.201507241112/tools/compiler/bin/../lib/gcc/arm-none-eabi/4.9.3/../../../../arm-none-eabi/lib/armv7-m/libc_nano.a(lib_a-nano-reallocr.o)
                0x08009bc0                _realloc_r
 .text._sbrk_r  0x08009c0c       0x20 /home/artsin/bin/SystemWorkbench/plugins/fr.ac6.mcu.externaltools.arm-none.linux64_1.3.0.201507241112/tools/compiler/bin/../lib/gcc/arm-none-eabi/4.9.3/../../../../arm-none-eabi/lib/armv7-m/libc_nano.a(lib_a-sbrkr.o)
                0x08009c0c                _sbrk_r
 .text._malloc_usable_size_r
                0x08009c2c       0x14 /home/artsin/bin/SystemWorkbench/plugins/fr.ac6.mcu.externaltools.arm-none.linux64_1.3.0.201507241112/tools/compiler/bin/../lib/gcc/arm-none-eabi/4.9.3/../../../../arm-none-eabi/lib/armv7-m/libc_nano.a(lib_a-nano-msizer.o)
                0x08009c2c                _malloc_usable_size_r
 .text._sbrk    0x08009c40       0x1c /home/artsin/bin/SystemWorkbench/plugins/fr.ac6.mcu.externaltools.arm-none.linux64_1.3.0.201507241112/tools/compiler/bin/../lib/gcc/arm-none-eabi/4.9.3/../../../../arm-none-eabi/lib/armv7-m/libnosys.a(sbrk.o)
                0x08009c40                _sbrk
 *(.glue_7)
 .glue_7        0x00000000        0x0 linker stubs
 *(.glue_7t)
 .glue_7t       0x00000000        0x0 linker stubs
 *(.eh_frame)
 .eh_frame      0x08009c5c        0x0 /home/artsin/bin/SystemWorkbench/plugins/fr.ac6.mcu.externaltools.arm-none.linux64_1.3.0.201507241112/tools/compiler/bin/../lib/gcc/arm-none-eabi/4.9.3/armv7-m/crtbegin.o
 *(.init)
 .init          0x08009c5c        0x4 /home/artsin/bin/SystemWorkbench/plugins/fr.ac6.mcu.externaltools.arm-none.linux64_1.3.0.201507241112/tools/compiler/bin/../lib/gcc/arm-none-eabi/4.9.3/armv7-m/crti.o
                0x08009c5c                _init
 .init          0x08009c60        0x8 /home/artsin/bin/SystemWorkbench/plugins/fr.ac6.mcu.externaltools.arm-none.linux64_1.3.0.201507241112/tools/compiler/bin/../lib/gcc/arm-none-eabi/4.9.3/armv7-m/crtn.o
 *(.fini)
 .fini          0x08009c68        0x4 /home/artsin/bin/SystemWorkbench/plugins/fr.ac6.mcu.externaltools.arm-none.linux64_1.3.0.201507241112/tools/compiler/bin/../lib/gcc/arm-none-eabi/4.9.3/armv7-m/crti.o
                0x08009c68                _fini
 .fini          0x08009c6c        0x8 /home/artsin/bin/SystemWorkbench/plugins/fr.ac6.mcu.externaltools.arm-none.linux64_1.3.0.201507241112/tools/compiler/bin/../lib/gcc/arm-none-eabi/4.9.3/armv7-m/crtn.o
                0x08009c74                . = ALIGN (0x4)
                0x08009c74                _etext = .

.vfp11_veneer   0x08009c74        0x0
 .vfp11_veneer  0x00000000        0x0 linker stubs

.v4_bx          0x08009c74        0x0
 .v4_bx         0x00000000        0x0 linker stubs

.iplt           0x08009c74        0x0
 .iplt          0x00000000        0x0 /home/artsin/bin/SystemWorkbench/plugins/fr.ac6.mcu.externaltools.arm-none.linux64_1.3.0.201507241112/tools/compiler/bin/../lib/gcc/arm-none-eabi/4.9.3/armv7-m/crtbegin.o

.rodata         0x08009c74     0x3344
                0x08009c74                . = ALIGN (0x4)
 *(.rodata)
 .rodata        0x08009c74        0x4 Middlewares/FreeRTOS/cmsis_os.o
 .rodata        0x08009c78        0x8 Middlewares/FreeRTOS/tasks.o
 .rodata        0x08009c80       0x10 Middlewares/FreeRTOS/timers.o
 .rodata        0x08009c90       0xc8 Drivers/u8glib/src/u8g_dev_ssd1306_128x64.o
 .rodata        0x08009d58     0x30d4 Drivers/u8glib/src/u8g_font_data.o
                0x08009d58                u8g_font_profont10
                0x0800a758                u8g_font_profont10r
                0x0800abac                u8g_font_profont22
                0x0800c4e4                u8g_font_7x14
 .rodata        0x0800ce2c       0x24 Drivers/STM32F1xx_HAL_Driver/stm32f1xx_hal_rcc.o
                0x0800ce2c                aAPBAHBPrescTable
 .rodata        0x0800ce50       0xa8 Application/User/gui.o
 .rodata        0x0800cef8       0x88 Application/User/main.o
 *(.rodata*)
 .rodata.str1.1
                0x0800cf80        0x2 /home/artsin/bin/SystemWorkbench/plugins/fr.ac6.mcu.externaltools.arm-none.linux64_1.3.0.201507241112/tools/compiler/bin/../lib/gcc/arm-none-eabi/4.9.3/../../../../arm-none-eabi/lib/armv7-m/libc_nano.a(lib_a-impure.o)
 .rodata.str1.1
                0x0800cf82       0x11 /home/artsin/bin/SystemWorkbench/plugins/fr.ac6.mcu.externaltools.arm-none.linux64_1.3.0.201507241112/tools/compiler/bin/../lib/gcc/arm-none-eabi/4.9.3/../../../../arm-none-eabi/lib/armv7-m/libc_nano.a(lib_a-nano-svfprintf.o)
 .rodata.str1.1
                0x0800cf93       0x22 /home/artsin/bin/SystemWorkbench/plugins/fr.ac6.mcu.externaltools.arm-none.linux64_1.3.0.201507241112/tools/compiler/bin/../lib/gcc/arm-none-eabi/4.9.3/../../../../arm-none-eabi/lib/armv7-m/libc_nano.a(lib_a-nano-vfprintf_i.o)
                0x0800cfb8                . = ALIGN (0x4)
 *fill*         0x0800cfb5        0x3 

.rel.dyn        0x0800cfb8        0x0
 .rel.iplt      0x00000000        0x0 /home/artsin/bin/SystemWorkbench/plugins/fr.ac6.mcu.externaltools.arm-none.linux64_1.3.0.201507241112/tools/compiler/bin/../lib/gcc/arm-none-eabi/4.9.3/armv7-m/crtbegin.o

.ARM.extab
 *(.ARM.extab* .gnu.linkonce.armextab.*)

.ARM            0x0800cfb8        0x0
                0x0800cfb8                __exidx_start = .
 *(.ARM.exidx*)
                0x0800cfb8                __exidx_end = .

.preinit_array  0x0800cfb8        0x0
                0x0800cfb8                PROVIDE (__preinit_array_start, .)
 *(.preinit_array*)
                0x0800cfb8                PROVIDE (__preinit_array_end, .)

.init_array     0x0800cfb8        0x4
                0x0800cfb8                PROVIDE (__init_array_start, .)
 *(SORT(.init_array.*))
 *(.init_array*)
 .init_array    0x0800cfb8        0x4 /home/artsin/bin/SystemWorkbench/plugins/fr.ac6.mcu.externaltools.arm-none.linux64_1.3.0.201507241112/tools/compiler/bin/../lib/gcc/arm-none-eabi/4.9.3/armv7-m/crtbegin.o
                0x0800cfbc                PROVIDE (__init_array_end, .)

.fini_array     0x0800cfbc        0x4
                0x0800cfbc                PROVIDE (__fini_array_start, .)
 *(SORT(.fini_array.*))
 *(.fini_array*)
 .fini_array    0x0800cfbc        0x4 /home/artsin/bin/SystemWorkbench/plugins/fr.ac6.mcu.externaltools.arm-none.linux64_1.3.0.201507241112/tools/compiler/bin/../lib/gcc/arm-none-eabi/4.9.3/armv7-m/crtbegin.o
                0x0800cfc0                PROVIDE (__fini_array_end, .)
                0x0800cfc0                _sidata = LOADADDR (.data)

.data           0x20000000      0x1e8 load address 0x0800cfc0
                0x20000000                . = ALIGN (0x4)
                0x20000000                _sdata = .
 *(.data)
 .data          0x20000000        0x4 Middlewares/FreeRTOS/port.o
 .data          0x20000004        0x4 Middlewares/FreeRTOS/tasks.o
 .data          0x20000008      0x138 Drivers/u8glib/src/u8g_dev_ssd1306_128x64.o
                0x20000008                u8g_dev_ssd1306_128x64_sw_spi_pb
                0x20000014                u8g_dev_ssd1306_128x64_sw_spi
                0x20000020                u8g_dev_ssd1306_128x64_hw_spi_pb
                0x2000002c                u8g_dev_ssd1306_128x64_hw_spi
                0x20000038                u8g_dev_ssd1306_128x64_i2c_pb
                0x20000044                u8g_dev_ssd1306_128x64_i2c
                0x20000050                u8g_dev_ssd1306_adafruit_128x64_sw_spi_pb
                0x2000005c                u8g_dev_ssd1306_adafruit_128x64_sw_spi
                0x20000068                u8g_dev_ssd1306_adafruit_128x64_hw_spi_pb
                0x20000074                u8g_dev_ssd1306_adafruit_128x64_hw_spi
                0x20000080                u8g_dev_ssd1306_adafruit_128x64_i2c_pb
                0x2000008c                u8g_dev_ssd1306_adafruit_128x64_i2c
                0x20000098                u8g_dev_ssd1306_128x64_2x_pb
                0x200000a4                u8g_dev_ssd1306_128x64_2x_sw_spi
                0x200000b0                u8g_dev_ssd1306_128x64_2x_hw_spi
                0x200000bc                u8g_dev_ssd1306_128x64_2x_i2c
                0x200000c8                u8g_dev_sh1106_128x64_sw_spi_pb
                0x200000d4                u8g_dev_sh1106_128x64_sw_spi
                0x200000e0                u8g_dev_sh1106_128x64_hw_spi_pb
                0x200000ec                u8g_dev_sh1106_128x64_hw_spi
                0x200000f8                u8g_dev_sh1106_128x64_i2c_pb
                0x20000104                u8g_dev_sh1106_128x64_i2c
                0x20000110                u8g_dev_sh1106_128x64_2x_pb
                0x2000011c                u8g_dev_sh1106_128x64_2x_sw_spi
                0x20000128                u8g_dev_sh1106_128x64_2x_hw_spi
                0x20000134                u8g_dev_sh1106_128x64_2x_i2c
 .data          0x20000140        0x4 Drivers/CMSIS/system_stm32f1xx.o
                0x20000140                SystemCoreClock
 .data          0x20000144       0x40 Application/User/gui.o
                0x20000144                end_carriage_position
                0x20000148                button_states
                0x20000170                timer_divider
 *(.data*)
 .data.impure_data
                0x20000184       0x60 /home/artsin/bin/SystemWorkbench/plugins/fr.ac6.mcu.externaltools.arm-none.linux64_1.3.0.201507241112/tools/compiler/bin/../lib/gcc/arm-none-eabi/4.9.3/../../../../arm-none-eabi/lib/armv7-m/libc_nano.a(lib_a-impure.o)
 .data._impure_ptr
                0x200001e4        0x4 /home/artsin/bin/SystemWorkbench/plugins/fr.ac6.mcu.externaltools.arm-none.linux64_1.3.0.201507241112/tools/compiler/bin/../lib/gcc/arm-none-eabi/4.9.3/../../../../arm-none-eabi/lib/armv7-m/libc_nano.a(lib_a-impure.o)
                0x200001e4                _impure_ptr
                0x200001e8                . = ALIGN (0x4)
                0x200001e8                _edata = .

.jcr            0x200001e8        0x0 load address 0x0800d1a8
 .jcr           0x200001e8        0x0 /home/artsin/bin/SystemWorkbench/plugins/fr.ac6.mcu.externaltools.arm-none.linux64_1.3.0.201507241112/tools/compiler/bin/../lib/gcc/arm-none-eabi/4.9.3/armv7-m/crtbegin.o

.igot.plt       0x200001e8        0x0 load address 0x0800d1a8
 .igot.plt      0x00000000        0x0 /home/artsin/bin/SystemWorkbench/plugins/fr.ac6.mcu.externaltools.arm-none.linux64_1.3.0.201507241112/tools/compiler/bin/../lib/gcc/arm-none-eabi/4.9.3/armv7-m/crtbegin.o
                0x200001e8                . = ALIGN (0x4)

.bss            0x200001e8     0x2194 load address 0x0800d1a8
                0x200001e8                _sbss = .
                0x200001e8                __bss_start__ = _sbss
 *(.bss)
 .bss           0x200001e8       0x1c /home/artsin/bin/SystemWorkbench/plugins/fr.ac6.mcu.externaltools.arm-none.linux64_1.3.0.201507241112/tools/compiler/bin/../lib/gcc/arm-none-eabi/4.9.3/armv7-m/crtbegin.o
 .bss           0x20000204     0x17d0 Middlewares/FreeRTOS/heap_4.o
 .bss           0x200019d4        0x8 Middlewares/FreeRTOS/port.o
 .bss           0x200019dc      0x124 Middlewares/FreeRTOS/tasks.o
                0x200019dc                pxCurrentTCB
 .bss           0x20001b00       0x38 Middlewares/FreeRTOS/timers.o
 .bss           0x20001b38      0x680 Drivers/u8glib/src/u8g_dev_ssd1306_128x64.o
                0x20001b38                u8g_dev_ssd1306_128x64_sw_spi_buf
                0x20001bb8                u8g_dev_ssd1306_128x64_hw_spi_buf
                0x20001c38                u8g_dev_ssd1306_128x64_i2c_buf
                0x20001cb8                u8g_dev_ssd1306_adafruit_128x64_sw_spi_buf
                0x20001d38                u8g_dev_ssd1306_adafruit_128x64_hw_spi_buf
                0x20001db8                u8g_dev_ssd1306_adafruit_128x64_i2c_buf
                0x20001e38                u8g_dev_ssd1306_128x64_2x_buf
                0x20001f38                u8g_dev_sh1106_128x64_sw_spi_buf
                0x20001fb8                u8g_dev_sh1106_128x64_hw_spi_buf
                0x20002038                u8g_dev_sh1106_128x64_i2c_buf
                0x200020b8                u8g_dev_sh1106_128x64_2x_buf
 .bss           0x200021b8        0x4 Drivers/STM32F1xx_HAL_Driver/stm32f1xx_hal.o
 .bss           0x200021bc        0x1 Drivers/STM32F1xx_HAL_Driver/stm32f1xx_hal_spi_ex.o
                0x200021bc                uCRCErrorWorkaroundCheck
 *fill*         0x200021bd        0x3 
 .bss           0x200021c0       0x30 Application/User/gui.o
                0x200021c0                carriage_position
                0x200021c4                start_carriage_position
                0x200021c8                current_carriage_position
                0x200021cc                carriage_docked
                0x200021d0                position_counter
                0x200021d4                position_counter_limit
                0x200021d8                motor_enabled
                0x200021d9                current_state
                0x200021da                direction
                0x200021db                disable_after_end
 *(.bss*)
 .bss.__malloc_sbrk_start
                0x200021f0        0x4 /home/artsin/bin/SystemWorkbench/plugins/fr.ac6.mcu.externaltools.arm-none.linux64_1.3.0.201507241112/tools/compiler/bin/../lib/gcc/arm-none-eabi/4.9.3/../../../../arm-none-eabi/lib/armv7-m/libc_nano.a(lib_a-nano-mallocr.o)
                0x200021f0                __malloc_sbrk_start
 .bss.__malloc_free_list
                0x200021f4        0x4 /home/artsin/bin/SystemWorkbench/plugins/fr.ac6.mcu.externaltools.arm-none.linux64_1.3.0.201507241112/tools/compiler/bin/../lib/gcc/arm-none-eabi/4.9.3/../../../../arm-none-eabi/lib/armv7-m/libc_nano.a(lib_a-nano-mallocr.o)
                0x200021f4                __malloc_free_list
 .bss.heap_end.4079
                0x200021f8        0x4 /home/artsin/bin/SystemWorkbench/plugins/fr.ac6.mcu.externaltools.arm-none.linux64_1.3.0.201507241112/tools/compiler/bin/../lib/gcc/arm-none-eabi/4.9.3/../../../../arm-none-eabi/lib/armv7-m/libnosys.a(sbrk.o)
 *(COMMON)
 COMMON         0x200021fc       0x40 Middlewares/FreeRTOS/queue.o
                0x200021fc                xQueueRegistry
 COMMON         0x2000223c       0x3c Application/User/gui.o
                0x2000223c                u8g
 COMMON         0x20002278      0x100 Application/User/main.o
                0x20002278                defaultTaskHandle
                0x2000227c                elapsedTimerHandle
                0x20002280                hspi2
                0x200022d8                suspendMoveByTimeHandle
                0x200022dc                xInputEvents
                0x200022e0                moveTimerHandle
                0x200022e4                xMotorEvents
                0x200022e8                stopMoveByTimeHandle
                0x200022ec                htim1
                0x20002328                buttonEventsHandle
                0x2000232c                htim2
                0x20002368                motorTaskHandle
                0x2000236c                encoderEventsHandle
                0x20002370                guiTaskHandle
                0x20002374                buttonScanTaskHandle
 COMMON         0x20002378        0x4 /home/artsin/bin/SystemWorkbench/plugins/fr.ac6.mcu.externaltools.arm-none.linux64_1.3.0.201507241112/tools/compiler/bin/../lib/gcc/arm-none-eabi/4.9.3/../../../../arm-none-eabi/lib/armv7-m/libc_nano.a(lib_a-reent.o)
                0x20002378                errno
                0x2000237c                . = ALIGN (0x4)
                0x2000237c                _ebss = .
                0x2000237c                __bss_end__ = _ebss

._user_heap_stack
                0x2000237c      0x604 load address 0x0800d1a8
                0x20002380                . = ALIGN (0x8)
 *fill*         0x2000237c        0x4 
                0x20002380                PROVIDE (end, .)
                0x20002380                PROVIDE (_end, .)
                0x20002780                . = (. + _Min_Heap_Size)
 *fill*         0x20002380      0x400 
                0x20002980                . = (. + _Min_Stack_Size)
 *fill*         0x20002780      0x200 
                0x20002980                . = ALIGN (0x8)

/DISCARD/
 libc.a(*)
 libm.a(*)
 libgcc.a(*)

.ARM.attributes
                0x00000000       0x29
 *(.ARM.attributes)
 .ARM.attributes
                0x00000000       0x1d /home/artsin/bin/SystemWorkbench/plugins/fr.ac6.mcu.externaltools.arm-none.linux64_1.3.0.201507241112/tools/compiler/bin/../lib/gcc/arm-none-eabi/4.9.3/armv7-m/crti.o
 .ARM.attributes
                0x0000001d       0x2d /home/artsin/bin/SystemWorkbench/plugins/fr.ac6.mcu.externaltools.arm-none.linux64_1.3.0.201507241112/tools/compiler/bin/../lib/gcc/arm-none-eabi/4.9.3/armv7-m/crtbegin.o
 .ARM.attributes
                0x0000004a       0x33 Middlewares/FreeRTOS/cmsis_os.o
 .ARM.attributes
                0x0000007d       0x33 Middlewares/FreeRTOS/heap_4.o
 .ARM.attributes
                0x000000b0       0x33 Middlewares/FreeRTOS/list.o
 .ARM.attributes
                0x000000e3       0x33 Middlewares/FreeRTOS/port.o
 .ARM.attributes
                0x00000116       0x33 Middlewares/FreeRTOS/queue.o
 .ARM.attributes
                0x00000149       0x33 Middlewares/FreeRTOS/tasks.o
 .ARM.attributes
                0x0000017c       0x33 Middlewares/FreeRTOS/timers.o
 .ARM.attributes
                0x000001af       0x33 Drivers/u8glib/src/u8g_arm.o
 .ARM.attributes
                0x000001e2       0x33 Drivers/u8glib/src/u8g_clip.o
 .ARM.attributes
                0x00000215       0x33 Drivers/u8glib/src/u8g_com_api.o
 .ARM.attributes
                0x00000248       0x33 Drivers/u8glib/src/u8g_com_null.o
 .ARM.attributes
                0x0000027b       0x33 Drivers/u8glib/src/u8g_dev_ssd1306_128x64.o
 .ARM.attributes
                0x000002ae       0x33 Drivers/u8glib/src/u8g_font.o
 .ARM.attributes
                0x000002e1       0x33 Drivers/u8glib/src/u8g_font_data.o
 .ARM.attributes
                0x00000314       0x33 Drivers/u8glib/src/u8g_ll_api.o
 .ARM.attributes
                0x00000347       0x33 Drivers/u8glib/src/u8g_page.o
 .ARM.attributes
                0x0000037a       0x33 Drivers/u8glib/src/u8g_pb.o
 .ARM.attributes
                0x000003ad       0x33 Drivers/u8glib/src/u8g_pb16v1.o
 .ARM.attributes
                0x000003e0       0x33 Drivers/u8glib/src/u8g_pb8v1.o
 .ARM.attributes
                0x00000413       0x33 Drivers/u8glib/src/u8g_rect.o
 .ARM.attributes
                0x00000446       0x33 Drivers/u8glib/src/u8g_state.o
 .ARM.attributes
                0x00000479       0x33 Drivers/STM32F1xx_HAL_Driver/stm32f1xx_hal.o
 .ARM.attributes
                0x000004ac       0x33 Drivers/STM32F1xx_HAL_Driver/stm32f1xx_hal_cortex.o
 .ARM.attributes
                0x000004df       0x33 Drivers/STM32F1xx_HAL_Driver/stm32f1xx_hal_gpio.o
 .ARM.attributes
                0x00000512       0x33 Drivers/STM32F1xx_HAL_Driver/stm32f1xx_hal_rcc.o
 .ARM.attributes
                0x00000545       0x33 Drivers/STM32F1xx_HAL_Driver/stm32f1xx_hal_spi.o
 .ARM.attributes
                0x00000578       0x33 Drivers/STM32F1xx_HAL_Driver/stm32f1xx_hal_spi_ex.o
 .ARM.attributes
                0x000005ab       0x33 Drivers/STM32F1xx_HAL_Driver/stm32f1xx_hal_tim.o
 .ARM.attributes
                0x000005de       0x33 Drivers/STM32F1xx_HAL_Driver/stm32f1xx_hal_tim_ex.o
 .ARM.attributes
                0x00000611       0x33 Drivers/CMSIS/system_stm32f1xx.o
 .ARM.attributes
                0x00000644       0x33 Application/User/gui.o
 .ARM.attributes
                0x00000677       0x33 Application/User/main.o
 .ARM.attributes
                0x000006aa       0x33 Application/User/motor_control.o
 .ARM.attributes
                0x000006dd       0x33 Application/User/stm32f1xx_hal_msp.o
 .ARM.attributes
                0x00000710       0x33 Application/User/stm32f1xx_it.o
 .ARM.attributes
                0x00000743       0x21 Application/SW4STM32/startup_stm32f103xb.o
 .ARM.attributes
                0x00000764       0x1d /home/artsin/bin/SystemWorkbench/plugins/fr.ac6.mcu.externaltools.arm-none.linux64_1.3.0.201507241112/tools/compiler/bin/../lib/gcc/arm-none-eabi/4.9.3/armv7-m/libgcc.a(_arm_addsubsf3.o)
 .ARM.attributes
                0x00000781       0x1d /home/artsin/bin/SystemWorkbench/plugins/fr.ac6.mcu.externaltools.arm-none.linux64_1.3.0.201507241112/tools/compiler/bin/../lib/gcc/arm-none-eabi/4.9.3/armv7-m/libgcc.a(_arm_muldivsf3.o)
 .ARM.attributes
                0x0000079e       0x1d /home/artsin/bin/SystemWorkbench/plugins/fr.ac6.mcu.externaltools.arm-none.linux64_1.3.0.201507241112/tools/compiler/bin/../lib/gcc/arm-none-eabi/4.9.3/armv7-m/libgcc.a(_arm_fixsfsi.o)
 .ARM.attributes
                0x000007bb       0x2d /home/artsin/bin/SystemWorkbench/plugins/fr.ac6.mcu.externaltools.arm-none.linux64_1.3.0.201507241112/tools/compiler/bin/../lib/gcc/arm-none-eabi/4.9.3/../../../../arm-none-eabi/lib/armv7-m/libc_nano.a(lib_a-impure.o)
 .ARM.attributes
                0x000007e8       0x2d /home/artsin/bin/SystemWorkbench/plugins/fr.ac6.mcu.externaltools.arm-none.linux64_1.3.0.201507241112/tools/compiler/bin/../lib/gcc/arm-none-eabi/4.9.3/../../../../arm-none-eabi/lib/armv7-m/libc_nano.a(lib_a-init.o)
 .ARM.attributes
                0x00000815       0x2d /home/artsin/bin/SystemWorkbench/plugins/fr.ac6.mcu.externaltools.arm-none.linux64_1.3.0.201507241112/tools/compiler/bin/../lib/gcc/arm-none-eabi/4.9.3/../../../../arm-none-eabi/lib/armv7-m/libc_nano.a(lib_a-memcpy.o)
 .ARM.attributes
                0x00000842       0x2d /home/artsin/bin/SystemWorkbench/plugins/fr.ac6.mcu.externaltools.arm-none.linux64_1.3.0.201507241112/tools/compiler/bin/../lib/gcc/arm-none-eabi/4.9.3/../../../../arm-none-eabi/lib/armv7-m/libc_nano.a(lib_a-memset.o)
 .ARM.attributes
                0x0000086f       0x2d /home/artsin/bin/SystemWorkbench/plugins/fr.ac6.mcu.externaltools.arm-none.linux64_1.3.0.201507241112/tools/compiler/bin/../lib/gcc/arm-none-eabi/4.9.3/../../../../arm-none-eabi/lib/armv7-m/libc_nano.a(lib_a-sprintf.o)
 .ARM.attributes
                0x0000089c       0x2d /home/artsin/bin/SystemWorkbench/plugins/fr.ac6.mcu.externaltools.arm-none.linux64_1.3.0.201507241112/tools/compiler/bin/../lib/gcc/arm-none-eabi/4.9.3/../../../../arm-none-eabi/lib/armv7-m/libc_nano.a(lib_a-nano-svfprintf.o)
 .ARM.attributes
                0x000008c9       0x2d /home/artsin/bin/SystemWorkbench/plugins/fr.ac6.mcu.externaltools.arm-none.linux64_1.3.0.201507241112/tools/compiler/bin/../lib/gcc/arm-none-eabi/4.9.3/../../../../arm-none-eabi/lib/armv7-m/libc_nano.a(lib_a-nano-vfprintf_i.o)
 .ARM.attributes
                0x000008f6       0x2d /home/artsin/bin/SystemWorkbench/plugins/fr.ac6.mcu.externaltools.arm-none.linux64_1.3.0.201507241112/tools/compiler/bin/../lib/gcc/arm-none-eabi/4.9.3/../../../../arm-none-eabi/lib/armv7-m/libc_nano.a(lib_a-memchr.o)
 .ARM.attributes
                0x00000923       0x2d /home/artsin/bin/SystemWorkbench/plugins/fr.ac6.mcu.externaltools.arm-none.linux64_1.3.0.201507241112/tools/compiler/bin/../lib/gcc/arm-none-eabi/4.9.3/../../../../arm-none-eabi/lib/armv7-m/libc_nano.a(lib_a-memmove.o)
 .ARM.attributes
                0x00000950       0x2d /home/artsin/bin/SystemWorkbench/plugins/fr.ac6.mcu.externaltools.arm-none.linux64_1.3.0.201507241112/tools/compiler/bin/../lib/gcc/arm-none-eabi/4.9.3/../../../../arm-none-eabi/lib/armv7-m/libc_nano.a(lib_a-nano-freer.o)
 .ARM.attributes
                0x0000097d       0x2d /home/artsin/bin/SystemWorkbench/plugins/fr.ac6.mcu.externaltools.arm-none.linux64_1.3.0.201507241112/tools/compiler/bin/../lib/gcc/arm-none-eabi/4.9.3/../../../../arm-none-eabi/lib/armv7-m/libc_nano.a(lib_a-nano-mallocr.o)
 .ARM.attributes
                0x000009aa       0x2d /home/artsin/bin/SystemWorkbench/plugins/fr.ac6.mcu.externaltools.arm-none.linux64_1.3.0.201507241112/tools/compiler/bin/../lib/gcc/arm-none-eabi/4.9.3/../../../../arm-none-eabi/lib/armv7-m/libc_nano.a(lib_a-nano-reallocr.o)
 .ARM.attributes
                0x000009d7       0x2d /home/artsin/bin/SystemWorkbench/plugins/fr.ac6.mcu.externaltools.arm-none.linux64_1.3.0.201507241112/tools/compiler/bin/../lib/gcc/arm-none-eabi/4.9.3/../../../../arm-none-eabi/lib/armv7-m/libc_nano.a(lib_a-sbrkr.o)
 .ARM.attributes
                0x00000a04       0x2d /home/artsin/bin/SystemWorkbench/plugins/fr.ac6.mcu.externaltools.arm-none.linux64_1.3.0.201507241112/tools/compiler/bin/../lib/gcc/arm-none-eabi/4.9.3/../../../../arm-none-eabi/lib/armv7-m/libc_nano.a(lib_a-nano-msizer.o)
 .ARM.attributes
                0x00000a31       0x2d /home/artsin/bin/SystemWorkbench/plugins/fr.ac6.mcu.externaltools.arm-none.linux64_1.3.0.201507241112/tools/compiler/bin/../lib/gcc/arm-none-eabi/4.9.3/../../../../arm-none-eabi/lib/armv7-m/libc_nano.a(lib_a-reent.o)
 .ARM.attributes
                0x00000a5e       0x2d /home/artsin/bin/SystemWorkbench/plugins/fr.ac6.mcu.externaltools.arm-none.linux64_1.3.0.201507241112/tools/compiler/bin/../lib/gcc/arm-none-eabi/4.9.3/../../../../arm-none-eabi/lib/armv7-m/libnosys.a(sbrk.o)
 .ARM.attributes
                0x00000a8b       0x1d /home/artsin/bin/SystemWorkbench/plugins/fr.ac6.mcu.externaltools.arm-none.linux64_1.3.0.201507241112/tools/compiler/bin/../lib/gcc/arm-none-eabi/4.9.3/armv7-m/crtn.o
OUTPUT(injex.elf elf32-littlearm)

.debug_info     0x00000000    0x16561
 .debug_info    0x00000000     0x11b9 Middlewares/FreeRTOS/cmsis_os.o
 .debug_info    0x000011b9      0x301 Middlewares/FreeRTOS/heap_4.o
 .debug_info    0x000014ba      0x2a4 Middlewares/FreeRTOS/list.o
 .debug_info    0x0000175e      0x329 Middlewares/FreeRTOS/port.o
 .debug_info    0x00001a87      0xc4c Middlewares/FreeRTOS/queue.o
 .debug_info    0x000026d3     0x1509 Middlewares/FreeRTOS/tasks.o
 .debug_info    0x00003bdc      0x84b Middlewares/FreeRTOS/timers.o
 .debug_info    0x00004427      0x9c4 Drivers/u8glib/src/u8g_arm.o
 .debug_info    0x00004deb      0x4ec Drivers/u8glib/src/u8g_clip.o
 .debug_info    0x000052d7      0x69c Drivers/u8glib/src/u8g_com_api.o
 .debug_info    0x00005973      0x43c Drivers/u8glib/src/u8g_com_null.o
 .debug_info    0x00005daf      0xa68 Drivers/u8glib/src/u8g_dev_ssd1306_128x64.o
 .debug_info    0x00006817     0x1cbc Drivers/u8glib/src/u8g_font.o
 .debug_info    0x000084d3      0x131 Drivers/u8glib/src/u8g_font_data.o
 .debug_info    0x00008604      0xd53 Drivers/u8glib/src/u8g_ll_api.o
 .debug_info    0x00009357      0x18a Drivers/u8glib/src/u8g_page.o
 .debug_info    0x000094e1      0x6f9 Drivers/u8glib/src/u8g_pb.o
 .debug_info    0x00009bda      0x6af Drivers/u8glib/src/u8g_pb16v1.o
 .debug_info    0x0000a289      0x671 Drivers/u8glib/src/u8g_pb8v1.o
 .debug_info    0x0000a8fa      0x7ae Drivers/u8glib/src/u8g_rect.o
 .debug_info    0x0000b0a8      0x464 Drivers/u8glib/src/u8g_state.o
 .debug_info    0x0000b50c      0x5df Drivers/STM32F1xx_HAL_Driver/stm32f1xx_hal.o
 .debug_info    0x0000baeb      0xaaa Drivers/STM32F1xx_HAL_Driver/stm32f1xx_hal_cortex.o
 .debug_info    0x0000c595      0x5ed Drivers/STM32F1xx_HAL_Driver/stm32f1xx_hal_gpio.o
 .debug_info    0x0000cb82     0x16ab Drivers/STM32F1xx_HAL_Driver/stm32f1xx_hal_rcc.o
 .debug_info    0x0000e22d      0xe52 Drivers/STM32F1xx_HAL_Driver/stm32f1xx_hal_spi.o
 .debug_info    0x0000f07f      0x57f Drivers/STM32F1xx_HAL_Driver/stm32f1xx_hal_spi_ex.o
 .debug_info    0x0000f5fe     0x20f2 Drivers/STM32F1xx_HAL_Driver/stm32f1xx_hal_tim.o
 .debug_info    0x000116f0      0xe8f Drivers/STM32F1xx_HAL_Driver/stm32f1xx_hal_tim_ex.o
 .debug_info    0x0001257f      0x3a4 Drivers/CMSIS/system_stm32f1xx.o
 .debug_info    0x00012923     0x144b Application/User/gui.o
 .debug_info    0x00013d6e     0x10ca Application/User/main.o
 .debug_info    0x00014e38      0x58e Application/User/motor_control.o
 .debug_info    0x000153c6      0xbb7 Application/User/stm32f1xx_hal_msp.o
 .debug_info    0x00015f7d      0x52a Application/User/stm32f1xx_it.o
 .debug_info    0x000164a7       0xba Application/SW4STM32/startup_stm32f103xb.o

.debug_abbrev   0x00000000     0x383b
 .debug_abbrev  0x00000000      0x255 Middlewares/FreeRTOS/cmsis_os.o
 .debug_abbrev  0x00000255      0x159 Middlewares/FreeRTOS/heap_4.o
 .debug_abbrev  0x000003ae       0xbf Middlewares/FreeRTOS/list.o
 .debug_abbrev  0x0000046d      0x1b6 Middlewares/FreeRTOS/port.o
 .debug_abbrev  0x00000623      0x190 Middlewares/FreeRTOS/queue.o
 .debug_abbrev  0x000007b3      0x277 Middlewares/FreeRTOS/tasks.o
 .debug_abbrev  0x00000a2a      0x1a3 Middlewares/FreeRTOS/timers.o
 .debug_abbrev  0x00000bcd      0x1bd Drivers/u8glib/src/u8g_arm.o
 .debug_abbrev  0x00000d8a      0x143 Drivers/u8glib/src/u8g_clip.o
 .debug_abbrev  0x00000ecd      0x13f Drivers/u8glib/src/u8g_com_api.o
 .debug_abbrev  0x0000100c       0xfa Drivers/u8glib/src/u8g_com_null.o
 .debug_abbrev  0x00001106      0x171 Drivers/u8glib/src/u8g_dev_ssd1306_128x64.o
 .debug_abbrev  0x00001277      0x24e Drivers/u8glib/src/u8g_font.o
 .debug_abbrev  0x000014c5       0x6f Drivers/u8glib/src/u8g_font_data.o
 .debug_abbrev  0x00001534      0x1fd Drivers/u8glib/src/u8g_ll_api.o
 .debug_abbrev  0x00001731       0xe7 Drivers/u8glib/src/u8g_page.o
 .debug_abbrev  0x00001818      0x16a Drivers/u8glib/src/u8g_pb.o
 .debug_abbrev  0x00001982      0x14c Drivers/u8glib/src/u8g_pb16v1.o
 .debug_abbrev  0x00001ace      0x14c Drivers/u8glib/src/u8g_pb8v1.o
 .debug_abbrev  0x00001c1a      0x135 Drivers/u8glib/src/u8g_rect.o
 .debug_abbrev  0x00001d4f      0x12c Drivers/u8glib/src/u8g_state.o
 .debug_abbrev  0x00001e7b      0x1f0 Drivers/STM32F1xx_HAL_Driver/stm32f1xx_hal.o
 .debug_abbrev  0x0000206b      0x268 Drivers/STM32F1xx_HAL_Driver/stm32f1xx_hal_cortex.o
 .debug_abbrev  0x000022d3      0x1ad Drivers/STM32F1xx_HAL_Driver/stm32f1xx_hal_gpio.o
 .debug_abbrev  0x00002480      0x2a8 Drivers/STM32F1xx_HAL_Driver/stm32f1xx_hal_rcc.o
 .debug_abbrev  0x00002728      0x1fe Drivers/STM32F1xx_HAL_Driver/stm32f1xx_hal_spi.o
 .debug_abbrev  0x00002926      0x152 Drivers/STM32F1xx_HAL_Driver/stm32f1xx_hal_spi_ex.o
 .debug_abbrev  0x00002a78      0x207 Drivers/STM32F1xx_HAL_Driver/stm32f1xx_hal_tim.o
 .debug_abbrev  0x00002c7f      0x1fe Drivers/STM32F1xx_HAL_Driver/stm32f1xx_hal_tim_ex.o
 .debug_abbrev  0x00002e7d      0x123 Drivers/CMSIS/system_stm32f1xx.o
 .debug_abbrev  0x00002fa0      0x2c7 Application/User/gui.o
 .debug_abbrev  0x00003267      0x204 Application/User/main.o
 .debug_abbrev  0x0000346b      0x131 Application/User/motor_control.o
 .debug_abbrev  0x0000359c      0x15a Application/User/stm32f1xx_hal_msp.o
 .debug_abbrev  0x000036f6      0x133 Application/User/stm32f1xx_it.o
 .debug_abbrev  0x00003829       0x12 Application/SW4STM32/startup_stm32f103xb.o

.debug_aranges  0x00000000     0x1788
 .debug_aranges
                0x00000000      0x1b0 Middlewares/FreeRTOS/cmsis_os.o
 .debug_aranges
                0x000001b0       0x50 Middlewares/FreeRTOS/heap_4.o
 .debug_aranges
                0x00000200       0x40 Middlewares/FreeRTOS/list.o
 .debug_aranges
                0x00000240       0x90 Middlewares/FreeRTOS/port.o
 .debug_aranges
                0x000002d0      0x100 Middlewares/FreeRTOS/queue.o
 .debug_aranges
                0x000003d0      0x1b0 Middlewares/FreeRTOS/tasks.o
 .debug_aranges
                0x00000580       0x98 Middlewares/FreeRTOS/timers.o
 .debug_aranges
                0x00000618       0x38 Drivers/u8glib/src/u8g_arm.o
 .debug_aranges
                0x00000650       0x20 Drivers/u8glib/src/u8g_clip.o
 .debug_aranges
                0x00000670       0x68 Drivers/u8glib/src/u8g_com_api.o
 .debug_aranges
                0x000006d8       0x20 Drivers/u8glib/src/u8g_com_null.o
 .debug_aranges
                0x000006f8       0x40 Drivers/u8glib/src/u8g_dev_ssd1306_128x64.o
 .debug_aranges
                0x00000738      0x2a8 Drivers/u8glib/src/u8g_font.o
 .debug_aranges
                0x000009e0       0x18 Drivers/u8glib/src/u8g_font_data.o
 .debug_aranges
                0x000009f8      0x140 Drivers/u8glib/src/u8g_ll_api.o
 .debug_aranges
                0x00000b38       0x30 Drivers/u8glib/src/u8g_page.o
 .debug_aranges
                0x00000b68       0x50 Drivers/u8glib/src/u8g_pb.o
 .debug_aranges
                0x00000bb8       0x50 Drivers/u8glib/src/u8g_pb16v1.o
 .debug_aranges
                0x00000c08       0x48 Drivers/u8glib/src/u8g_pb8v1.o
 .debug_aranges
                0x00000c50       0x60 Drivers/u8glib/src/u8g_rect.o
 .debug_aranges
                0x00000cb0       0x30 Drivers/u8glib/src/u8g_state.o
 .debug_aranges
                0x00000ce0       0xb0 Drivers/STM32F1xx_HAL_Driver/stm32f1xx_hal.o
 .debug_aranges
                0x00000d90      0x100 Drivers/STM32F1xx_HAL_Driver/stm32f1xx_hal_cortex.o
 .debug_aranges
                0x00000e90       0x58 Drivers/STM32F1xx_HAL_Driver/stm32f1xx_hal_gpio.o
 .debug_aranges
                0x00000ee8       0x88 Drivers/STM32F1xx_HAL_Driver/stm32f1xx_hal_rcc.o
 .debug_aranges
                0x00000f70      0x158 Drivers/STM32F1xx_HAL_Driver/stm32f1xx_hal_spi.o
 .debug_aranges
                0x000010c8       0x28 Drivers/STM32F1xx_HAL_Driver/stm32f1xx_hal_spi_ex.o
 .debug_aranges
                0x000010f0      0x368 Drivers/STM32F1xx_HAL_Driver/stm32f1xx_hal_tim.o
 .debug_aranges
                0x00001458      0x138 Drivers/STM32F1xx_HAL_Driver/stm32f1xx_hal_tim_ex.o
 .debug_aranges
                0x00001590       0x28 Drivers/CMSIS/system_stm32f1xx.o
 .debug_aranges
                0x000015b8       0xb8 Application/User/gui.o
 .debug_aranges
                0x00001670       0x50 Application/User/main.o
 .debug_aranges
                0x000016c0       0x20 Application/User/motor_control.o
 .debug_aranges
                0x000016e0       0x50 Application/User/stm32f1xx_hal_msp.o
 .debug_aranges
                0x00001730       0x30 Application/User/stm32f1xx_it.o
 .debug_aranges
                0x00001760       0x28 Application/SW4STM32/startup_stm32f103xb.o

.debug_ranges   0x00000000     0x1580
 .debug_ranges  0x00000000      0x1a0 Middlewares/FreeRTOS/cmsis_os.o
 .debug_ranges  0x000001a0       0x40 Middlewares/FreeRTOS/heap_4.o
 .debug_ranges  0x000001e0       0x30 Middlewares/FreeRTOS/list.o
 .debug_ranges  0x00000210       0x80 Middlewares/FreeRTOS/port.o
 .debug_ranges  0x00000290       0xf0 Middlewares/FreeRTOS/queue.o
 .debug_ranges  0x00000380      0x1a0 Middlewares/FreeRTOS/tasks.o
 .debug_ranges  0x00000520       0x88 Middlewares/FreeRTOS/timers.o
 .debug_ranges  0x000005a8       0x28 Drivers/u8glib/src/u8g_arm.o
 .debug_ranges  0x000005d0       0x48 Drivers/u8glib/src/u8g_clip.o
 .debug_ranges  0x00000618       0x58 Drivers/u8glib/src/u8g_com_api.o
 .debug_ranges  0x00000670       0x10 Drivers/u8glib/src/u8g_com_null.o
 .debug_ranges  0x00000680       0x30 Drivers/u8glib/src/u8g_dev_ssd1306_128x64.o
 .debug_ranges  0x000006b0      0x298 Drivers/u8glib/src/u8g_font.o
 .debug_ranges  0x00000948      0x130 Drivers/u8glib/src/u8g_ll_api.o
 .debug_ranges  0x00000a78       0x20 Drivers/u8glib/src/u8g_page.o
 .debug_ranges  0x00000a98       0x40 Drivers/u8glib/src/u8g_pb.o
 .debug_ranges  0x00000ad8       0x40 Drivers/u8glib/src/u8g_pb16v1.o
 .debug_ranges  0x00000b18       0x38 Drivers/u8glib/src/u8g_pb8v1.o
 .debug_ranges  0x00000b50       0x50 Drivers/u8glib/src/u8g_rect.o
 .debug_ranges  0x00000ba0       0x20 Drivers/u8glib/src/u8g_state.o
 .debug_ranges  0x00000bc0       0xa0 Drivers/STM32F1xx_HAL_Driver/stm32f1xx_hal.o
 .debug_ranges  0x00000c60       0xf0 Drivers/STM32F1xx_HAL_Driver/stm32f1xx_hal_cortex.o
 .debug_ranges  0x00000d50       0x48 Drivers/STM32F1xx_HAL_Driver/stm32f1xx_hal_gpio.o
 .debug_ranges  0x00000d98       0x78 Drivers/STM32F1xx_HAL_Driver/stm32f1xx_hal_rcc.o
 .debug_ranges  0x00000e10      0x148 Drivers/STM32F1xx_HAL_Driver/stm32f1xx_hal_spi.o
 .debug_ranges  0x00000f58       0x18 Drivers/STM32F1xx_HAL_Driver/stm32f1xx_hal_spi_ex.o
 .debug_ranges  0x00000f70      0x358 Drivers/STM32F1xx_HAL_Driver/stm32f1xx_hal_tim.o
 .debug_ranges  0x000012c8      0x128 Drivers/STM32F1xx_HAL_Driver/stm32f1xx_hal_tim_ex.o
 .debug_ranges  0x000013f0       0x18 Drivers/CMSIS/system_stm32f1xx.o
 .debug_ranges  0x00001408       0xa8 Application/User/gui.o
 .debug_ranges  0x000014b0       0x40 Application/User/main.o
 .debug_ranges  0x000014f0       0x10 Application/User/motor_control.o
 .debug_ranges  0x00001500       0x40 Application/User/stm32f1xx_hal_msp.o
 .debug_ranges  0x00001540       0x20 Application/User/stm32f1xx_it.o
 .debug_ranges  0x00001560       0x20 Application/SW4STM32/startup_stm32f103xb.o

.debug_macro    0x00000000    0x128f2
 .debug_macro   0x00000000      0x1cd Middlewares/FreeRTOS/cmsis_os.o
 .debug_macro   0x000001cd      0x886 Middlewares/FreeRTOS/cmsis_os.o
 .debug_macro   0x00000a53       0x58 Middlewares/FreeRTOS/cmsis_os.o
 .debug_macro   0x00000aab       0x22 Middlewares/FreeRTOS/cmsis_os.o
 .debug_macro   0x00000acd       0x35 Middlewares/FreeRTOS/cmsis_os.o
 .debug_macro   0x00000b02       0x9c Middlewares/FreeRTOS/cmsis_os.o
 .debug_macro   0x00000b9e      0x16d Middlewares/FreeRTOS/cmsis_os.o
 .debug_macro   0x00000d0b       0x4a Middlewares/FreeRTOS/cmsis_os.o
 .debug_macro   0x00000d55       0x52 Middlewares/FreeRTOS/cmsis_os.o
 .debug_macro   0x00000da7       0x16 Middlewares/FreeRTOS/cmsis_os.o
 .debug_macro   0x00000dbd       0x43 Middlewares/FreeRTOS/cmsis_os.o
 .debug_macro   0x00000e00      0x180 Middlewares/FreeRTOS/cmsis_os.o
 .debug_macro   0x00000f80      0x27a Middlewares/FreeRTOS/cmsis_os.o
 .debug_macro   0x000011fa       0x10 Middlewares/FreeRTOS/cmsis_os.o
 .debug_macro   0x0000120a       0x35 Middlewares/FreeRTOS/cmsis_os.o
 .debug_macro   0x0000123f       0x16 Middlewares/FreeRTOS/cmsis_os.o
 .debug_macro   0x00001255       0x1c Middlewares/FreeRTOS/cmsis_os.o
 .debug_macro   0x00001271      0x1f7 Middlewares/FreeRTOS/cmsis_os.o
 .debug_macro   0x00001468       0x26 Middlewares/FreeRTOS/cmsis_os.o
 .debug_macro   0x0000148e       0xc4 Middlewares/FreeRTOS/cmsis_os.o
 .debug_macro   0x00001552       0xee Middlewares/FreeRTOS/cmsis_os.o
 .debug_macro   0x00001640       0x5e Middlewares/FreeRTOS/cmsis_os.o
 .debug_macro   0x0000169e       0xd9 Middlewares/FreeRTOS/cmsis_os.o
 .debug_macro   0x00001777       0x10 Middlewares/FreeRTOS/cmsis_os.o
 .debug_macro   0x00001787       0x1f Middlewares/FreeRTOS/cmsis_os.o
 .debug_macro   0x000017a6      0x3a7 Middlewares/FreeRTOS/cmsis_os.o
 .debug_macro   0x00001b4d       0xc0 Middlewares/FreeRTOS/cmsis_os.o
 .debug_macro   0x00001c0d       0x8c Middlewares/FreeRTOS/cmsis_os.o
 .debug_macro   0x00001c99       0x91 Middlewares/FreeRTOS/cmsis_os.o
 .debug_macro   0x00001d2a       0xb0 Middlewares/FreeRTOS/cmsis_os.o
 .debug_macro   0x00001dda       0x7f Middlewares/FreeRTOS/cmsis_os.o
 .debug_macro   0x00001e59       0xcf Middlewares/FreeRTOS/cmsis_os.o
 .debug_macro   0x00001f28      0x18a Middlewares/FreeRTOS/heap_4.o
 .debug_macro   0x000020b2      0x163 Middlewares/FreeRTOS/list.o
 .debug_macro   0x00002215      0x165 Middlewares/FreeRTOS/port.o
 .debug_macro   0x0000237a      0x1d5 Middlewares/FreeRTOS/queue.o
 .debug_macro   0x0000254f       0x16 Middlewares/FreeRTOS/queue.o
 .debug_macro   0x00002565      0x211 Middlewares/FreeRTOS/tasks.o
 .debug_macro   0x00002776       0x16 Middlewares/FreeRTOS/tasks.o
 .debug_macro   0x0000278c      0x1a0 Middlewares/FreeRTOS/timers.o
 .debug_macro   0x0000292c      0x275 Drivers/u8glib/src/u8g_arm.o
 .debug_macro   0x00002ba1       0x10 Drivers/u8glib/src/u8g_arm.o
 .debug_macro   0x00002bb1      0x3fb Drivers/u8glib/src/u8g_arm.o
 .debug_macro   0x00002fac      0x192 Drivers/u8glib/src/u8g_arm.o
 .debug_macro   0x0000313e       0x2e Drivers/u8glib/src/u8g_arm.o
 .debug_macro   0x0000316c       0x22 Drivers/u8glib/src/u8g_arm.o
 .debug_macro   0x0000318e       0x3a Drivers/u8glib/src/u8g_arm.o